TFORM 4.1 (May 14 2026, v4.1-20131025-926-g64d92a4-dirty) 32 workers  Run: Fri Jun 26 10:36:18 2026
    #-
~~~
~~~reduction X started                 
~~~
  0.77 sec + 1.60 sec: 2.37 sec out of 0.91 sec
~~~
~~~reduction H started                 
~~~
  0.83 sec + 31.68 sec: 32.51 sec out of 2.11 sec
~~~
~~~reduction BMW started                 
~~~
  2.62 sec + 48.50 sec: 51.13 sec out of 4.28 sec
~~~
~~~reduction FG started                 
~~~
~~~
~~~reduce F                
~~~
  7.74 sec + 444.57 sec: 452.32 sec out of 22.11 sec
~~~
~~~reduce V                
~~~
  14.06 sec + 508.02 sec: 522.08 sec out of 30.57 sec
~~~
~~~reduce J
~~~
  24.20 sec + 586.34 sec: 610.55 sec out of 43.37 sec
~~~
~~~reduce T2                
~~~
  28.25 sec + 611.58 sec: 639.84 sec out of 48.04 sec
~~~
~~~reduce G                
~~~
  39.39 sec + 772.46 sec: 811.86 sec out of 64.85 sec
~~~
~~~drr T1                
~~~
~~~
~~~reduce T1                
~~~
  39.80 sec + 774.95 sec: 814.76 sec out of 65.30 sec
~~~
~~~Started 1d reduction        
~~~
  39.88 sec + 775.16 sec: 815.04 sec out of 65.40 sec
  39.88 sec + 881.82 sec: 921.71 sec out of 65.42 sec
