TFORM 4.1 (May 26 2026, v4.1-20131025-926-g64d92a4-dirty) 4 workers  Run: Tue May 26 15:51:54 2026
    #-
~~~
~~~reduction X started                 
~~~
  0.70 sec + 1.17 sec: 1.88 sec out of 1.01 sec
~~~
~~~reduction H started                 
~~~
  0.75 sec + 30.96 sec: 31.72 sec out of 8.69 sec
~~~
~~~reduction BMW started                 
~~~
  2.37 sec + 48.04 sec: 50.42 sec out of 14.63 sec
~~~
~~~reduction FG started                 
~~~
~~~
~~~reduce F                
~~~
  7.37 sec + 439.66 sec: 447.03 sec out of 116.84 sec
~~~
~~~reduce V                
~~~
  13.59 sec + 479.12 sec: 492.72 sec out of 132.39 sec
~~~
~~~reduce J
~~~
  23.41 sec + 541.59 sec: 565.00 sec out of 157.80 sec
~~~
~~~reduce T2                
~~~
  26.90 sec + 567.42 sec: 594.32 sec out of 166.43 sec
~~~
~~~reduce G                
~~~
  37.98 sec + 721.27 sec: 759.26 sec out of 217.21 sec
~~~
~~~drr T1                
~~~
~~~
~~~reduce T1                
~~~
  38.35 sec + 724.53 sec: 762.89 sec out of 218.42 sec
~~~
~~~Started 1d reduction        
~~~
  38.41 sec + 724.71 sec: 763.13 sec out of 218.52 sec
  38.41 sec + 752.78 sec: 791.20 sec out of 218.53 sec
