TFORM 4.1 (May 26 2026, v4.1-20131025-926-g64d92a4-dirty) 4 workers  Run: Tue May 26 16:18:57 2026
    #-
~~~sort-test.h: generating terms: 536870912

Time =       0.00 sec    Generated terms =         64
           test1         Terms in output =         64
                         Bytes used      =       4888

Time =       0.07 sec    Generated terms =    2097152
           test1         Terms in output =    2097152
                         Bytes used      =   50331664
  0.07 sec + 0.76 sec: 0.84 sec out of 0.26 sec
~~~sort-test.h: expand and cancel
             Thread 1 reporting
Time =     312.56 sec    Generated terms =  125389568
           test1         Terms in thread =    2091563
                         Bytes used      =   75296272
             Thread 3 reporting
Time =     312.91 sec    Generated terms =  142918912
           test1         Terms in thread =    2096364
                         Bytes used      =   75469108
             Thread 2 reporting
Time =     313.31 sec    Generated terms =  147916800
           test1         Terms in thread =    2096132
                         Bytes used      =   75460756
             Thread 4 reporting
Time =     313.16 sec    Generated terms =  120645632
           test1         Terms in thread =    2091696
                         Bytes used      =   75301060

Time =       1.06 sec    Generated terms =  536870912
           test1         Terms in output =          0
                         Bytes used      =          4
  1.06 sec + 1251.95 sec: 1253.01 sec out of 314.81 sec

Time =       1.06 sec    Generated terms =          0
           test1         Terms in output =          0
                         Bytes used      =          4
  1.06 sec + 1254.43 sec: 1255.49 sec out of 314.81 sec
