form-bench: da47a18de69c5a511dbe4a6c94e7738c19be4346
	LABEL      = sortbotsfunc64
	TESTDIR    = /tmp
	TIMESTAMP  = 1
	NICE       = 0
	FORM_CMDS  = /z/users/acpereira/software/bin/tformsortbot -w64,/z/users/acpereira/software/bin/tformformmaster -w64
	TESTS      = sort-2-disk
	N          = 30
	DIFFICULTY = 1
Results: /z/users/acpereira/form-bench/output/sortbotsfunc64-1/results/


Running sort-2-disk
Benchmark 1: /z/users/acpereira/software/bin/tformsortbot -w64
  Time (mean ± σ):     39.243 s ±  1.017 s    [User: 942.705 s, System: 20.146 s]
  Range (min … max):   36.044 s … 40.939 s    60 runs
 
Benchmark 2: /z/users/acpereira/software/bin/tformformmaster -w64
  Time (mean ± σ):     42.426 s ±  0.400 s    [User: 940.943 s, System: 19.960 s]
  Range (min … max):   41.702 s … 43.654 s    60 runs
 
Summary
  /z/users/acpereira/software/bin/tformsortbot -w64 ran
    1.08 ± 0.03 times faster than /z/users/acpereira/software/bin/tformformmaster -w64
