form-bench: da47a18de69c5a511dbe4a6c94e7738c19be4346
	LABEL      = sortbotsfunc64
	TESTDIR    = /tmp
	TIMESTAMP  = 1
	NICE       = 0
	FORM_CMDS  = /z/users/acpereira/software/bin/tformsortbot -w64,/z/users/acpereira/software/bin/tformformmaster -w64
	TESTS      = chromatic
	N          = 30
	DIFFICULTY = 1
Results: /z/users/acpereira/form-bench/output/sortbotsfunc64-1/results/


Running chromatic
Benchmark 1: /z/users/acpereira/software/bin/tformsortbot -w64
  Time (mean ± σ):     49.531 s ±  0.254 s    [User: 1274.438 s, System: 13.873 s]
  Range (min … max):   49.053 s … 50.280 s    60 runs
 
Benchmark 2: /z/users/acpereira/software/bin/tformformmaster -w64
  Time (mean ± σ):     49.677 s ±  0.201 s    [User: 1264.623 s, System: 11.121 s]
  Range (min … max):   49.307 s … 50.480 s    60 runs
 
Summary
  /z/users/acpereira/software/bin/tformsortbot -w64 ran
    1.00 ± 0.01 times faster than /z/users/acpereira/software/bin/tformformmaster -w64
