form-bench: 3837147fa544bb6303624318352272dd6314aea2
	LABEL      = sortbotsfunc32
	TESTDIR    = /tmp
	TIMESTAMP  = 1
	NICE       = 0
	FORM_CMDS  = /z/users/acpereira/software/bin/tformsb -w32,/z/users/acpereira/software/bin/tform5.0 -w32
	TESTS      = sort-2-large
	N          = 1
	DIFFICULTY = 1
Results: /z/users/acpereira/form-bench/output/sortbotsfunc32-1/results/


Running sort-2-large
Benchmark 1: /z/users/acpereira/software/bin/tformsb -w32
  Time (mean ± σ):     18.442 s ±  1.164 s    [User: 263.949 s, System: 10.435 s]
  Range (min … max):   16.699 s … 19.932 s    6 runs
 
Benchmark 2: /z/users/acpereira/software/bin/tform5.0 -w32
  Time (mean ± σ):     18.537 s ±  1.068 s    [User: 254.545 s, System: 10.465 s]
  Range (min … max):   17.066 s … 19.558 s    6 runs
 
Summary
  /z/users/acpereira/software/bin/tformsb -w32 ran
    1.01 ± 0.09 times faster than /z/users/acpereira/software/bin/tform5.0 -w32
Traceback (most recent call last):
  File "/z/users/acpereira/form-bench/scripts/plot-compare.py", line 8, in <module>
    import matplotlib.pyplot as plt
ModuleNotFoundError: No module named 'matplotlib'
Cleaning up
