form-bench: d87021830365c4bb5cc68fd45a2038c917b98305
	LABEL      = sortbotsfunc64
	TESTDIR    = /tmp
	TIMESTAMP  = 1
	NICE       = 0
	FORM_CMDS  = /z/users/acpereira/software/bin/tformsortbot -w64,/z/users/acpereira/software/bin/tformformmaster -w64
	TESTS      = chromatic
	N          = 30
	DIFFICULTY = 1
Results: /z/users/acpereira/form-bench/output/sortbotsfunc64-1/results/


Running chromatic
Benchmark 1: /z/users/acpereira/software/bin/tformsortbot -w64
  Time (mean ± σ):     49.531 s ±  0.284 s    [User: 1274.578 s, System: 13.905 s]
  Range (min … max):   48.864 s … 50.222 s    60 runs
 
Benchmark 2: /z/users/acpereira/software/bin/tformformmaster -w64
  Time (mean ± σ):     49.703 s ±  0.173 s    [User: 1265.142 s, System: 11.123 s]
  Range (min … max):   49.295 s … 50.040 s    60 runs
 
Summary
  /z/users/acpereira/software/bin/tformsortbot -w64 ran
    1.00 ± 0.01 times faster than /z/users/acpereira/software/bin/tformformmaster -w64
