form-bench: bb4a8d9575888f158a59a21eea5d34f1cf9b817a
	LABEL      = sortbotsfunc64
	TESTDIR    = /tmp
	TIMESTAMP  = 1
	NICE       = 0
	FORM_CMDS  = /z/users/acpereira/software/bin/tformsortbot -w64,/z/users/acpereira/software/bin/tformformmaster -w64
	TESTS      = sort-2-small
	N          = 30
	DIFFICULTY = 1
Results: /z/users/acpereira/form-bench/output/sortbotsfunc64-1/results/


Running sort-2-small
Benchmark 1: /z/users/acpereira/software/bin/tformsortbot -w64
  Time (mean ± σ):      1.990 s ±  0.086 s    [User: 40.946 s, System: 2.711 s]
  Range (min … max):    1.706 s …  2.186 s    300 runs
 
Benchmark 2: /z/users/acpereira/software/bin/tformformmaster -w64
  Time (mean ± σ):      2.094 s ±  0.068 s    [User: 40.730 s, System: 2.678 s]
  Range (min … max):    1.898 s …  2.299 s    300 runs
 
Summary
  /z/users/acpereira/software/bin/tformsortbot -w64 ran
    1.05 ± 0.06 times faster than /z/users/acpereira/software/bin/tformformmaster -w64
