form-bench: da47a18de69c5a511dbe4a6c94e7738c19be4346
	LABEL      = sortbotsfunc64
	TESTDIR    = /tmp
	TIMESTAMP  = 1
	NICE       = 0
	FORM_CMDS  = /z/users/acpereira/software/bin/tformsortbot -w64,/z/users/acpereira/software/bin/tformformmaster -w64
	TESTS      = sort-2-small
	N          = 30
	DIFFICULTY = 1
Results: /z/users/acpereira/form-bench/output/sortbotsfunc64-1/results/


Running sort-2-small
Benchmark 1: /z/users/acpereira/software/bin/tformsortbot -w64
  Time (mean ± σ):      1.992 s ±  0.075 s    [User: 41.121 s, System: 2.679 s]
  Range (min … max):    1.756 s …  2.176 s    300 runs
 
Benchmark 2: /z/users/acpereira/software/bin/tformformmaster -w64
  Time (mean ± σ):      2.084 s ±  0.061 s    [User: 40.860 s, System: 2.667 s]
  Range (min … max):    1.892 s …  2.256 s    300 runs
 
Summary
  /z/users/acpereira/software/bin/tformsortbot -w64 ran
    1.05 ± 0.05 times faster than /z/users/acpereira/software/bin/tformformmaster -w64
