form-bench: 3837147fa544bb6303624318352272dd6314aea2
	LABEL      = sortbotsfunc32
	TESTDIR    = /tmp
	TIMESTAMP  = 1
	NICE       = 0
	FORM_CMDS  = /z/users/acpereira/software/bin/tformsb -w32,/z/users/acpereira/software/bin/tform5.0 -w32
	TESTS      = sort-2-disk
	N          = 1
	DIFFICULTY = 1
Results: /z/users/acpereira/form-bench/output/sortbotsfunc32-1/results/


Running sort-2-disk
Benchmark 1: /z/users/acpereira/software/bin/tformsb -w32
  Time (mean ± σ):     89.144 s ±  0.235 s    [User: 1823.943 s, System: 39.815 s]
  Range (min … max):   88.977 s … 89.310 s    2 runs
 
Benchmark 2: /z/users/acpereira/software/bin/tform5.0 -w32
  Time (mean ± σ):     100.127 s ±  8.230 s    [User: 1762.865 s, System: 43.722 s]
  Range (min … max):   94.308 s … 105.947 s    2 runs
 
Summary
  /z/users/acpereira/software/bin/tformsb -w32 ran
    1.12 ± 0.09 times faster than /z/users/acpereira/software/bin/tform5.0 -w32
Traceback (most recent call last):
  File "/z/users/acpereira/form-bench/scripts/plot-compare.py", line 8, in <module>
    import matplotlib.pyplot as plt
ModuleNotFoundError: No module named 'matplotlib'
Cleaning up
