form-bench: 769c6db8c7aba43a628e275330234537aa52e323
	LABEL      = sortbotsfunc32
	TESTDIR    = /tmp
	TIMESTAMP  = 1
	NICE       = 0
	FORM_CMDS  = /z/users/acpereira/software/bin/tformsortbot -w32,/z/users/acpereira/software/bin/tformformmaster -w32
	TESTS      = sort-2-large
	N          = 8
	DIFFICULTY = 1
Results: /z/users/acpereira/form-bench/output/sortbotsfunc32-1/results/


Running sort-2-large
Benchmark 1: /z/users/acpereira/software/bin/tformsortbot -w32
  Time (mean ± σ):     17.813 s ±  0.947 s    [User: 259.485 s, System: 10.323 s]
  Range (min … max):   16.302 s … 20.214 s    48 runs
 
Benchmark 2: /z/users/acpereira/software/bin/tformformmaster -w32
  Time (mean ± σ):     19.611 s ±  0.951 s    [User: 255.721 s, System: 10.429 s]
  Range (min … max):   17.915 s … 21.502 s    48 runs
 
Summary
  /z/users/acpereira/software/bin/tformsortbot -w32 ran
    1.10 ± 0.08 times faster than /z/users/acpereira/software/bin/tformformmaster -w32
