form-bench: a0319107a6ea30b991e264dd5603ea53d6f9678d
	LABEL      = sortbotsfunc8
	TESTDIR    = /tmp
	TIMESTAMP  = 1
	NICE       = 0
	FORM_CMDS  = /z/users/acpereira/software/bin/tformsb -w8,/z/users/acpereira/software/bin/tform5.0 -w8
	TESTS      = sort-2-small
	N          = 1
	DIFFICULTY = 1
Results: /z/users/acpereira/form-bench/output/sortbotsfunc8-1/results/


Running sort-2-small
Benchmark 1: /z/users/acpereira/software/bin/tformsb -w8
  Time (mean ± σ):     21.568 s ±  0.395 s    [User: 121.299 s, System: 10.122 s]
  Range (min … max):   20.881 s … 22.287 s    10 runs
 
  Warning: Statistical outliers were detected. Consider re-running this benchmark on a quiet system without any interferences from other programs. It might help to use the '--warmup' or '--prepare' options.
 
Benchmark 2: /z/users/acpereira/software/bin/tform5.0 -w8
  Time (mean ± σ):     22.524 s ±  0.945 s    [User: 118.717 s, System: 9.400 s]
  Range (min … max):   21.433 s … 24.950 s    10 runs
 
Summary
  /z/users/acpereira/software/bin/tformsb -w8 ran
    1.04 ± 0.05 times faster than /z/users/acpereira/software/bin/tform5.0 -w8
