form-bench: da47a18de69c5a511dbe4a6c94e7738c19be4346
	LABEL      = sortbotsfunc64
	TESTDIR    = /tmp
	TIMESTAMP  = 1
	NICE       = 0
	FORM_CMDS  = /z/users/acpereira/software/bin/tformsortbot -w64,/z/users/acpereira/software/bin/tformformmaster -w64
	TESTS      = sort-2-large
	N          = 30
	DIFFICULTY = 1
Results: /z/users/acpereira/form-bench/output/sortbotsfunc64-1/results/


Running sort-2-large
Benchmark 1: /z/users/acpereira/software/bin/tformsortbot -w64
  Time (mean ± σ):      7.815 s ±  0.409 s    [User: 156.021 s, System: 4.600 s]
  Range (min … max):    6.643 s …  8.622 s    180 runs
 
Benchmark 2: /z/users/acpereira/software/bin/tformformmaster -w64
  Time (mean ± σ):      7.790 s ±  0.652 s    [User: 141.534 s, System: 4.055 s]
  Range (min … max):    7.315 s … 15.974 s    180 runs
 
  Warning: Statistical outliers were detected. Consider re-running this benchmark on a quiet system without any interferences from other programs. It might help to use the '--warmup' or '--prepare' options.
 
Summary
  /z/users/acpereira/software/bin/tformformmaster -w64 ran
    1.00 ± 0.10 times faster than /z/users/acpereira/software/bin/tformsortbot -w64
