TFORM 4.1 (May 26 2026, v4.1-20131025-926-g64d92a4-dirty) 64 workers  Run: Wed May 27 09:48:31 2026
    #-
~~~
~~~reduction X started                 
~~~
  0.79 sec + 1.56 sec: 2.36 sec out of 0.91 sec
~~~
~~~reduction H started                 
~~~
  0.84 sec + 29.32 sec: 30.17 sec out of 1.58 sec
~~~
~~~reduction BMW started                 
~~~
  2.51 sec + 47.27 sec: 49.79 sec out of 3.43 sec
~~~
~~~reduction FG started                 
~~~
~~~
~~~reduce F                
~~~
  6.36 sec + 405.75 sec: 412.11 sec out of 14.03 sec
~~~
~~~reduce V                
~~~
  11.51 sec + 530.86 sec: 542.38 sec out of 22.36 sec
~~~
~~~reduce J
~~~
  19.84 sec + 678.90 sec: 698.74 sec out of 36.85 sec
~~~
~~~reduce T2                
~~~
  23.03 sec + 713.63 sec: 736.66 sec out of 40.67 sec
~~~
~~~reduce G                
~~~
  32.06 sec + 892.45 sec: 924.51 sec out of 53.44 sec
~~~
~~~drr T1                
~~~
~~~
~~~reduce T1                
~~~
  32.40 sec + 894.50 sec: 926.90 sec out of 53.82 sec
~~~
~~~Started 1d reduction        
~~~
  32.50 sec + 894.73 sec: 927.23 sec out of 53.94 sec
  32.51 sec + 1020.48 sec: 1052.99 sec out of 53.97 sec
