TFORM 4.1 (May 26 2026, v4.1-20131025-926-g64d92a4-dirty) 64 workers  Run: Wed May 27 09:43:52 2026
    #-
~~~mbox1l: reduction loop...
~~~mbox1l: reduction loop...
~~~mbox1l: reduction loop...
~~~mbox1l: reduction loop...
~~~mbox1l: reduction loop...
~~~mbox1l: reduction loop...
~~~mbox1l: reduction loop...
~~~mbox1l: reduction loop...
~~~mbox1l: reduction loop...
~~~mbox1l: reduction loop...
~~~mbox1l: reduction loop...
~~~mbox1l: reduction loop...
~~~mbox1l: reduction loop...
~~~mbox1l: reduction loop...
~~~mbox1l: reduction loop...
~~~mbox1l: reduction loop...
~~~Merge tmpprf into prf...

   check = 0;

  4.03 sec + 104.79 sec: 108.82 sec out of 9.91 sec
