TFORM 4.1 (May 14 2026, v4.1-20131025-926-g64d92a4-dirty) 16 workers  Run: Fri Jun 26 10:17:39 2026
    #-
~~~sort-test.h: generating terms: 4194304

Time =       0.00 sec    Generated terms =         64
           test1         Terms in output =         64
                         Bytes used      =       4888

Time =       0.00 sec    Generated terms =      65536
           test1         Terms in output =      65536
                         Bytes used      =    1572880
  0.00 sec + 0.07 sec: 0.07 sec out of 0.01 sec
~~~sort-test.h: expand and cancel
             Thread 3 reporting
Time =       3.33 sec    Generated terms =     235584
           test1         Terms in thread =      34384
                         Bytes used      =   11046948
             Thread 11 reporting
Time =       3.33 sec    Generated terms =     235904
           test1         Terms in thread =      30092
                         Bytes used      =    9654652
             Thread 6 reporting
Time =       3.34 sec    Generated terms =     242432
           test1         Terms in thread =      28362
                         Bytes used      =    9105476
             Thread 2 reporting
Time =       3.33 sec    Generated terms =     248384
           test1         Terms in thread =      31107
                         Bytes used      =   10001556
             Thread 10 reporting
Time =       3.34 sec    Generated terms =     253504
           test1         Terms in thread =      33923
                         Bytes used      =   10887980
             Thread 9 reporting
Time =       3.34 sec    Generated terms =     250496
           test1         Terms in thread =      28284
                         Bytes used      =    9092700
             Thread 4 reporting
Time =       3.34 sec    Generated terms =     251648
           test1         Terms in thread =      30388
                         Bytes used      =    9756580
             Thread 8 reporting
Time =       3.35 sec    Generated terms =     252544
           test1         Terms in thread =      27435
                         Bytes used      =    8791452
             Thread 14 reporting
Time =       3.34 sec    Generated terms =     253888
           test1         Terms in thread =      31236
                         Bytes used      =   10012284
             Thread 7 reporting
Time =       3.34 sec    Generated terms =     252608
           test1         Terms in thread =      27420
                         Bytes used      =    8790092
             Thread 5 reporting
Time =       3.35 sec    Generated terms =     259328
           test1         Terms in thread =      31152
                         Bytes used      =   10001292
             Thread 13 reporting
Time =       3.35 sec    Generated terms =     320448
           test1         Terms in thread =      39945
                         Bytes used      =   12815148
             Thread 15 reporting
Time =       3.35 sec    Generated terms =     324288
           test1         Terms in thread =      44460
                         Bytes used      =   14292172
             Thread 16 reporting
Time =       3.35 sec    Generated terms =     267456
           test1         Terms in thread =      26233
                         Bytes used      =    8422044
             Thread 1 reporting
Time =       3.37 sec    Generated terms =     286528
           test1         Terms in thread =      34377
                         Bytes used      =   11031252
             Thread 12 reporting
Time =       3.38 sec    Generated terms =     259264
           test1         Terms in thread =      29216
                         Bytes used      =    9368516

Time =       0.05 sec    Generated terms =    4194304
           test1         Terms in output =          0
                         Bytes used      =          4
  0.05 sec + 53.60 sec: 53.65 sec out of 3.44 sec

Time =       0.05 sec    Generated terms =          0
           test1         Terms in output =          0
                         Bytes used      =          4
  0.06 sec + 54.04 sec: 54.10 sec out of 3.44 sec
