TFORM 4.1 (May 26 2026, v4.1-20131025-926-g64d92a4-dirty) 32 workers  Run: Tue May 26 14:25:17 2026
    #-
~~~
~~~reduction X started                 
~~~
  0.68 sec + 1.51 sec: 2.20 sec out of 0.80 sec
~~~
~~~reduction H started                 
~~~
  0.73 sec + 28.04 sec: 28.77 sec out of 1.82 sec
~~~
~~~reduction BMW started                 
~~~
  2.40 sec + 42.79 sec: 45.19 sec out of 3.76 sec
~~~
~~~reduction FG started                 
~~~
~~~
~~~reduce F                
~~~
  6.22 sec + 373.06 sec: 379.29 sec out of 18.69 sec
~~~
~~~reduce V                
~~~
  11.40 sec + 441.06 sec: 452.47 sec out of 26.04 sec
~~~
~~~reduce J
~~~
  19.78 sec + 521.61 sec: 541.40 sec out of 37.04 sec
~~~
~~~reduce T2                
~~~
  23.01 sec + 545.05 sec: 568.06 sec out of 40.82 sec
~~~
~~~reduce G                
~~~
  32.23 sec + 697.96 sec: 730.20 sec out of 55.20 sec
~~~
~~~drr T1                
~~~
~~~
~~~reduce T1                
~~~
  32.56 sec + 700.14 sec: 732.71 sec out of 55.58 sec
~~~
~~~Started 1d reduction        
~~~
  32.65 sec + 700.34 sec: 732.99 sec out of 55.68 sec
  32.65 sec + 789.41 sec: 822.06 sec out of 55.69 sec
