TFORM 4.1 (May 14 2026, v4.1-20131025-926-g64d92a4-dirty) 64 workers  Run: Fri Jun 26 10:55:23 2026
    #-
~~~
~~~reduction X started                 
~~~
  0.82 sec + 1.96 sec: 2.78 sec out of 0.95 sec
~~~
~~~reduction H started                 
~~~
  0.87 sec + 36.01 sec: 36.89 sec out of 1.76 sec
~~~
~~~reduction BMW started                 
~~~
  2.75 sec + 55.11 sec: 57.86 sec out of 3.84 sec
~~~
~~~reduction FG started                 
~~~
~~~
~~~reduce F                
~~~
  7.96 sec + 461.44 sec: 469.40 sec out of 16.79 sec
~~~
~~~reduce V                
~~~
  14.06 sec + 571.24 sec: 585.30 sec out of 25.86 sec
~~~
~~~reduce J
~~~
  24.24 sec + 702.80 sec: 727.04 sec out of 42.01 sec
~~~
~~~reduce T2                
~~~
  28.25 sec + 735.22 sec: 763.48 sec out of 46.65 sec
~~~
~~~reduce G                
~~~
  38.90 sec + 925.80 sec: 964.70 sec out of 61.76 sec
~~~
~~~drr T1                
~~~
~~~
~~~reduce T1                
~~~
  39.31 sec + 928.19 sec: 967.51 sec out of 62.19 sec
~~~
~~~Started 1d reduction        
~~~
  39.40 sec + 928.44 sec: 967.84 sec out of 62.30 sec
  39.40 sec + 1062.27 sec: 1101.68 sec out of 62.32 sec
