TFORM 4.1 (May 14 2026, v4.1-20131025-926-g64d92a4-dirty) 64 workers  Run: Wed May 20 10:00:28 2026
    #-
~~~mbox1l: reduction loop...
~~~mbox1l: reduction loop...
~~~mbox1l: reduction loop...
~~~mbox1l: reduction loop...
~~~mbox1l: reduction loop...
~~~mbox1l: reduction loop...
~~~mbox1l: reduction loop...
~~~mbox1l: reduction loop...
~~~mbox1l: reduction loop...
~~~mbox1l: reduction loop...
~~~mbox1l: reduction loop...
~~~mbox1l: reduction loop...
~~~mbox1l: reduction loop...
~~~mbox1l: reduction loop...
~~~mbox1l: reduction loop...
~~~mbox1l: reduction loop...
~~~Merge tmpprf into prf...

   check = 0;

  5.19 sec + 119.67 sec: 124.87 sec out of 12.48 sec
