TFORM 4.1 (May 20 2026, v4.1-20131025-926-g64d92a4-dirty) 4 workers  Run: Thu May 21 22:16:19 2026
    #-
~~~mbox1l: reduction loop...
~~~mbox1l: reduction loop...
~~~mbox1l: reduction loop...
~~~mbox1l: reduction loop...
~~~mbox1l: reduction loop...
~~~mbox1l: reduction loop...
~~~mbox1l: reduction loop...
~~~mbox1l: reduction loop...
~~~mbox1l: reduction loop...
~~~mbox1l: reduction loop...
~~~mbox1l: reduction loop...
~~~mbox1l: reduction loop...
~~~mbox1l: reduction loop...
~~~mbox1l: reduction loop...
~~~mbox1l: reduction loop...
~~~mbox1l: reduction loop...
~~~Merge tmpprf into prf...

   check = 0;

  4.81 sec + 107.60 sec: 112.42 sec out of 34.17 sec
