TFORM 4.1 (May 20 2026, v4.1-20131025-926-g64d92a4-dirty) 4 workers  Run: Thu May 21 22:14:18 2026
    #-
~~~sort-test.h: generating terms: 4194304

Time =       0.00 sec    Generated terms =         64
           test1         Terms in output =         64
                         Bytes used      =       4888

Time =       0.00 sec    Generated terms =      65536
           test1         Terms in output =      65536
                         Bytes used      =    1572880
  0.00 sec + 0.02 sec: 0.03 sec out of 0.01 sec
~~~sort-test.h: expand and cancel
             Thread 4 reporting
Time =      11.92 sec    Generated terms =     972416
           test1         Terms in thread =      61516
                         Bytes used      =   19739452
             Thread 1 reporting
Time =      11.94 sec    Generated terms =    1009152
           test1         Terms in thread =      53581
                         Bytes used      =   17215820
             Thread 3 reporting
Time =      11.99 sec    Generated terms =    1067840
           test1         Terms in thread =      59791
                         Bytes used      =   19189708
             Thread 2 reporting
Time =      12.05 sec    Generated terms =    1144896
           test1         Terms in thread =      65060
                         Bytes used      =   20882220

Time =       0.06 sec    Generated terms =    4194304
           test1         Terms in output =          0
                         Bytes used      =          4
  0.06 sec + 47.90 sec: 47.96 sec out of 12.11 sec

Time =       0.06 sec    Generated terms =          0
           test1         Terms in output =          0
                         Bytes used      =          4
  0.06 sec + 48.02 sec: 48.08 sec out of 12.11 sec
