TFORM 4.1 (May 14 2026, v4.1-20131025-926-g64d92a4-dirty) 16 workers  Run: Sat May 16 22:28:02 2026
    #-

Time =       0.00 sec    Generated terms =          4
              F0         Terms in output =          4
                         Bytes used      =        120

Time =       0.00 sec    Generated terms =          4
              F1         Terms in output =          4
                         Bytes used      =        120

Time =       0.00 sec    Generated terms =          4
              F2         Terms in output =          4
                         Bytes used      =        120

Time =       0.00 sec    Generated terms =          4
              F3         Terms in output =          4
                         Bytes used      =        120

Time =       0.00 sec    Generated terms =          4
              F4         Terms in output =          4
                         Bytes used      =        120

Time =       0.00 sec    Generated terms =          4
              F5         Terms in output =          4
                         Bytes used      =        120

Time =       0.00 sec    Generated terms =          4
              F6         Terms in output =          4
                         Bytes used      =        120

Time =       0.00 sec    Generated terms =          4
              F7         Terms in output =          4
                         Bytes used      =        120

Time =       0.00 sec    Generated terms =          4
              F8         Terms in output =          4
                         Bytes used      =        120

Time =       0.00 sec    Generated terms =          4
              F9         Terms in output =          4
                         Bytes used      =        120

Time =       0.00 sec    Generated terms =          4
             F10         Terms in output =          4
                         Bytes used      =        120

Time =       0.00 sec    Generated terms =          4
             F11         Terms in output =          4
                         Bytes used      =        120

Time =       0.00 sec    Generated terms =          4
             F12         Terms in output =          4
                         Bytes used      =        120

Time =       0.00 sec    Generated terms =          2
             F13         Terms in output =          2
                         Bytes used      =         56

Time =       0.00 sec    Generated terms =          4
             F14         Terms in output =          4
                         Bytes used      =        120

Time =       0.00 sec    Generated terms =          4
             F15         Terms in output =          4
                         Bytes used      =        120

Time =       0.00 sec    Generated terms =          4
             F16         Terms in output =          4
                         Bytes used      =        120

Time =       0.00 sec    Generated terms =          4
             F17         Terms in output =          4
                         Bytes used      =        120

Time =       0.00 sec    Generated terms =          4
             F18         Terms in output =          4
                         Bytes used      =        120

Time =       0.00 sec    Generated terms =          4
             F19         Terms in output =          4
                         Bytes used      =        120

Time =       0.00 sec    Generated terms =          4
             F20         Terms in output =          4
                         Bytes used      =        120

Time =       0.00 sec    Generated terms =          4
             F21         Terms in output =          4
                         Bytes used      =        120

Time =       0.00 sec    Generated terms =          4
             F22         Terms in output =          4
                         Bytes used      =        120

Time =       0.00 sec    Generated terms =          4
             F23         Terms in output =          4
                         Bytes used      =        120

Time =       0.00 sec    Generated terms =          4
             F24         Terms in output =          4
                         Bytes used      =        120

Time =       0.00 sec    Generated terms =          4
             F25         Terms in output =          4
                         Bytes used      =        120

Time =       0.00 sec    Generated terms =          4
             F26         Terms in output =          4
                         Bytes used      =        120

Time =       0.00 sec    Generated terms =          2
             F27         Terms in output =          2
                         Bytes used      =         56

Time =       0.01 sec    Generated terms =          4
             F28         Terms in output =          4
                         Bytes used      =        120

Time =       0.01 sec    Generated terms =          4
             F29         Terms in output =          4
                         Bytes used      =        120

Time =       0.01 sec    Generated terms =          4
             F30         Terms in output =          4
                         Bytes used      =        120

Time =       0.01 sec    Generated terms =          4
             F31         Terms in output =          4
                         Bytes used      =        120

Time =       0.01 sec    Generated terms =          4
             F32         Terms in output =          4
                         Bytes used      =        120

Time =       0.01 sec    Generated terms =          4
             F33         Terms in output =          4
                         Bytes used      =        120

Time =       0.01 sec    Generated terms =          4
             F34         Terms in output =          4
                         Bytes used      =        120

Time =       0.01 sec    Generated terms =          4
             F35         Terms in output =          4
                         Bytes used      =        120

Time =       0.01 sec    Generated terms =          4
             F36         Terms in output =          4
                         Bytes used      =        120

Time =       0.01 sec    Generated terms =          4
             F37         Terms in output =          4
                         Bytes used      =        120

Time =       0.01 sec    Generated terms =          4
             F38         Terms in output =          4
                         Bytes used      =        120

Time =       0.01 sec    Generated terms =          4
             F39         Terms in output =          4
                         Bytes used      =        120

Time =       0.01 sec    Generated terms =          4
             F40         Terms in output =          4
                         Bytes used      =        120

Time =       0.01 sec    Generated terms =          2
             F41         Terms in output =          2
                         Bytes used      =         56

Time =       0.01 sec    Generated terms =          4
             F42         Terms in output =          4
                         Bytes used      =        120

Time =       0.01 sec    Generated terms =          4
             F43         Terms in output =          4
                         Bytes used      =        120

Time =       0.01 sec    Generated terms =          4
             F44         Terms in output =          4
                         Bytes used      =        120

Time =       0.01 sec    Generated terms =          4
             F45         Terms in output =          4
                         Bytes used      =        120

Time =       0.01 sec    Generated terms =          4
             F46         Terms in output =          4
                         Bytes used      =        120

Time =       0.01 sec    Generated terms =          4
             F47         Terms in output =          4
                         Bytes used      =        120

Time =       0.01 sec    Generated terms =          4
             F48         Terms in output =          4
                         Bytes used      =        120

Time =       0.01 sec    Generated terms =          4
             F49         Terms in output =          4
                         Bytes used      =        120

Time =       0.01 sec    Generated terms =          4
             F50         Terms in output =          4
                         Bytes used      =        120

Time =       0.01 sec    Generated terms =          4
             F51         Terms in output =          4
                         Bytes used      =        120

Time =       0.01 sec    Generated terms =          4
             F52         Terms in output =          4
                         Bytes used      =        120

Time =       0.01 sec    Generated terms =          4
             F53         Terms in output =          4
                         Bytes used      =        120

Time =       0.01 sec    Generated terms =          4
             F54         Terms in output =          4
                         Bytes used      =        120

Time =       0.01 sec    Generated terms =          2
             F55         Terms in output =          2
                         Bytes used      =         56

Time =       0.01 sec    Generated terms =          4
             F56         Terms in output =          4
                         Bytes used      =        120

Time =       0.01 sec    Generated terms =          4
             F57         Terms in output =          4
                         Bytes used      =        120

Time =       0.01 sec    Generated terms =          4
             F58         Terms in output =          4
                         Bytes used      =        120

Time =       0.01 sec    Generated terms =          4
             F59         Terms in output =          4
                         Bytes used      =        120

Time =       0.01 sec    Generated terms =          4
             F60         Terms in output =          4
                         Bytes used      =        120

Time =       0.01 sec    Generated terms =          4
             F61         Terms in output =          4
                         Bytes used      =        120

Time =       0.01 sec    Generated terms =          4
             F62         Terms in output =          4
                         Bytes used      =        120

Time =       0.01 sec    Generated terms =          4
             F63         Terms in output =          4
                         Bytes used      =        120

Time =       0.01 sec    Generated terms =          4
             F64         Terms in output =          4
                         Bytes used      =        120

Time =       0.01 sec    Generated terms =          4
             F65         Terms in output =          4
                         Bytes used      =        120

Time =       0.01 sec    Generated terms =          4
             F66         Terms in output =          4
                         Bytes used      =        120

Time =       0.01 sec    Generated terms =          4
             F67         Terms in output =          4
                         Bytes used      =        120

Time =       0.01 sec    Generated terms =          4
             F68         Terms in output =          4
                         Bytes used      =        120

Time =       0.01 sec    Generated terms =          2
             F69         Terms in output =          2
                         Bytes used      =         56

Time =       0.01 sec    Generated terms =          4
             F70         Terms in output =          4
                         Bytes used      =        120

Time =       0.01 sec    Generated terms =          4
             F71         Terms in output =          4
                         Bytes used      =        120

Time =       0.01 sec    Generated terms =          4
             F72         Terms in output =          4
                         Bytes used      =        120

Time =       0.01 sec    Generated terms =          4
             F73         Terms in output =          4
                         Bytes used      =        120

Time =       0.01 sec    Generated terms =          4
             F74         Terms in output =          4
                         Bytes used      =        120

Time =       0.01 sec    Generated terms =          4
             F75         Terms in output =          4
                         Bytes used      =        120

Time =       0.01 sec    Generated terms =          4
             F76         Terms in output =          4
                         Bytes used      =        120

Time =       0.02 sec    Generated terms =          4
             F77         Terms in output =          4
                         Bytes used      =        120

Time =       0.02 sec    Generated terms =          4
             F78         Terms in output =          4
                         Bytes used      =        120

Time =       0.02 sec    Generated terms =          4
             F79         Terms in output =          4
                         Bytes used      =        120

Time =       0.02 sec    Generated terms =          4
             F80         Terms in output =          4
                         Bytes used      =        120

Time =       0.02 sec    Generated terms =          4
             F81         Terms in output =          4
                         Bytes used      =        120

Time =       0.02 sec    Generated terms =          4
             F82         Terms in output =          4
                         Bytes used      =        120

Time =       0.02 sec    Generated terms =          2
             F83         Terms in output =          2
                         Bytes used      =         56

Time =       0.02 sec    Generated terms =          4
             F84         Terms in output =          4
                         Bytes used      =        120

Time =       0.02 sec    Generated terms =          4
             F85         Terms in output =          4
                         Bytes used      =        120

Time =       0.02 sec    Generated terms =          4
             F86         Terms in output =          4
                         Bytes used      =        120

Time =       0.02 sec    Generated terms =          4
             F87         Terms in output =          4
                         Bytes used      =        120

Time =       0.02 sec    Generated terms =          4
             F88         Terms in output =          4
                         Bytes used      =        120

Time =       0.02 sec    Generated terms =          4
             F89         Terms in output =          4
                         Bytes used      =        120

Time =       0.02 sec    Generated terms =          4
             F90         Terms in output =          4
                         Bytes used      =        120

Time =       0.02 sec    Generated terms =          4
             F91         Terms in output =          4
                         Bytes used      =        120

Time =       0.02 sec    Generated terms =          4
             F92         Terms in output =          4
                         Bytes used      =        120

Time =       0.02 sec    Generated terms =          4
             F93         Terms in output =          4
                         Bytes used      =        120

Time =       0.02 sec    Generated terms =          4
             F94         Terms in output =          4
                         Bytes used      =        120

Time =       0.02 sec    Generated terms =          4
             F95         Terms in output =          4
                         Bytes used      =        120

Time =       0.02 sec    Generated terms =          4
             F96         Terms in output =          4
                         Bytes used      =        120

Time =       0.02 sec    Generated terms =          2
             F97         Terms in output =          2
                         Bytes used      =         56

Time =       0.02 sec    Generated terms =          4
             F98         Terms in output =          4
                         Bytes used      =        120

Time =       0.02 sec    Generated terms =          4
             F99         Terms in output =          4
                         Bytes used      =        120

Time =       0.02 sec    Generated terms =          4
            F100         Terms in output =          4
                         Bytes used      =        120

Time =       0.02 sec    Generated terms =          4
            F101         Terms in output =          4
                         Bytes used      =        120

Time =       0.02 sec    Generated terms =          4
            F102         Terms in output =          4
                         Bytes used      =        120

Time =       0.02 sec    Generated terms =          4
            F103         Terms in output =          4
                         Bytes used      =        120

Time =       0.02 sec    Generated terms =          4
            F104         Terms in output =          4
                         Bytes used      =        120

Time =       0.02 sec    Generated terms =          4
            F105         Terms in output =          4
                         Bytes used      =        120

Time =       0.02 sec    Generated terms =          4
            F106         Terms in output =          4
                         Bytes used      =        120

Time =       0.02 sec    Generated terms =          4
            F107         Terms in output =          4
                         Bytes used      =        120

Time =       0.02 sec    Generated terms =          4
            F108         Terms in output =          4
                         Bytes used      =        120

Time =       0.02 sec    Generated terms =          4
            F109         Terms in output =          4
                         Bytes used      =        120

Time =       0.02 sec    Generated terms =          4
            F110         Terms in output =          4
                         Bytes used      =        120

Time =       0.02 sec    Generated terms =          2
            F111         Terms in output =          2
                         Bytes used      =         56

Time =       0.02 sec    Generated terms =          4
            F112         Terms in output =          4
                         Bytes used      =        120

Time =       0.02 sec    Generated terms =          4
            F113         Terms in output =          4
                         Bytes used      =        120

Time =       0.02 sec    Generated terms =          4
            F114         Terms in output =          4
                         Bytes used      =        120

Time =       0.02 sec    Generated terms =          4
            F115         Terms in output =          4
                         Bytes used      =        120

Time =       0.02 sec    Generated terms =          4
            F116         Terms in output =          4
                         Bytes used      =        120

Time =       0.02 sec    Generated terms =          4
            F117         Terms in output =          4
                         Bytes used      =        120

Time =       0.02 sec    Generated terms =          4
            F118         Terms in output =          4
                         Bytes used      =        120

Time =       0.02 sec    Generated terms =          4
            F119         Terms in output =          4
                         Bytes used      =        120

Time =       0.02 sec    Generated terms =          4
            F120         Terms in output =          4
                         Bytes used      =        120

Time =       0.02 sec    Generated terms =          4
            F121         Terms in output =          4
                         Bytes used      =        120

Time =       0.02 sec    Generated terms =          4
            F122         Terms in output =          4
                         Bytes used      =        120

Time =       0.02 sec    Generated terms =          4
            F123         Terms in output =          4
                         Bytes used      =        120

Time =       0.02 sec    Generated terms =          4
            F124         Terms in output =          4
                         Bytes used      =        120

Time =       0.02 sec    Generated terms =          2
            F125         Terms in output =          2
                         Bytes used      =         56

Time =       0.02 sec    Generated terms =          4
            F126         Terms in output =          4
                         Bytes used      =        120

Time =       0.02 sec    Generated terms =          4
            F127         Terms in output =          4
                         Bytes used      =        120

Time =       0.03 sec    Generated terms =          4
            F128         Terms in output =          4
                         Bytes used      =        120

Time =       0.03 sec    Generated terms =          4
            F129         Terms in output =          4
                         Bytes used      =        120

Time =       0.03 sec    Generated terms =          4
            F130         Terms in output =          4
                         Bytes used      =        120

Time =       0.03 sec    Generated terms =          4
            F131         Terms in output =          4
                         Bytes used      =        120

Time =       0.03 sec    Generated terms =          4
            F132         Terms in output =          4
                         Bytes used      =        120

Time =       0.03 sec    Generated terms =          4
            F133         Terms in output =          4
                         Bytes used      =        120

Time =       0.03 sec    Generated terms =          4
            F134         Terms in output =          4
                         Bytes used      =        120

Time =       0.03 sec    Generated terms =          4
            F135         Terms in output =          4
                         Bytes used      =        120

Time =       0.03 sec    Generated terms =          4
            F136         Terms in output =          4
                         Bytes used      =        120

Time =       0.03 sec    Generated terms =          4
            F137         Terms in output =          4
                         Bytes used      =        120

Time =       0.03 sec    Generated terms =          4
            F138         Terms in output =          4
                         Bytes used      =        120

Time =       0.03 sec    Generated terms =          2
            F139         Terms in output =          2
                         Bytes used      =         56

Time =       0.03 sec    Generated terms =          4
            F140         Terms in output =          4
                         Bytes used      =        120

Time =       0.03 sec    Generated terms =          4
            F141         Terms in output =          4
                         Bytes used      =        120

Time =       0.03 sec    Generated terms =          4
            F142         Terms in output =          4
                         Bytes used      =        120

Time =       0.03 sec    Generated terms =          4
            F143         Terms in output =          4
                         Bytes used      =        120

Time =       0.03 sec    Generated terms =          4
            F144         Terms in output =          4
                         Bytes used      =        120

Time =       0.03 sec    Generated terms =          4
            F145         Terms in output =          4
                         Bytes used      =        120

Time =       0.03 sec    Generated terms =          4
            F146         Terms in output =          4
                         Bytes used      =        120

Time =       0.03 sec    Generated terms =          4
            F147         Terms in output =          4
                         Bytes used      =        120

Time =       0.03 sec    Generated terms =          4
            F148         Terms in output =          4
                         Bytes used      =        120

Time =       0.03 sec    Generated terms =          4
            F149         Terms in output =          4
                         Bytes used      =        120

Time =       0.03 sec    Generated terms =          4
            F150         Terms in output =          4
                         Bytes used      =        120

Time =       0.03 sec    Generated terms =          4
            F151         Terms in output =          4
                         Bytes used      =        120

Time =       0.03 sec    Generated terms =          4
            F152         Terms in output =          4
                         Bytes used      =        120

Time =       0.03 sec    Generated terms =          2
            F153         Terms in output =          2
                         Bytes used      =         56

Time =       0.03 sec    Generated terms =          4
            F154         Terms in output =          4
                         Bytes used      =        120

Time =       0.03 sec    Generated terms =          4
            F155         Terms in output =          4
                         Bytes used      =        120

Time =       0.03 sec    Generated terms =          4
            F156         Terms in output =          4
                         Bytes used      =        120

Time =       0.03 sec    Generated terms =          4
            F157         Terms in output =          4
                         Bytes used      =        120

Time =       0.03 sec    Generated terms =          4
            F158         Terms in output =          4
                         Bytes used      =        120

Time =       0.03 sec    Generated terms =          4
            F159         Terms in output =          4
                         Bytes used      =        120

Time =       0.03 sec    Generated terms =          4
            F160         Terms in output =          4
                         Bytes used      =        120

Time =       0.03 sec    Generated terms =          4
            F161         Terms in output =          4
                         Bytes used      =        120

Time =       0.03 sec    Generated terms =          4
            F162         Terms in output =          4
                         Bytes used      =        120

Time =       0.03 sec    Generated terms =          4
            F163         Terms in output =          4
                         Bytes used      =        120

Time =       0.03 sec    Generated terms =          4
            F164         Terms in output =          4
                         Bytes used      =        120

Time =       0.03 sec    Generated terms =          4
            F165         Terms in output =          4
                         Bytes used      =        120

Time =       0.03 sec    Generated terms =          4
            F166         Terms in output =          4
                         Bytes used      =        120

Time =       0.03 sec    Generated terms =          2
            F167         Terms in output =          2
                         Bytes used      =         56

Time =       0.03 sec    Generated terms =          4
            F168         Terms in output =          4
                         Bytes used      =        120

Time =       0.03 sec    Generated terms =          4
            F169         Terms in output =          4
                         Bytes used      =        120

Time =       0.03 sec    Generated terms =          4
            F170         Terms in output =          4
                         Bytes used      =        120

Time =       0.03 sec    Generated terms =          4
            F171         Terms in output =          4
                         Bytes used      =        120

Time =       0.03 sec    Generated terms =          4
            F172         Terms in output =          4
                         Bytes used      =        120

Time =       0.03 sec    Generated terms =          4
            F173         Terms in output =          4
                         Bytes used      =        120

Time =       0.03 sec    Generated terms =          4
            F174         Terms in output =          4
                         Bytes used      =        120

Time =       0.03 sec    Generated terms =          4
            F175         Terms in output =          4
                         Bytes used      =        120

Time =       0.03 sec    Generated terms =          4
            F176         Terms in output =          4
                         Bytes used      =        120

Time =       0.04 sec    Generated terms =          4
            F177         Terms in output =          4
                         Bytes used      =        120

Time =       0.04 sec    Generated terms =          4
            F178         Terms in output =          4
                         Bytes used      =        120

Time =       0.04 sec    Generated terms =          4
            F179         Terms in output =          4
                         Bytes used      =        120

Time =       0.04 sec    Generated terms =          4
            F180         Terms in output =          4
                         Bytes used      =        120

Time =       0.04 sec    Generated terms =          2
            F181         Terms in output =          2
                         Bytes used      =         56

Time =       0.04 sec    Generated terms =          2
            F182         Terms in output =          2
                         Bytes used      =         56

Time =       0.04 sec    Generated terms =          2
            F183         Terms in output =          2
                         Bytes used      =         56

Time =       0.04 sec    Generated terms =          2
            F184         Terms in output =          2
                         Bytes used      =         56

Time =       0.04 sec    Generated terms =          2
            F185         Terms in output =          2
                         Bytes used      =         56

Time =       0.04 sec    Generated terms =          2
            F186         Terms in output =          2
                         Bytes used      =         56

Time =       0.04 sec    Generated terms =          2
            F187         Terms in output =          2
                         Bytes used      =         56

Time =       0.04 sec    Generated terms =          2
            F188         Terms in output =          2
                         Bytes used      =         56

Time =       0.04 sec    Generated terms =          2
            F189         Terms in output =          2
                         Bytes used      =         56

Time =       0.04 sec    Generated terms =          2
            F190         Terms in output =          2
                         Bytes used      =         56

Time =       0.04 sec    Generated terms =          2
            F191         Terms in output =          2
                         Bytes used      =         56

Time =       0.04 sec    Generated terms =          2
            F192         Terms in output =          2
                         Bytes used      =         56

Time =       0.04 sec    Generated terms =          2
            F193         Terms in output =          2
                         Bytes used      =         56

Time =       0.04 sec    Generated terms =          2
            F194         Terms in output =          2
                         Bytes used      =         56

Time =       0.04 sec    Generated terms =          1
            F195         Terms in output =          1
                         Bytes used      =         20
  0.04 sec + 0.10 sec: 0.15 sec out of 0.06 sec
~~~iter 0/195

Time =       0.04 sec    Generated terms =          4
               F         Terms in output =          2
                       0 Bytes used      =        144
  0.04 sec + 0.11 sec: 0.15 sec out of 0.06 sec
~~~iter 1/195

Time =       0.04 sec    Generated terms =          6
               F         Terms in output =          3
                       1 Bytes used      =        268
  0.04 sec + 0.11 sec: 0.15 sec out of 0.06 sec
~~~iter 2/195

Time =       0.04 sec    Generated terms =         10
               F         Terms in output =          6
                       2 Bytes used      =        532
  0.04 sec + 0.11 sec: 0.15 sec out of 0.06 sec
~~~iter 3/195

Time =       0.04 sec    Generated terms =         20
               F         Terms in output =         12
                       3 Bytes used      =       1132
  0.04 sec + 0.11 sec: 0.15 sec out of 0.06 sec
~~~iter 4/195

Time =       0.04 sec    Generated terms =         40
               F         Terms in output =         24
                       4 Bytes used      =       2396
  0.04 sec + 0.11 sec: 0.15 sec out of 0.06 sec
~~~iter 5/195

Time =       0.04 sec    Generated terms =         80
               F         Terms in output =         48
                       5 Bytes used      =       5040
  0.04 sec + 0.11 sec: 0.16 sec out of 0.06 sec
~~~iter 6/195

Time =       0.04 sec    Generated terms =        160
               F         Terms in output =         96
                       6 Bytes used      =      10560
  0.04 sec + 0.12 sec: 0.16 sec out of 0.07 sec
~~~iter 7/195

Time =       0.04 sec    Generated terms =        320
               F         Terms in output =        192
                       7 Bytes used      =      22024
  0.04 sec + 0.12 sec: 0.17 sec out of 0.07 sec
~~~iter 8/195

Time =       0.04 sec    Generated terms =        640
               F         Terms in output =        384
                       8 Bytes used      =      45808
  0.04 sec + 0.13 sec: 0.18 sec out of 0.07 sec
~~~iter 9/195

Time =       0.04 sec    Generated terms =       1280
               F         Terms in output =        768
                       9 Bytes used      =      95080
  0.04 sec + 0.14 sec: 0.19 sec out of 0.07 sec
~~~iter 10/195

Time =       0.05 sec    Generated terms =       2560
               F         Terms in output =       1536
                      10 Bytes used      =     196984
  0.05 sec + 0.17 sec: 0.22 sec out of 0.08 sec
~~~iter 11/195

Time =       0.05 sec    Generated terms =       5120
               F         Terms in output =       3072
                      11 Bytes used      =     407456
  0.05 sec + 0.22 sec: 0.27 sec out of 0.08 sec
~~~iter 12/195

Time =       0.05 sec    Generated terms =      10240
               F         Terms in output =       6144
                      12 Bytes used      =     841624
  0.05 sec + 0.30 sec: 0.36 sec out of 0.09 sec
~~~iter 13/195

Time =       0.05 sec    Generated terms =      10240
               F         Terms in output =       4096
                      13 Bytes used      =     636556
  0.05 sec + 0.39 sec: 0.45 sec out of 0.09 sec
~~~iter 14/195

Time =       0.06 sec    Generated terms =      14336
               F         Terms in output =       6144
                      14 Bytes used      =    1087204
  0.06 sec + 0.51 sec: 0.57 sec out of 0.10 sec
~~~iter 15/195

Time =       0.06 sec    Generated terms =      17920
               F         Terms in output =       6144
                      15 Bytes used      =    1232704
  0.06 sec + 0.68 sec: 0.75 sec out of 0.12 sec
~~~iter 16/195

Time =       0.07 sec    Generated terms =      18176
               F         Terms in output =       6656
                      16 Bytes used      =    1504828
  0.07 sec + 0.86 sec: 0.93 sec out of 0.13 sec
~~~iter 17/195

Time =       0.07 sec    Generated terms =      19968
               F         Terms in output =       7680
                      17 Bytes used      =    1844804
  0.07 sec + 1.07 sec: 1.14 sec out of 0.15 sec
~~~iter 18/195

Time =       0.08 sec    Generated terms =      23296
               F         Terms in output =       9088
                      18 Bytes used      =    2275468
  0.08 sec + 1.31 sec: 1.39 sec out of 0.16 sec
~~~iter 19/195

Time =       0.08 sec    Generated terms =      27744
               F         Terms in output =      10880
                      19 Bytes used      =    2822852
  0.08 sec + 1.60 sec: 1.68 sec out of 0.19 sec
~~~iter 20/195

Time =       0.09 sec    Generated terms =      33360
               F         Terms in output =      13088
                      20 Bytes used      =    3511268
  0.09 sec + 1.95 sec: 2.05 sec out of 0.21 sec
~~~iter 21/195

Time =       0.10 sec    Generated terms =      40240
               F         Terms in output =      15776
                      21 Bytes used      =    4373256
  0.10 sec + 2.39 sec: 2.49 sec out of 0.24 sec
~~~iter 22/195

Time =       0.11 sec    Generated terms =      48592
               F         Terms in output =      19032
                      22 Bytes used      =    5448504
  0.11 sec + 2.90 sec: 3.01 sec out of 0.28 sec
~~~iter 23/195

Time =       0.12 sec    Generated terms =      58690
               F         Terms in output =      22968
                      23 Bytes used      =    6783600
  0.12 sec + 3.52 sec: 3.65 sec out of 0.33 sec
~~~iter 24/195

Time =       0.13 sec    Generated terms =      70883
               F         Terms in output =      27722
                      24 Bytes used      =    8424012
  0.13 sec + 4.29 sec: 4.42 sec out of 0.39 sec
~~~iter 25/195

Time =       0.15 sec    Generated terms =      80698
               F         Terms in output =      33462
                      25 Bytes used      =   10472760
  0.15 sec + 5.22 sec: 5.38 sec out of 0.46 sec
~~~iter 26/195

Time =       0.17 sec    Generated terms =     104302
               F         Terms in output =      33462
                      26 Bytes used      =   11828616
  0.17 sec + 6.44 sec: 6.62 sec out of 0.56 sec
~~~iter 27/195

Time =       0.19 sec    Generated terms =      57123
               F         Terms in output =      23661
                      27 Bytes used      =    8547416
  0.19 sec + 6.96 sec: 7.16 sec out of 0.60 sec
~~~iter 28/195

Time =       0.20 sec    Generated terms =      83052
               F         Terms in output =      33462
                      28 Bytes used      =   12919272
  0.20 sec + 7.82 sec: 8.03 sec out of 0.66 sec
~~~iter 29/195

Time =       0.23 sec    Generated terms =      98194
               F         Terms in output =      33462
                      29 Bytes used      =   13480776
  0.23 sec + 9.06 sec: 9.30 sec out of 0.76 sec
~~~iter 30/195

Time =       0.25 sec    Generated terms =      98549
               F         Terms in output =      33462
                      30 Bytes used      =   14466736
  0.25 sec + 10.35 sec: 10.61 sec out of 0.85 sec
~~~iter 31/195

Time =       0.28 sec    Generated terms =      98700
               F         Terms in output =      34158
                      31 Bytes used      =   15719748
  0.28 sec + 11.60 sec: 11.88 sec out of 0.94 sec
~~~iter 32/195

Time =       0.30 sec    Generated terms =     101384
               F         Terms in output =      35598
                      32 Bytes used      =   17177360
  0.30 sec + 12.89 sec: 13.20 sec out of 1.03 sec
~~~iter 33/195

Time =       0.33 sec    Generated terms =     106053
               F         Terms in output =      37621
                      33 Bytes used      =   18863084
  0.33 sec + 14.18 sec: 14.51 sec out of 1.13 sec
~~~iter 34/195

Time =       0.36 sec    Generated terms =     112430
               F         Terms in output =      40120
                      34 Bytes used      =   20800212
  0.36 sec + 15.61 sec: 15.98 sec out of 1.24 sec
~~~iter 35/195

Time =       0.40 sec    Generated terms =     120022
               F         Terms in output =      43000
                      35 Bytes used      =   23003120
  0.40 sec + 17.16 sec: 17.56 sec out of 1.37 sec
~~~iter 36/195

Time =       0.43 sec    Generated terms =     128648
               F         Terms in output =      46152
                      36 Bytes used      =   25459784
  0.43 sec + 18.83 sec: 19.27 sec out of 1.51 sec
~~~iter 37/195

Time =       0.47 sec    Generated terms =     137174
               F         Terms in output =      49329
                      37 Bytes used      =   28140708
  0.47 sec + 20.62 sec: 21.10 sec out of 1.65 sec
~~~iter 38/195

Time =       0.51 sec    Generated terms =     145747
               F         Terms in output =      52146
                      38 Bytes used      =   30983712
  0.51 sec + 22.53 sec: 23.05 sec out of 1.80 sec
~~~iter 39/195

Time =       0.56 sec    Generated terms =     152296
               F         Terms in output =      52146
                      39 Bytes used      =   33524792
  0.56 sec + 24.58 sec: 25.14 sec out of 1.96 sec
~~~iter 40/195

Time =       0.61 sec    Generated terms =     162090
               F         Terms in output =      52146
                      40 Bytes used      =   35856240
  0.61 sec + 26.74 sec: 27.36 sec out of 2.13 sec
~~~iter 41/195

Time =       0.65 sec    Generated terms =      89847
               F         Terms in output =      37701
                      41 Bytes used      =   26012704
  0.65 sec + 27.70 sec: 28.35 sec out of 2.22 sec
~~~iter 42/195

Time =       0.71 sec    Generated terms =     131418
               F         Terms in output =      52146
                      42 Bytes used      =   37927952
  0.71 sec + 29.33 sec: 30.04 sec out of 2.36 sec
~~~iter 43/195

Time =       0.77 sec    Generated terms =     153864
               F         Terms in output =      52146
                      43 Bytes used      =   39045092
  0.77 sec + 31.48 sec: 32.25 sec out of 2.55 sec
~~~iter 44/195

Time =       0.83 sec    Generated terms =     153484
               F         Terms in output =      52146
                      44 Bytes used      =   40827836
  0.83 sec + 33.65 sec: 34.48 sec out of 2.73 sec
~~~iter 45/195

Time =       0.89 sec    Generated terms =     153237
               F         Terms in output =      52146
                      45 Bytes used      =   42945112
  0.89 sec + 35.84 sec: 36.73 sec out of 2.92 sec
~~~iter 46/195

Time =       0.95 sec    Generated terms =     153408
               F         Terms in output =      52434
                      46 Bytes used      =   45313988
  0.96 sec + 38.03 sec: 38.99 sec out of 3.10 sec
~~~iter 47/195

Time =       1.03 sec    Generated terms =     154387
               F         Terms in output =      53070
                      47 Bytes used      =   47900172
  1.03 sec + 40.27 sec: 41.30 sec out of 3.30 sec
~~~iter 48/195

Time =       1.10 sec    Generated terms =     156347
               F         Terms in output =      53982
                      48 Bytes used      =   50690896
  1.10 sec + 42.57 sec: 43.68 sec out of 3.52 sec
~~~iter 49/195

Time =       1.18 sec    Generated terms =     158951
               F         Terms in output =      55048
                      49 Bytes used      =   53681564
  1.18 sec + 44.91 sec: 46.10 sec out of 3.73 sec
~~~iter 50/195

Time =       1.27 sec    Generated terms =     161911
               F         Terms in output =      56080
                      50 Bytes used      =   56844304
  1.27 sec + 47.32 sec: 48.60 sec out of 3.95 sec
~~~iter 51/195

Time =       1.36 sec    Generated terms =     164366
               F         Terms in output =      56854
                      51 Bytes used      =   60098956
  1.36 sec + 49.82 sec: 51.18 sec out of 4.16 sec
~~~iter 52/195

Time =       1.46 sec    Generated terms =     167437
               F         Terms in output =      56854
                      52 Bytes used      =   63268960
  1.46 sec + 52.40 sec: 53.86 sec out of 4.40 sec
~~~iter 53/195

Time =       1.57 sec    Generated terms =     166001
               F         Terms in output =      56854
                      53 Bytes used      =   66227700
  1.57 sec + 55.00 sec: 56.58 sec out of 4.65 sec
~~~iter 54/195

Time =       1.68 sec    Generated terms =     176008
               F         Terms in output =      56854
                      54 Bytes used      =   68733584
  1.68 sec + 57.70 sec: 59.39 sec out of 4.90 sec
~~~iter 55/195

Time =       1.77 sec    Generated terms =      98273
               F         Terms in output =      41419
                      55 Bytes used      =   49881412
  1.77 sec + 58.96 sec: 60.74 sec out of 5.02 sec
~~~iter 56/195

Time =       1.87 sec    Generated terms =     143518
               F         Terms in output =      56854
                      56 Bytes used      =   71000980
  1.87 sec + 60.99 sec: 62.86 sec out of 5.22 sec
~~~iter 57/195

Time =       1.99 sec    Generated terms =     167586
               F         Terms in output =      56854
                      57 Bytes used      =   72181384
  1.99 sec + 63.65 sec: 65.65 sec out of 5.48 sec
~~~iter 58/195

Time =       2.11 sec    Generated terms =     167205
               F         Terms in output =      56854
                      58 Bytes used      =   74101532
  2.11 sec + 66.35 sec: 68.47 sec out of 5.74 sec
~~~iter 59/195

Time =       2.23 sec    Generated terms =     166697
               F         Terms in output =      56854
                      59 Bytes used      =   76482236
  2.23 sec + 69.08 sec: 71.32 sec out of 6.00 sec
~~~iter 60/195

Time =       2.36 sec    Generated terms =     166678
               F         Terms in output =      56854
                      60 Bytes used      =   79223352
  2.36 sec + 71.82 sec: 74.18 sec out of 6.25 sec
~~~iter 61/195

Time =       2.49 sec    Generated terms =     166601
               F         Terms in output =      56917
                      61 Bytes used      =   82308140
  2.49 sec + 74.58 sec: 77.07 sec out of 6.53 sec
~~~iter 62/195

Time =       2.62 sec    Generated terms =     166782
               F         Terms in output =      57050
                      62 Bytes used      =   85725156
  2.62 sec + 77.40 sec: 80.03 sec out of 6.80 sec
~~~iter 63/195

Time =       2.76 sec    Generated terms =     167094
               F         Terms in output =      57210
                      63 Bytes used      =   89423888
  2.76 sec + 80.19 sec: 82.96 sec out of 7.07 sec
~~~iter 64/195

Time =       2.90 sec    Generated terms =     167615
               F         Terms in output =      57332
                      64 Bytes used      =   93322944
  2.90 sec + 83.06 sec: 85.97 sec out of 7.35 sec
~~~iter 65/195

Time =       3.05 sec    Generated terms =     167862
               F         Terms in output =      57332
                      65 Bytes used      =   97307020
  3.05 sec + 85.99 sec: 89.04 sec out of 7.65 sec
~~~iter 66/195

Time =       3.19 sec    Generated terms =     168745
               F         Terms in output =      57332
                      66 Bytes used      =  101209772
  3.19 sec + 88.98 sec: 92.18 sec out of 7.95 sec
~~~iter 67/195

Time =       3.34 sec    Generated terms =     167307
               F         Terms in output =      57332
                      67 Bytes used      =  105027364
  3.34 sec + 91.99 sec: 95.34 sec out of 8.25 sec
~~~iter 68/195

Time =       3.52 sec    Generated terms =     177318
               F         Terms in output =      57332
                      68 Bytes used      =  108253276
  3.52 sec + 95.13 sec: 98.65 sec out of 8.59 sec
~~~iter 69/195

Time =       3.64 sec    Generated terms =      99154
               F         Terms in output =      41822
                      69 Bytes used      =   78696560
  3.64 sec + 96.59 sec: 100.23 sec out of 8.75 sec
~~~iter 70/195

Time =       3.77 sec    Generated terms =     144712
               F         Terms in output =      57332
                      70 Bytes used      =  111186216
  3.77 sec + 98.90 sec: 102.67 sec out of 9.00 sec
~~~iter 71/195

Time =       3.93 sec    Generated terms =     168892
               F         Terms in output =      57332
                      71 Bytes used      =  112795620
  3.93 sec + 102.01 sec: 105.94 sec out of 9.31 sec
~~~iter 72/195

Time =       4.09 sec    Generated terms =     168513
               F         Terms in output =      57332
                      72 Bytes used      =  115273644
  4.09 sec + 105.14 sec: 109.24 sec out of 9.63 sec
~~~iter 73/195

Time =       4.27 sec    Generated terms =     168003
               F         Terms in output =      57332
                      73 Bytes used      =  118213976
  4.27 sec + 108.29 sec: 112.56 sec out of 9.96 sec
~~~iter 74/195

Time =       4.45 sec    Generated terms =     167944
               F         Terms in output =      57332
                      74 Bytes used      =  121475808
  4.46 sec + 111.43 sec: 115.89 sec out of 10.29 sec
~~~iter 75/195

Time =       4.63 sec    Generated terms =     167849
               F         Terms in output =      57332
                      75 Bytes used      =  125008860
  4.63 sec + 114.61 sec: 119.24 sec out of 10.63 sec
~~~iter 76/195

Time =       4.83 sec    Generated terms =     167845
               F         Terms in output =      57338
                      76 Bytes used      =  128750792
  4.83 sec + 117.80 sec: 122.63 sec out of 10.98 sec
~~~iter 77/195

Time =       5.02 sec    Generated terms =     167839
               F         Terms in output =      57346
                      77 Bytes used      =  132644540
  5.02 sec + 121.03 sec: 126.05 sec out of 11.32 sec
~~~iter 78/195

Time =       5.22 sec    Generated terms =     167994
               F         Terms in output =      57346
                      78 Bytes used      =  136656100
  5.22 sec + 124.26 sec: 129.48 sec out of 11.68 sec
~~~iter 79/195

Time =       5.43 sec    Generated terms =     167895
               F         Terms in output =      57346
                      79 Bytes used      =  140728600
  5.43 sec + 127.51 sec: 132.95 sec out of 12.03 sec
~~~iter 80/195

Time =       5.64 sec    Generated terms =     168778
               F         Terms in output =      57346
                      80 Bytes used      =  144797112
  5.64 sec + 130.81 sec: 136.45 sec out of 12.40 sec
~~~iter 81/195

Time =       5.86 sec    Generated terms =     167340
               F         Terms in output =      57346
                      81 Bytes used      =  148661680
  5.86 sec + 134.12 sec: 139.98 sec out of 12.78 sec
~~~iter 82/195

Time =       6.09 sec    Generated terms =     177351
               F         Terms in output =      57346
                      82 Bytes used      =  152178848
  6.09 sec + 137.58 sec: 143.68 sec out of 13.17 sec
~~~iter 83/195

Time =       6.26 sec    Generated terms =      99181
               F         Terms in output =      41835
                      83 Bytes used      =  110759000
  6.26 sec + 139.20 sec: 145.46 sec out of 13.38 sec
~~~iter 84/195

Time =       6.45 sec    Generated terms =     144744
               F         Terms in output =      57346
                      84 Bytes used      =  155477524
  6.46 sec + 141.75 sec: 148.21 sec out of 13.70 sec
~~~iter 85/195

Time =       6.69 sec    Generated terms =     168925
               F         Terms in output =      57346
                      85 Bytes used      =  157427088
  6.69 sec + 145.15 sec: 151.84 sec out of 14.09 sec
~~~iter 86/195

Time =       6.93 sec    Generated terms =     168546
               F         Terms in output =      57346
                      86 Bytes used      =  160435480
  6.93 sec + 148.57 sec: 155.51 sec out of 14.49 sec
~~~iter 87/195

Time =       7.17 sec    Generated terms =     168036
               F         Terms in output =      57346
                      87 Bytes used      =  163990876
  7.17 sec + 152.00 sec: 159.17 sec out of 14.89 sec
~~~iter 88/195

Time =       7.41 sec    Generated terms =     167977
               F         Terms in output =      57346
                      88 Bytes used      =  167963644
  7.41 sec + 155.45 sec: 162.86 sec out of 15.29 sec
~~~iter 89/195

Time =       7.64 sec    Generated terms =     167880
               F         Terms in output =      57346
                      89 Bytes used      =  172273432
  7.64 sec + 158.92 sec: 166.57 sec out of 15.69 sec
~~~iter 90/195

Time =       7.91 sec    Generated terms =     167880
               F         Terms in output =      57346
                      90 Bytes used      =  176836544
  7.91 sec + 162.43 sec: 170.34 sec out of 16.10 sec
~~~iter 91/195

Time =       8.17 sec    Generated terms =     167862
               F         Terms in output =      57346
                      91 Bytes used      =  181619684
  8.17 sec + 165.97 sec: 174.14 sec out of 16.54 sec
~~~iter 92/195

Time =       8.44 sec    Generated terms =     167994
               F         Terms in output =      57346
                      92 Bytes used      =  186573372
  8.44 sec + 169.53 sec: 177.97 sec out of 16.97 sec
~~~iter 93/195

Time =       8.70 sec    Generated terms =     167895
               F         Terms in output =      57346
                      93 Bytes used      =  191606624
  8.70 sec + 173.13 sec: 181.83 sec out of 17.39 sec
~~~iter 94/195

Time =       8.97 sec    Generated terms =     168778
               F         Terms in output =      57346
                      94 Bytes used      =  196547784
  8.97 sec + 176.77 sec: 185.74 sec out of 17.84 sec
~~~iter 95/195

Time =       9.24 sec    Generated terms =     167340
               F         Terms in output =      57346
                      95 Bytes used      =  201220112
  9.24 sec + 180.42 sec: 189.67 sec out of 18.27 sec
~~~iter 96/195

Time =       9.53 sec    Generated terms =     177351
               F         Terms in output =      57346
                      96 Bytes used      =  205142176
  9.53 sec + 184.23 sec: 193.77 sec out of 18.74 sec
~~~iter 97/195

Time =       9.74 sec    Generated terms =      99181
               F         Terms in output =      41835
                      97 Bytes used      =  149295680
  9.74 sec + 186.01 sec: 195.75 sec out of 18.99 sec
~~~iter 98/195

Time =       9.98 sec    Generated terms =     144744
               F         Terms in output =      57346
                      98 Bytes used      =  208633324
  9.98 sec + 188.83 sec: 198.82 sec out of 19.36 sec
~~~iter 99/195

Time =      10.29 sec    Generated terms =     168925
               F         Terms in output =      57346
                      99 Bytes used      =  210503832
  10.29 sec + 192.59 sec: 202.88 sec out of 19.84 sec
~~~iter 100/195

Time =      10.58 sec    Generated terms =     168546
               F         Terms in output =      57346
                     100 Bytes used      =  213387312
  10.58 sec + 196.37 sec: 206.95 sec out of 20.29 sec
~~~iter 101/195

Time =      10.89 sec    Generated terms =     168036
               F         Terms in output =      57346
                     101 Bytes used      =  216880092
  10.89 sec + 200.14 sec: 211.04 sec out of 20.78 sec
~~~iter 102/195

Time =      11.21 sec    Generated terms =     167977
               F         Terms in output =      57346
                     102 Bytes used      =  220826620
  11.21 sec + 203.94 sec: 215.15 sec out of 21.24 sec
~~~iter 103/195

Time =      11.52 sec    Generated terms =     167880
               F         Terms in output =      57346
                     103 Bytes used      =  225194816
  11.52 sec + 207.75 sec: 219.28 sec out of 21.74 sec
~~~iter 104/195

Time =      11.86 sec    Generated terms =     167880
               F         Terms in output =      57346
                     104 Bytes used      =  229934984
  11.86 sec + 211.59 sec: 223.46 sec out of 22.22 sec
~~~iter 105/195

Time =      12.18 sec    Generated terms =     167862
               F         Terms in output =      57346
                     105 Bytes used      =  234997676
  12.18 sec + 215.46 sec: 227.64 sec out of 22.72 sec
~~~iter 106/195

Time =      12.49 sec    Generated terms =     167994
               F         Terms in output =      57346
                     106 Bytes used      =  240334956
  12.49 sec + 219.27 sec: 231.77 sec out of 23.20 sec
~~~iter 107/195

Time =      12.81 sec    Generated terms =     167895
               F         Terms in output =      57346
                     107 Bytes used      =  245856632
  12.81 sec + 223.15 sec: 235.97 sec out of 23.71 sec
~~~iter 108/195

Time =      13.16 sec    Generated terms =     168778
               F         Terms in output =      57346
                     108 Bytes used      =  251384376
  13.16 sec + 227.12 sec: 240.29 sec out of 24.22 sec
~~~iter 109/195

Time =      13.51 sec    Generated terms =     167340
               F         Terms in output =      57346
                     109 Bytes used      =  256809680
  13.51 sec + 231.01 sec: 244.52 sec out of 24.74 sec
~~~iter 110/195

Time =      13.86 sec    Generated terms =     177351
               F         Terms in output =      57346
                     110 Bytes used      =  261583640
  13.86 sec + 235.17 sec: 249.03 sec out of 25.27 sec
~~~iter 111/195

Time =      14.11 sec    Generated terms =      99181
               F         Terms in output =      41835
                     111 Bytes used      =  190515872
  14.11 sec + 237.09 sec: 251.21 sec out of 25.57 sec
~~~iter 112/195

Time =      14.42 sec    Generated terms =     144744
               F         Terms in output =      57346
                     112 Bytes used      =  265798452
  14.42 sec + 240.18 sec: 254.60 sec out of 25.99 sec
~~~iter 113/195

Time =      14.76 sec    Generated terms =     168925
               F         Terms in output =      57346
                     113 Bytes used      =  268212208
  14.76 sec + 244.36 sec: 259.12 sec out of 26.53 sec
~~~iter 114/195

Time =      15.15 sec    Generated terms =     168546
               F         Terms in output =      57346
                     114 Bytes used      =  271917432
  15.15 sec + 248.66 sec: 263.81 sec out of 27.08 sec
~~~iter 115/195

Time =      15.52 sec    Generated terms =     168036
               F         Terms in output =      57346
                     115 Bytes used      =  276281812
  15.52 sec + 252.90 sec: 268.42 sec out of 27.65 sec
~~~iter 116/195

Time =      15.88 sec    Generated terms =     167977
               F         Terms in output =      57346
                     116 Bytes used      =  281081748
  15.88 sec + 256.86 sec: 272.75 sec out of 28.15 sec
~~~iter 117/195

Time =      16.26 sec    Generated terms =     167880
               F         Terms in output =      57346
                     117 Bytes used      =  286262760
  16.26 sec + 260.92 sec: 277.19 sec out of 28.71 sec
~~~iter 118/195

Time =      16.65 sec    Generated terms =     167880
               F         Terms in output =      57346
                     118 Bytes used      =  291729632
  16.65 sec + 264.92 sec: 281.58 sec out of 29.25 sec
~~~iter 119/195

Time =      17.03 sec    Generated terms =     167862
               F         Terms in output =      57346
                     119 Bytes used      =  297379044
  17.03 sec + 268.93 sec: 285.97 sec out of 29.81 sec
~~~iter 120/195

Time =      17.43 sec    Generated terms =     167994
               F         Terms in output =      57346
                     120 Bytes used      =  303119724
  17.43 sec + 273.04 sec: 290.48 sec out of 30.37 sec
~~~iter 121/195

Time =      17.84 sec    Generated terms =     167895
               F         Terms in output =      57346
                     121 Bytes used      =  308839448
  17.84 sec + 277.40 sec: 295.25 sec out of 30.99 sec
~~~iter 122/195

Time =      18.24 sec    Generated terms =     168778
               F         Terms in output =      57346
                     122 Bytes used      =  314443184
  18.24 sec + 281.59 sec: 299.83 sec out of 31.59 sec
~~~iter 123/195

Time =      18.63 sec    Generated terms =     167340
               F         Terms in output =      57346
                     123 Bytes used      =  319663664
  18.63 sec + 285.80 sec: 304.44 sec out of 32.18 sec
~~~iter 124/195

Time =      19.05 sec    Generated terms =     177351
               F         Terms in output =      57346
                     124 Bytes used      =  324176352
  19.05 sec + 290.33 sec: 309.39 sec out of 32.85 sec
~~~iter 125/195

Time =      19.35 sec    Generated terms =      99181
               F         Terms in output =      41835
                     125 Bytes used      =  236118784
  19.35 sec + 292.42 sec: 311.78 sec out of 33.19 sec
~~~iter 126/195

Time =      19.70 sec    Generated terms =     144744
               F         Terms in output =      57346
                     126 Bytes used      =  328402564
  19.70 sec + 295.70 sec: 315.40 sec out of 33.68 sec
~~~iter 127/195

Time =      20.11 sec    Generated terms =     168925
               F         Terms in output =      57346
                     127 Bytes used      =  330883944
  20.11 sec + 300.04 sec: 320.16 sec out of 34.30 sec
~~~iter 128/195

Time =      20.53 sec    Generated terms =     168546
               F         Terms in output =      57346
                     128 Bytes used      =  334685712
  20.53 sec + 304.38 sec: 324.91 sec out of 34.96 sec
~~~iter 129/195

Time =      20.95 sec    Generated terms =     168036
               F         Terms in output =      57346
                     129 Bytes used      =  339273436
  20.95 sec + 308.81 sec: 329.77 sec out of 35.60 sec
~~~iter 130/195

Time =      21.38 sec    Generated terms =     167977
               F         Terms in output =      57346
                     130 Bytes used      =  344532044
  21.38 sec + 313.28 sec: 334.67 sec out of 36.22 sec
~~~iter 131/195

Time =      21.80 sec    Generated terms =     167880
               F         Terms in output =      57346
                     131 Bytes used      =  350363056
  21.81 sec + 317.77 sec: 339.58 sec out of 36.86 sec
~~~iter 132/195

Time =      22.24 sec    Generated terms =     167880
               F         Terms in output =      57346
                     132 Bytes used      =  356626368
  22.24 sec + 322.27 sec: 344.52 sec out of 37.50 sec
~~~iter 133/195

Time =      22.70 sec    Generated terms =     167862
               F         Terms in output =      57346
                     133 Bytes used      =  363161460
  22.70 sec + 326.82 sec: 349.52 sec out of 38.15 sec
~~~iter 134/195

Time =      23.14 sec    Generated terms =     167994
               F         Terms in output =      57346
                     134 Bytes used      =  369843684
  23.14 sec + 331.46 sec: 354.60 sec out of 38.81 sec
~~~iter 135/195

Time =      23.62 sec    Generated terms =     167895
               F         Terms in output =      57346
                     135 Bytes used      =  376569800
  23.62 sec + 336.05 sec: 359.67 sec out of 39.48 sec
~~~iter 136/195

Time =      24.08 sec    Generated terms =     168778
               F         Terms in output =      57346
                     136 Bytes used      =  383192960
  24.08 sec + 340.85 sec: 364.93 sec out of 40.12 sec
~~~iter 137/195

Time =      24.55 sec    Generated terms =     167340
               F         Terms in output =      57346
                     137 Bytes used      =  389655304
  24.55 sec + 345.56 sec: 370.12 sec out of 40.81 sec
~~~iter 138/195

Time =      25.05 sec    Generated terms =     177351
               F         Terms in output =      57346
                     138 Bytes used      =  395124256
  25.05 sec + 350.46 sec: 375.51 sec out of 41.51 sec
~~~iter 139/195

Time =      25.41 sec    Generated terms =      99181
               F         Terms in output =      41835
                     139 Bytes used      =  287867048
  25.41 sec + 352.80 sec: 378.21 sec out of 41.91 sec
~~~iter 140/195

Time =      25.84 sec    Generated terms =     144744
               F         Terms in output =      57346
                     140 Bytes used      =  400068084
  25.84 sec + 356.62 sec: 382.47 sec out of 42.52 sec
~~~iter 141/195

Time =      26.35 sec    Generated terms =     168925
               F         Terms in output =      57346
                     141 Bytes used      =  402847560
  26.35 sec + 361.42 sec: 387.77 sec out of 43.21 sec
~~~iter 142/195

Time =      26.82 sec    Generated terms =     168546
               F         Terms in output =      57346
                     142 Bytes used      =  406985936
  26.82 sec + 366.23 sec: 393.05 sec out of 43.88 sec
~~~iter 143/195

Time =      27.32 sec    Generated terms =     168036
               F         Terms in output =      57346
                     143 Bytes used      =  411877012
  27.32 sec + 371.05 sec: 398.38 sec out of 44.58 sec
~~~iter 144/195

Time =      27.83 sec    Generated terms =     167977
               F         Terms in output =      57346
                     144 Bytes used      =  417247212
  27.83 sec + 375.86 sec: 403.70 sec out of 45.26 sec
~~~iter 145/195

Time =      28.33 sec    Generated terms =     167880
               F         Terms in output =      57346
                     145 Bytes used      =  423010216
  28.33 sec + 380.69 sec: 409.02 sec out of 45.97 sec
~~~iter 146/195
