TFORM 4.1 (May 14 2026, v4.1-20131025-926-g64d92a4-dirty) 64 workers  Run: Wed May 20 08:14:47 2026
    #-
~~~mbox1l: reduction loop...
~~~mbox1l: reduction loop...
~~~mbox1l: reduction loop...
~~~mbox1l: reduction loop...
~~~mbox1l: reduction loop...
~~~mbox1l: reduction loop...
~~~mbox1l: reduction loop...
~~~mbox1l: reduction loop...
~~~mbox1l: reduction loop...
~~~mbox1l: reduction loop...
~~~mbox1l: reduction loop...
~~~mbox1l: reduction loop...
~~~mbox1l: reduction loop...
~~~mbox1l: reduction loop...
~~~mbox1l: reduction loop...
~~~mbox1l: reduction loop...
~~~Merge tmpprf into prf...

   check = 0;

  4.25 sec + 102.61 sec: 106.86 sec out of 10.42 sec
