TFORM 4.1 (May 26 2026, v4.1-20131025-926-g64d92a4-dirty) 64 workers  Run: Tue May 26 13:15:01 2026
    #-
~~~
~~~reduction X started                 
~~~
  0.74 sec + 1.61 sec: 2.35 sec out of 0.85 sec
~~~
~~~reduction H started                 
~~~
  0.79 sec + 31.25 sec: 32.04 sec out of 1.58 sec
~~~
~~~reduction BMW started                 
~~~
  2.45 sec + 49.61 sec: 52.06 sec out of 3.41 sec
~~~
~~~reduction FG started                 
~~~
~~~
~~~reduce F                
~~~
  6.35 sec + 399.01 sec: 405.37 sec out of 13.77 sec
~~~
~~~reduce V                
~~~
  11.48 sec + 518.93 sec: 530.42 sec out of 22.05 sec
~~~
~~~reduce J
~~~
  20.05 sec + 658.44 sec: 678.50 sec out of 36.73 sec
~~~
~~~reduce T2                
~~~
  23.52 sec + 691.00 sec: 714.52 sec out of 40.87 sec
~~~
~~~reduce G                
~~~
  32.70 sec + 868.79 sec: 901.50 sec out of 53.83 sec
~~~
~~~drr T1                
~~~
~~~
~~~reduce T1                
~~~
  33.04 sec + 870.90 sec: 903.95 sec out of 54.18 sec
~~~
~~~Started 1d reduction        
~~~
  33.13 sec + 871.10 sec: 904.24 sec out of 54.29 sec
  33.14 sec + 991.86 sec: 1025.01 sec out of 54.31 sec
