TFORM 4.1 (May 14 2026, v4.1-20131025-926-g64d92a4-dirty) 16 workers  Run: Fri May 15 16:08:00 2026
    #-

Time =       0.00 sec    Generated terms =          4
              F0         Terms in output =          4
                         Bytes used      =        120

Time =       0.00 sec    Generated terms =          4
              F1         Terms in output =          4
                         Bytes used      =        120

Time =       0.00 sec    Generated terms =          4
              F2         Terms in output =          4
                         Bytes used      =        120

Time =       0.00 sec    Generated terms =          4
              F3         Terms in output =          4
                         Bytes used      =        120

Time =       0.00 sec    Generated terms =          4
              F4         Terms in output =          4
                         Bytes used      =        120

Time =       0.00 sec    Generated terms =          4
              F5         Terms in output =          4
                         Bytes used      =        120

Time =       0.00 sec    Generated terms =          4
              F6         Terms in output =          4
                         Bytes used      =        120

Time =       0.00 sec    Generated terms =          4
              F7         Terms in output =          4
                         Bytes used      =        120

Time =       0.00 sec    Generated terms =          4
              F8         Terms in output =          4
                         Bytes used      =        120

Time =       0.00 sec    Generated terms =          4
              F9         Terms in output =          4
                         Bytes used      =        120

Time =       0.00 sec    Generated terms =          4
             F10         Terms in output =          4
                         Bytes used      =        120

Time =       0.00 sec    Generated terms =          4
             F11         Terms in output =          4
                         Bytes used      =        120

Time =       0.00 sec    Generated terms =          4
             F12         Terms in output =          4
                         Bytes used      =        120

Time =       0.00 sec    Generated terms =          2
             F13         Terms in output =          2
                         Bytes used      =         56

Time =       0.00 sec    Generated terms =          4
             F14         Terms in output =          4
                         Bytes used      =        120

Time =       0.00 sec    Generated terms =          4
             F15         Terms in output =          4
                         Bytes used      =        120

Time =       0.00 sec    Generated terms =          4
             F16         Terms in output =          4
                         Bytes used      =        120

Time =       0.00 sec    Generated terms =          4
             F17         Terms in output =          4
                         Bytes used      =        120

Time =       0.00 sec    Generated terms =          4
             F18         Terms in output =          4
                         Bytes used      =        120

Time =       0.00 sec    Generated terms =          4
             F19         Terms in output =          4
                         Bytes used      =        120

Time =       0.00 sec    Generated terms =          4
             F20         Terms in output =          4
                         Bytes used      =        120

Time =       0.00 sec    Generated terms =          4
             F21         Terms in output =          4
                         Bytes used      =        120

Time =       0.00 sec    Generated terms =          4
             F22         Terms in output =          4
                         Bytes used      =        120

Time =       0.00 sec    Generated terms =          4
             F23         Terms in output =          4
                         Bytes used      =        120

Time =       0.00 sec    Generated terms =          4
             F24         Terms in output =          4
                         Bytes used      =        120

Time =       0.00 sec    Generated terms =          4
             F25         Terms in output =          4
                         Bytes used      =        120

Time =       0.00 sec    Generated terms =          4
             F26         Terms in output =          4
                         Bytes used      =        120

Time =       0.00 sec    Generated terms =          2
             F27         Terms in output =          2
                         Bytes used      =         56

Time =       0.01 sec    Generated terms =          4
             F28         Terms in output =          4
                         Bytes used      =        120

Time =       0.01 sec    Generated terms =          4
             F29         Terms in output =          4
                         Bytes used      =        120

Time =       0.01 sec    Generated terms =          4
             F30         Terms in output =          4
                         Bytes used      =        120

Time =       0.01 sec    Generated terms =          4
             F31         Terms in output =          4
                         Bytes used      =        120

Time =       0.01 sec    Generated terms =          4
             F32         Terms in output =          4
                         Bytes used      =        120

Time =       0.01 sec    Generated terms =          4
             F33         Terms in output =          4
                         Bytes used      =        120

Time =       0.01 sec    Generated terms =          4
             F34         Terms in output =          4
                         Bytes used      =        120

Time =       0.01 sec    Generated terms =          4
             F35         Terms in output =          4
                         Bytes used      =        120

Time =       0.01 sec    Generated terms =          4
             F36         Terms in output =          4
                         Bytes used      =        120

Time =       0.01 sec    Generated terms =          4
             F37         Terms in output =          4
                         Bytes used      =        120

Time =       0.01 sec    Generated terms =          4
             F38         Terms in output =          4
                         Bytes used      =        120

Time =       0.01 sec    Generated terms =          4
             F39         Terms in output =          4
                         Bytes used      =        120

Time =       0.01 sec    Generated terms =          4
             F40         Terms in output =          4
                         Bytes used      =        120

Time =       0.01 sec    Generated terms =          2
             F41         Terms in output =          2
                         Bytes used      =         56

Time =       0.01 sec    Generated terms =          4
             F42         Terms in output =          4
                         Bytes used      =        120

Time =       0.01 sec    Generated terms =          4
             F43         Terms in output =          4
                         Bytes used      =        120

Time =       0.01 sec    Generated terms =          4
             F44         Terms in output =          4
                         Bytes used      =        120

Time =       0.01 sec    Generated terms =          4
             F45         Terms in output =          4
                         Bytes used      =        120

Time =       0.01 sec    Generated terms =          4
             F46         Terms in output =          4
                         Bytes used      =        120

Time =       0.01 sec    Generated terms =          4
             F47         Terms in output =          4
                         Bytes used      =        120

Time =       0.01 sec    Generated terms =          4
             F48         Terms in output =          4
                         Bytes used      =        120

Time =       0.01 sec    Generated terms =          4
             F49         Terms in output =          4
                         Bytes used      =        120

Time =       0.01 sec    Generated terms =          4
             F50         Terms in output =          4
                         Bytes used      =        120

Time =       0.01 sec    Generated terms =          4
             F51         Terms in output =          4
                         Bytes used      =        120

Time =       0.01 sec    Generated terms =          4
             F52         Terms in output =          4
                         Bytes used      =        120

Time =       0.01 sec    Generated terms =          4
             F53         Terms in output =          4
                         Bytes used      =        120

Time =       0.01 sec    Generated terms =          4
             F54         Terms in output =          4
                         Bytes used      =        120

Time =       0.01 sec    Generated terms =          2
             F55         Terms in output =          2
                         Bytes used      =         56

Time =       0.01 sec    Generated terms =          4
             F56         Terms in output =          4
                         Bytes used      =        120

Time =       0.01 sec    Generated terms =          4
             F57         Terms in output =          4
                         Bytes used      =        120

Time =       0.01 sec    Generated terms =          4
             F58         Terms in output =          4
                         Bytes used      =        120

Time =       0.01 sec    Generated terms =          4
             F59         Terms in output =          4
                         Bytes used      =        120

Time =       0.01 sec    Generated terms =          4
             F60         Terms in output =          4
                         Bytes used      =        120

Time =       0.01 sec    Generated terms =          4
             F61         Terms in output =          4
                         Bytes used      =        120

Time =       0.01 sec    Generated terms =          4
             F62         Terms in output =          4
                         Bytes used      =        120

Time =       0.01 sec    Generated terms =          4
             F63         Terms in output =          4
                         Bytes used      =        120

Time =       0.01 sec    Generated terms =          4
             F64         Terms in output =          4
                         Bytes used      =        120

Time =       0.01 sec    Generated terms =          4
             F65         Terms in output =          4
                         Bytes used      =        120

Time =       0.01 sec    Generated terms =          4
             F66         Terms in output =          4
                         Bytes used      =        120

Time =       0.01 sec    Generated terms =          4
             F67         Terms in output =          4
                         Bytes used      =        120

Time =       0.01 sec    Generated terms =          4
             F68         Terms in output =          4
                         Bytes used      =        120

Time =       0.01 sec    Generated terms =          2
             F69         Terms in output =          2
                         Bytes used      =         56

Time =       0.01 sec    Generated terms =          4
             F70         Terms in output =          4
                         Bytes used      =        120

Time =       0.01 sec    Generated terms =          4
             F71         Terms in output =          4
                         Bytes used      =        120

Time =       0.01 sec    Generated terms =          4
             F72         Terms in output =          4
                         Bytes used      =        120

Time =       0.01 sec    Generated terms =          4
             F73         Terms in output =          4
                         Bytes used      =        120

Time =       0.01 sec    Generated terms =          4
             F74         Terms in output =          4
                         Bytes used      =        120

Time =       0.01 sec    Generated terms =          4
             F75         Terms in output =          4
                         Bytes used      =        120

Time =       0.01 sec    Generated terms =          4
             F76         Terms in output =          4
                         Bytes used      =        120

Time =       0.01 sec    Generated terms =          4
             F77         Terms in output =          4
                         Bytes used      =        120

Time =       0.01 sec    Generated terms =          4
             F78         Terms in output =          4
                         Bytes used      =        120

Time =       0.02 sec    Generated terms =          4
             F79         Terms in output =          4
                         Bytes used      =        120

Time =       0.02 sec    Generated terms =          4
             F80         Terms in output =          4
                         Bytes used      =        120

Time =       0.02 sec    Generated terms =          4
             F81         Terms in output =          4
                         Bytes used      =        120

Time =       0.02 sec    Generated terms =          4
             F82         Terms in output =          4
                         Bytes used      =        120

Time =       0.02 sec    Generated terms =          2
             F83         Terms in output =          2
                         Bytes used      =         56

Time =       0.02 sec    Generated terms =          4
             F84         Terms in output =          4
                         Bytes used      =        120

Time =       0.02 sec    Generated terms =          4
             F85         Terms in output =          4
                         Bytes used      =        120

Time =       0.02 sec    Generated terms =          4
             F86         Terms in output =          4
                         Bytes used      =        120

Time =       0.02 sec    Generated terms =          4
             F87         Terms in output =          4
                         Bytes used      =        120

Time =       0.02 sec    Generated terms =          4
             F88         Terms in output =          4
                         Bytes used      =        120

Time =       0.02 sec    Generated terms =          4
             F89         Terms in output =          4
                         Bytes used      =        120

Time =       0.02 sec    Generated terms =          4
             F90         Terms in output =          4
                         Bytes used      =        120

Time =       0.02 sec    Generated terms =          4
             F91         Terms in output =          4
                         Bytes used      =        120

Time =       0.02 sec    Generated terms =          4
             F92         Terms in output =          4
                         Bytes used      =        120

Time =       0.02 sec    Generated terms =          4
             F93         Terms in output =          4
                         Bytes used      =        120

Time =       0.02 sec    Generated terms =          4
             F94         Terms in output =          4
                         Bytes used      =        120

Time =       0.02 sec    Generated terms =          4
             F95         Terms in output =          4
                         Bytes used      =        120

Time =       0.02 sec    Generated terms =          4
             F96         Terms in output =          4
                         Bytes used      =        120

Time =       0.02 sec    Generated terms =          2
             F97         Terms in output =          2
                         Bytes used      =         56

Time =       0.02 sec    Generated terms =          4
             F98         Terms in output =          4
                         Bytes used      =        120

Time =       0.02 sec    Generated terms =          4
             F99         Terms in output =          4
                         Bytes used      =        120

Time =       0.02 sec    Generated terms =          4
            F100         Terms in output =          4
                         Bytes used      =        120

Time =       0.02 sec    Generated terms =          4
            F101         Terms in output =          4
                         Bytes used      =        120

Time =       0.02 sec    Generated terms =          4
            F102         Terms in output =          4
                         Bytes used      =        120

Time =       0.02 sec    Generated terms =          4
            F103         Terms in output =          4
                         Bytes used      =        120

Time =       0.02 sec    Generated terms =          4
            F104         Terms in output =          4
                         Bytes used      =        120

Time =       0.02 sec    Generated terms =          4
            F105         Terms in output =          4
                         Bytes used      =        120

Time =       0.02 sec    Generated terms =          4
            F106         Terms in output =          4
                         Bytes used      =        120

Time =       0.02 sec    Generated terms =          4
            F107         Terms in output =          4
                         Bytes used      =        120

Time =       0.02 sec    Generated terms =          4
            F108         Terms in output =          4
                         Bytes used      =        120

Time =       0.02 sec    Generated terms =          4
            F109         Terms in output =          4
                         Bytes used      =        120

Time =       0.02 sec    Generated terms =          4
            F110         Terms in output =          4
                         Bytes used      =        120

Time =       0.02 sec    Generated terms =          2
            F111         Terms in output =          2
                         Bytes used      =         56

Time =       0.02 sec    Generated terms =          4
            F112         Terms in output =          4
                         Bytes used      =        120

Time =       0.02 sec    Generated terms =          4
            F113         Terms in output =          4
                         Bytes used      =        120

Time =       0.02 sec    Generated terms =          4
            F114         Terms in output =          4
                         Bytes used      =        120

Time =       0.02 sec    Generated terms =          4
            F115         Terms in output =          4
                         Bytes used      =        120

Time =       0.02 sec    Generated terms =          4
            F116         Terms in output =          4
                         Bytes used      =        120

Time =       0.02 sec    Generated terms =          4
            F117         Terms in output =          4
                         Bytes used      =        120

Time =       0.02 sec    Generated terms =          4
            F118         Terms in output =          4
                         Bytes used      =        120

Time =       0.02 sec    Generated terms =          4
            F119         Terms in output =          4
                         Bytes used      =        120

Time =       0.02 sec    Generated terms =          4
            F120         Terms in output =          4
                         Bytes used      =        120

Time =       0.02 sec    Generated terms =          4
            F121         Terms in output =          4
                         Bytes used      =        120

Time =       0.02 sec    Generated terms =          4
            F122         Terms in output =          4
                         Bytes used      =        120

Time =       0.02 sec    Generated terms =          4
            F123         Terms in output =          4
                         Bytes used      =        120

Time =       0.02 sec    Generated terms =          4
            F124         Terms in output =          4
                         Bytes used      =        120

Time =       0.02 sec    Generated terms =          2
            F125         Terms in output =          2
                         Bytes used      =         56

Time =       0.02 sec    Generated terms =          4
            F126         Terms in output =          4
                         Bytes used      =        120

Time =       0.02 sec    Generated terms =          4
            F127         Terms in output =          4
                         Bytes used      =        120

Time =       0.02 sec    Generated terms =          4
            F128         Terms in output =          4
                         Bytes used      =        120

Time =       0.03 sec    Generated terms =          4
            F129         Terms in output =          4
                         Bytes used      =        120

Time =       0.03 sec    Generated terms =          4
            F130         Terms in output =          4
                         Bytes used      =        120

Time =       0.03 sec    Generated terms =          4
            F131         Terms in output =          4
                         Bytes used      =        120

Time =       0.03 sec    Generated terms =          4
            F132         Terms in output =          4
                         Bytes used      =        120

Time =       0.03 sec    Generated terms =          4
            F133         Terms in output =          4
                         Bytes used      =        120

Time =       0.03 sec    Generated terms =          4
            F134         Terms in output =          4
                         Bytes used      =        120

Time =       0.03 sec    Generated terms =          4
            F135         Terms in output =          4
                         Bytes used      =        120

Time =       0.03 sec    Generated terms =          4
            F136         Terms in output =          4
                         Bytes used      =        120

Time =       0.03 sec    Generated terms =          4
            F137         Terms in output =          4
                         Bytes used      =        120

Time =       0.03 sec    Generated terms =          4
            F138         Terms in output =          4
                         Bytes used      =        120

Time =       0.03 sec    Generated terms =          2
            F139         Terms in output =          2
                         Bytes used      =         56

Time =       0.03 sec    Generated terms =          4
            F140         Terms in output =          4
                         Bytes used      =        120

Time =       0.03 sec    Generated terms =          4
            F141         Terms in output =          4
                         Bytes used      =        120

Time =       0.03 sec    Generated terms =          4
            F142         Terms in output =          4
                         Bytes used      =        120

Time =       0.03 sec    Generated terms =          4
            F143         Terms in output =          4
                         Bytes used      =        120

Time =       0.03 sec    Generated terms =          4
            F144         Terms in output =          4
                         Bytes used      =        120

Time =       0.03 sec    Generated terms =          4
            F145         Terms in output =          4
                         Bytes used      =        120

Time =       0.03 sec    Generated terms =          4
            F146         Terms in output =          4
                         Bytes used      =        120

Time =       0.03 sec    Generated terms =          4
            F147         Terms in output =          4
                         Bytes used      =        120

Time =       0.03 sec    Generated terms =          4
            F148         Terms in output =          4
                         Bytes used      =        120

Time =       0.03 sec    Generated terms =          4
            F149         Terms in output =          4
                         Bytes used      =        120

Time =       0.03 sec    Generated terms =          4
            F150         Terms in output =          4
                         Bytes used      =        120

Time =       0.03 sec    Generated terms =          4
            F151         Terms in output =          4
                         Bytes used      =        120

Time =       0.03 sec    Generated terms =          4
            F152         Terms in output =          4
                         Bytes used      =        120

Time =       0.03 sec    Generated terms =          2
            F153         Terms in output =          2
                         Bytes used      =         56

Time =       0.03 sec    Generated terms =          4
            F154         Terms in output =          4
                         Bytes used      =        120

Time =       0.03 sec    Generated terms =          4
            F155         Terms in output =          4
                         Bytes used      =        120

Time =       0.03 sec    Generated terms =          4
            F156         Terms in output =          4
                         Bytes used      =        120

Time =       0.03 sec    Generated terms =          4
            F157         Terms in output =          4
                         Bytes used      =        120

Time =       0.03 sec    Generated terms =          4
            F158         Terms in output =          4
                         Bytes used      =        120

Time =       0.03 sec    Generated terms =          4
            F159         Terms in output =          4
                         Bytes used      =        120

Time =       0.03 sec    Generated terms =          4
            F160         Terms in output =          4
                         Bytes used      =        120

Time =       0.03 sec    Generated terms =          4
            F161         Terms in output =          4
                         Bytes used      =        120

Time =       0.03 sec    Generated terms =          4
            F162         Terms in output =          4
                         Bytes used      =        120

Time =       0.03 sec    Generated terms =          4
            F163         Terms in output =          4
                         Bytes used      =        120

Time =       0.03 sec    Generated terms =          4
            F164         Terms in output =          4
                         Bytes used      =        120

Time =       0.03 sec    Generated terms =          4
            F165         Terms in output =          4
                         Bytes used      =        120

Time =       0.03 sec    Generated terms =          4
            F166         Terms in output =          4
                         Bytes used      =        120

Time =       0.03 sec    Generated terms =          2
            F167         Terms in output =          2
                         Bytes used      =         56

Time =       0.03 sec    Generated terms =          4
            F168         Terms in output =          4
                         Bytes used      =        120

Time =       0.03 sec    Generated terms =          4
            F169         Terms in output =          4
                         Bytes used      =        120

Time =       0.03 sec    Generated terms =          4
            F170         Terms in output =          4
                         Bytes used      =        120

Time =       0.03 sec    Generated terms =          4
            F171         Terms in output =          4
                         Bytes used      =        120

Time =       0.03 sec    Generated terms =          4
            F172         Terms in output =          4
                         Bytes used      =        120

Time =       0.03 sec    Generated terms =          4
            F173         Terms in output =          4
                         Bytes used      =        120

Time =       0.03 sec    Generated terms =          4
            F174         Terms in output =          4
                         Bytes used      =        120

Time =       0.03 sec    Generated terms =          4
            F175         Terms in output =          4
                         Bytes used      =        120

Time =       0.03 sec    Generated terms =          4
            F176         Terms in output =          4
                         Bytes used      =        120

Time =       0.03 sec    Generated terms =          4
            F177         Terms in output =          4
                         Bytes used      =        120

Time =       0.03 sec    Generated terms =          4
            F178         Terms in output =          4
                         Bytes used      =        120

Time =       0.04 sec    Generated terms =          4
            F179         Terms in output =          4
                         Bytes used      =        120

Time =       0.04 sec    Generated terms =          4
            F180         Terms in output =          4
                         Bytes used      =        120

Time =       0.04 sec    Generated terms =          2
            F181         Terms in output =          2
                         Bytes used      =         56

Time =       0.04 sec    Generated terms =          2
            F182         Terms in output =          2
                         Bytes used      =         56

Time =       0.04 sec    Generated terms =          2
            F183         Terms in output =          2
                         Bytes used      =         56

Time =       0.04 sec    Generated terms =          2
            F184         Terms in output =          2
                         Bytes used      =         56

Time =       0.04 sec    Generated terms =          2
            F185         Terms in output =          2
                         Bytes used      =         56

Time =       0.04 sec    Generated terms =          2
            F186         Terms in output =          2
                         Bytes used      =         56

Time =       0.04 sec    Generated terms =          2
            F187         Terms in output =          2
                         Bytes used      =         56

Time =       0.04 sec    Generated terms =          2
            F188         Terms in output =          2
                         Bytes used      =         56

Time =       0.04 sec    Generated terms =          2
            F189         Terms in output =          2
                         Bytes used      =         56

Time =       0.04 sec    Generated terms =          2
            F190         Terms in output =          2
                         Bytes used      =         56

Time =       0.04 sec    Generated terms =          2
            F191         Terms in output =          2
                         Bytes used      =         56

Time =       0.04 sec    Generated terms =          2
            F192         Terms in output =          2
                         Bytes used      =         56

Time =       0.04 sec    Generated terms =          2
            F193         Terms in output =          2
                         Bytes used      =         56

Time =       0.04 sec    Generated terms =          2
            F194         Terms in output =          2
                         Bytes used      =         56

Time =       0.04 sec    Generated terms =          1
            F195         Terms in output =          1
                         Bytes used      =         20
  0.04 sec + 0.10 sec: 0.14 sec out of 0.06 sec
~~~iter 0/195

Time =       0.04 sec    Generated terms =          4
               F         Terms in output =          2
                       0 Bytes used      =        144
  0.04 sec + 0.10 sec: 0.14 sec out of 0.06 sec
~~~iter 1/195

Time =       0.04 sec    Generated terms =          6
               F         Terms in output =          3
                       1 Bytes used      =        268
  0.04 sec + 0.10 sec: 0.14 sec out of 0.06 sec
~~~iter 2/195

Time =       0.04 sec    Generated terms =         10
               F         Terms in output =          6
                       2 Bytes used      =        532
  0.04 sec + 0.10 sec: 0.14 sec out of 0.06 sec
~~~iter 3/195

Time =       0.04 sec    Generated terms =         20
               F         Terms in output =         12
                       3 Bytes used      =       1132
  0.04 sec + 0.10 sec: 0.15 sec out of 0.06 sec
~~~iter 4/195

Time =       0.04 sec    Generated terms =         40
               F         Terms in output =         24
                       4 Bytes used      =       2396
  0.04 sec + 0.10 sec: 0.15 sec out of 0.06 sec
~~~iter 5/195

Time =       0.04 sec    Generated terms =         80
               F         Terms in output =         48
                       5 Bytes used      =       5040
  0.04 sec + 0.11 sec: 0.15 sec out of 0.06 sec
~~~iter 6/195

Time =       0.04 sec    Generated terms =        160
               F         Terms in output =         96
                       6 Bytes used      =      10560
  0.04 sec + 0.11 sec: 0.16 sec out of 0.06 sec
~~~iter 7/195

Time =       0.04 sec    Generated terms =        320
               F         Terms in output =        192
                       7 Bytes used      =      22024
  0.04 sec + 0.11 sec: 0.16 sec out of 0.07 sec
~~~iter 8/195

Time =       0.04 sec    Generated terms =        640
               F         Terms in output =        384
                       8 Bytes used      =      45808
  0.04 sec + 0.13 sec: 0.17 sec out of 0.07 sec
~~~iter 9/195

Time =       0.04 sec    Generated terms =       1280
               F         Terms in output =        768
                       9 Bytes used      =      95080
  0.04 sec + 0.14 sec: 0.19 sec out of 0.07 sec
~~~iter 10/195

Time =       0.05 sec    Generated terms =       2560
               F         Terms in output =       1536
                      10 Bytes used      =     196984
  0.05 sec + 0.16 sec: 0.21 sec out of 0.07 sec
~~~iter 11/195

Time =       0.05 sec    Generated terms =       5120
               F         Terms in output =       3072
                      11 Bytes used      =     407456
  0.05 sec + 0.22 sec: 0.27 sec out of 0.08 sec
~~~iter 12/195

Time =       0.05 sec    Generated terms =      10240
               F         Terms in output =       6144
                      12 Bytes used      =     841624
  0.05 sec + 0.30 sec: 0.36 sec out of 0.09 sec
~~~iter 13/195

Time =       0.05 sec    Generated terms =      10240
               F         Terms in output =       4096
                      13 Bytes used      =     636556
  0.05 sec + 0.38 sec: 0.44 sec out of 0.09 sec
~~~iter 14/195

Time =       0.06 sec    Generated terms =      14336
               F         Terms in output =       6144
                      14 Bytes used      =    1087204
  0.06 sec + 0.51 sec: 0.57 sec out of 0.10 sec
~~~iter 15/195

Time =       0.06 sec    Generated terms =      17920
               F         Terms in output =       6144
                      15 Bytes used      =    1232704
  0.06 sec + 0.69 sec: 0.76 sec out of 0.12 sec
~~~iter 16/195

Time =       0.06 sec    Generated terms =      18176
               F         Terms in output =       6656
                      16 Bytes used      =    1504828
  0.06 sec + 0.88 sec: 0.95 sec out of 0.13 sec
~~~iter 17/195

Time =       0.07 sec    Generated terms =      19968
               F         Terms in output =       7680
                      17 Bytes used      =    1844804
  0.07 sec + 1.09 sec: 1.16 sec out of 0.14 sec
~~~iter 18/195

Time =       0.07 sec    Generated terms =      23296
               F         Terms in output =       9088
                      18 Bytes used      =    2275468
  0.07 sec + 1.34 sec: 1.42 sec out of 0.16 sec
~~~iter 19/195

Time =       0.08 sec    Generated terms =      27744
               F         Terms in output =      10880
                      19 Bytes used      =    2822852
  0.08 sec + 1.64 sec: 1.72 sec out of 0.19 sec
~~~iter 20/195

Time =       0.08 sec    Generated terms =      33360
               F         Terms in output =      13088
                      20 Bytes used      =    3511268
  0.08 sec + 2.01 sec: 2.10 sec out of 0.21 sec
~~~iter 21/195

Time =       0.09 sec    Generated terms =      40240
               F         Terms in output =      15776
                      21 Bytes used      =    4373256
  0.09 sec + 2.46 sec: 2.56 sec out of 0.24 sec
~~~iter 22/195

Time =       0.10 sec    Generated terms =      48592
               F         Terms in output =      19032
                      22 Bytes used      =    5448504
  0.10 sec + 3.00 sec: 3.11 sec out of 0.28 sec
~~~iter 23/195

Time =       0.11 sec    Generated terms =      58690
               F         Terms in output =      22968
                      23 Bytes used      =    6783600
  0.11 sec + 3.68 sec: 3.79 sec out of 0.33 sec
~~~iter 24/195

Time =       0.13 sec    Generated terms =      70883
               F         Terms in output =      27722
                      24 Bytes used      =    8424012
  0.13 sec + 4.49 sec: 4.62 sec out of 0.39 sec
~~~iter 25/195

Time =       0.14 sec    Generated terms =      80698
               F         Terms in output =      33462
                      25 Bytes used      =   10472760
  0.14 sec + 5.46 sec: 5.61 sec out of 0.46 sec
~~~iter 26/195

Time =       0.16 sec    Generated terms =     104302
               F         Terms in output =      33462
                      26 Bytes used      =   11828616
  0.16 sec + 6.72 sec: 6.89 sec out of 0.55 sec
~~~iter 27/195

Time =       0.17 sec    Generated terms =      57123
               F         Terms in output =      23661
                      27 Bytes used      =    8547416
  0.17 sec + 7.26 sec: 7.44 sec out of 0.60 sec
~~~iter 28/195

Time =       0.19 sec    Generated terms =      83052
               F         Terms in output =      33462
                      28 Bytes used      =   12919272
  0.19 sec + 8.19 sec: 8.39 sec out of 0.67 sec
~~~iter 29/195

Time =       0.21 sec    Generated terms =      98194
               F         Terms in output =      33462
                      29 Bytes used      =   13480776
  0.21 sec + 9.48 sec: 9.70 sec out of 0.77 sec
~~~iter 30/195

Time =       0.23 sec    Generated terms =      98549
               F         Terms in output =      33462
                      30 Bytes used      =   14466736
  0.23 sec + 10.76 sec: 10.99 sec out of 0.86 sec
~~~iter 31/195

Time =       0.26 sec    Generated terms =      98700
               F         Terms in output =      34158
                      31 Bytes used      =   15719748
  0.26 sec + 12.09 sec: 12.35 sec out of 0.96 sec
~~~iter 32/195

Time =       0.28 sec    Generated terms =     101384
               F         Terms in output =      35598
                      32 Bytes used      =   17177360
  0.28 sec + 13.37 sec: 13.65 sec out of 1.05 sec
~~~iter 33/195

Time =       0.30 sec    Generated terms =     106053
               F         Terms in output =      37621
                      33 Bytes used      =   18863084
  0.30 sec + 14.77 sec: 15.07 sec out of 1.15 sec
~~~iter 34/195

Time =       0.33 sec    Generated terms =     112430
               F         Terms in output =      40120
                      34 Bytes used      =   20800212
  0.33 sec + 16.22 sec: 16.56 sec out of 1.26 sec
~~~iter 35/195

Time =       0.37 sec    Generated terms =     120022
               F         Terms in output =      43000
                      35 Bytes used      =   23003120
  0.37 sec + 17.81 sec: 18.18 sec out of 1.38 sec
~~~iter 36/195

Time =       0.40 sec    Generated terms =     128648
               F         Terms in output =      46152
                      36 Bytes used      =   25459784
  0.40 sec + 19.56 sec: 19.96 sec out of 1.52 sec
~~~iter 37/195

Time =       0.43 sec    Generated terms =     137174
               F         Terms in output =      49329
                      37 Bytes used      =   28140708
  0.43 sec + 21.43 sec: 21.87 sec out of 1.67 sec
~~~iter 38/195

Time =       0.48 sec    Generated terms =     145747
               F         Terms in output =      52146
                      38 Bytes used      =   30983712
  0.48 sec + 23.44 sec: 23.92 sec out of 1.83 sec
~~~iter 39/195

Time =       0.52 sec    Generated terms =     152296
               F         Terms in output =      52146
                      39 Bytes used      =   33524792
  0.52 sec + 25.62 sec: 26.15 sec out of 2.00 sec
~~~iter 40/195

Time =       0.57 sec    Generated terms =     162090
               F         Terms in output =      52146
                      40 Bytes used      =   35856240
  0.57 sec + 27.88 sec: 28.46 sec out of 2.17 sec
~~~iter 41/195

Time =       0.61 sec    Generated terms =      89847
               F         Terms in output =      37701
                      41 Bytes used      =   26012704
  0.61 sec + 28.86 sec: 29.48 sec out of 2.26 sec
~~~iter 42/195

Time =       0.66 sec    Generated terms =     131418
               F         Terms in output =      52146
                      42 Bytes used      =   37927952
  0.66 sec + 30.54 sec: 31.21 sec out of 2.40 sec
~~~iter 43/195

Time =       0.71 sec    Generated terms =     153864
               F         Terms in output =      52146
                      43 Bytes used      =   39045092
  0.71 sec + 32.78 sec: 33.49 sec out of 2.58 sec
~~~iter 44/195

Time =       0.77 sec    Generated terms =     153484
               F         Terms in output =      52146
                      44 Bytes used      =   40827836
  0.77 sec + 35.03 sec: 35.81 sec out of 2.77 sec
~~~iter 45/195

Time =       0.83 sec    Generated terms =     153237
               F         Terms in output =      52146
                      45 Bytes used      =   42945112
  0.83 sec + 37.30 sec: 38.13 sec out of 2.96 sec
~~~iter 46/195

Time =       0.90 sec    Generated terms =     153408
               F         Terms in output =      52434
                      46 Bytes used      =   45313988
  0.90 sec + 39.60 sec: 40.50 sec out of 3.14 sec
~~~iter 47/195

Time =       0.97 sec    Generated terms =     154387
               F         Terms in output =      53070
                      47 Bytes used      =   47900172
  0.97 sec + 41.93 sec: 42.90 sec out of 3.34 sec
~~~iter 48/195

Time =       1.04 sec    Generated terms =     156347
               F         Terms in output =      53982
                      48 Bytes used      =   50690896
  1.04 sec + 44.28 sec: 45.33 sec out of 3.55 sec
~~~iter 49/195

Time =       1.12 sec    Generated terms =     158951
               F         Terms in output =      55048
                      49 Bytes used      =   53681564
  1.12 sec + 46.63 sec: 47.75 sec out of 3.76 sec
~~~iter 50/195

Time =       1.20 sec    Generated terms =     161911
               F         Terms in output =      56080
                      50 Bytes used      =   56844304
  1.20 sec + 49.08 sec: 50.28 sec out of 3.98 sec
~~~iter 51/195

Time =       1.28 sec    Generated terms =     164366
               F         Terms in output =      56854
                      51 Bytes used      =   60098956
  1.28 sec + 51.64 sec: 52.93 sec out of 4.19 sec
~~~iter 52/195

Time =       1.38 sec    Generated terms =     167437
               F         Terms in output =      56854
                      52 Bytes used      =   63268960
  1.38 sec + 54.30 sec: 55.68 sec out of 4.43 sec
~~~iter 53/195

Time =       1.48 sec    Generated terms =     166001
               F         Terms in output =      56854
                      53 Bytes used      =   66227700
  1.48 sec + 56.89 sec: 58.38 sec out of 4.67 sec
~~~iter 54/195

Time =       1.59 sec    Generated terms =     176008
               F         Terms in output =      56854
                      54 Bytes used      =   68733584
  1.59 sec + 59.62 sec: 61.22 sec out of 4.92 sec
~~~iter 55/195

Time =       1.67 sec    Generated terms =      98273
               F         Terms in output =      41419
                      55 Bytes used      =   49881412
  1.67 sec + 60.89 sec: 62.57 sec out of 5.04 sec
~~~iter 56/195

Time =       1.76 sec    Generated terms =     143518
               F         Terms in output =      56854
                      56 Bytes used      =   71000980
  1.76 sec + 62.94 sec: 64.71 sec out of 5.24 sec
~~~iter 57/195

Time =       1.88 sec    Generated terms =     167586
               F         Terms in output =      56854
                      57 Bytes used      =   72181384
  1.88 sec + 65.67 sec: 67.56 sec out of 5.49 sec
~~~iter 58/195

Time =       2.00 sec    Generated terms =     167205
               F         Terms in output =      56854
                      58 Bytes used      =   74101532
  2.00 sec + 68.38 sec: 70.39 sec out of 5.76 sec
~~~iter 59/195

Time =       2.12 sec    Generated terms =     166697
               F         Terms in output =      56854
                      59 Bytes used      =   76482236
  2.12 sec + 71.10 sec: 73.22 sec out of 6.01 sec
~~~iter 60/195

Time =       2.24 sec    Generated terms =     166678
               F         Terms in output =      56854
                      60 Bytes used      =   79223352
  2.24 sec + 73.84 sec: 76.08 sec out of 6.27 sec
~~~iter 61/195

Time =       2.37 sec    Generated terms =     166601
               F         Terms in output =      56917
                      61 Bytes used      =   82308140
  2.37 sec + 76.59 sec: 78.97 sec out of 6.54 sec
~~~iter 62/195

Time =       2.50 sec    Generated terms =     166782
               F         Terms in output =      57050
                      62 Bytes used      =   85725156
  2.50 sec + 79.39 sec: 81.89 sec out of 6.81 sec
~~~iter 63/195

Time =       2.64 sec    Generated terms =     167094
               F         Terms in output =      57210
                      63 Bytes used      =   89423888
  2.64 sec + 82.21 sec: 84.85 sec out of 7.08 sec
~~~iter 64/195

Time =       2.78 sec    Generated terms =     167615
               F         Terms in output =      57332
                      64 Bytes used      =   93322944
  2.78 sec + 85.11 sec: 87.90 sec out of 7.36 sec
~~~iter 65/195

Time =       2.93 sec    Generated terms =     167862
               F         Terms in output =      57332
                      65 Bytes used      =   97307020
  2.93 sec + 88.03 sec: 90.96 sec out of 7.67 sec
~~~iter 66/195

Time =       3.08 sec    Generated terms =     168745
               F         Terms in output =      57332
                      66 Bytes used      =  101209772
  3.08 sec + 91.03 sec: 94.11 sec out of 7.96 sec
~~~iter 67/195
