TFORM 4.1 (May 26 2026, v4.1-20131025-926-g64d92a4-dirty) 16 workers  Run: Thu Jun 25 10:00:32 2026
    #-
~~~
~~~reduction X started                 
~~~
  0.72 sec + 1.29 sec: 2.01 sec out of 0.86 sec
~~~
~~~reduction H started                 
~~~
  0.79 sec + 30.98 sec: 31.77 sec out of 2.99 sec
~~~
~~~reduction BMW started                 
~~~
  2.52 sec + 47.53 sec: 50.05 sec out of 5.64 sec
~~~
~~~reduction FG started                 
~~~
~~~
~~~reduce F                
~~~
  7.71 sec + 463.04 sec: 470.76 sec out of 37.26 sec
~~~
~~~reduce V                
~~~
  13.91 sec + 502.75 sec: 516.66 sec out of 45.81 sec
~~~
~~~reduce J
~~~
  23.91 sec + 562.12 sec: 586.03 sec out of 59.49 sec
~~~
~~~reduce T2                
~~~
  27.66 sec + 587.31 sec: 614.98 sec out of 64.45 sec
~~~
~~~reduce G                
~~~
  38.77 sec + 740.26 sec: 779.03 sec out of 85.56 sec
~~~
~~~drr T1                
~~~
~~~
~~~reduce T1                
~~~
  39.17 sec + 742.96 sec: 782.13 sec out of 86.12 sec
~~~
~~~Started 1d reduction        
~~~
  39.23 sec + 743.15 sec: 782.39 sec out of 86.21 sec
  39.24 sec + 824.23 sec: 863.47 sec out of 86.22 sec
