TFORM 4.1 (May 26 2026, v4.1-20131025-926-g64d92a4-dirty) 16 workers  Run: Tue May 26 14:28:00 2026
    #: smallsize 100M
    #: largesize 500M
    #: termsinsmall 2M
    #: SortIOsize 200K
    #: ScratchSize 116M
    Off Statistics;
    #ifndef `NUM'
    #define NUM "14"
    #endif
    *On Compress gzip 6;
    #message Trace of `NUM' gamma matrices in 4 dimensions
~~~Trace of 14 gamma matrices in 4 dimensions
    S	x,j;
    CF	f;
    L	FF = sum_(j,1,1000,f(j));
    .sort
    I	m1,...,m`NUM';
    id	f(x?) = 1;
    Multiply G_(1,m1,...,m`NUM');
    Trace4,1;
    .end
  0.01 sec + 24.96 sec: 24.98 sec out of 1.61 sec
