TFORM 4.1 (May 20 2026, v4.1-20131025-926-g64d92a4-dirty) 8 workers  Run: Thu May 21 21:44:11 2026
    #-
~~~
~~~reduction X started                 
~~~
  0.74 sec + 1.18 sec: 1.92 sec out of 0.93 sec
~~~
~~~reduction H started                 
~~~
  0.81 sec + 31.01 sec: 31.82 sec out of 4.82 sec
~~~
~~~reduction BMW started                 
~~~
  2.47 sec + 47.99 sec: 50.47 sec out of 8.61 sec
~~~
~~~reduction FG started                 
~~~
~~~
~~~reduce F                
~~~
  7.79 sec + 454.86 sec: 462.66 sec out of 64.61 sec
~~~
~~~reduce V                
~~~
  14.19 sec + 494.39 sec: 508.58 sec out of 75.78 sec
~~~
~~~reduce J
~~~
  24.61 sec + 555.79 sec: 580.40 sec out of 93.89 sec
~~~
~~~reduce T2                
~~~
  28.81 sec + 581.59 sec: 610.40 sec out of 100.55 sec
~~~
~~~reduce G                
~~~
  40.01 sec + 737.57 sec: 777.58 sec out of 132.00 sec
~~~
~~~drr T1                
~~~
~~~
~~~reduce T1                
~~~
  40.40 sec + 740.57 sec: 780.98 sec out of 132.77 sec
~~~
~~~Started 1d reduction        
~~~
  40.46 sec + 740.76 sec: 781.23 sec out of 132.86 sec
  40.47 sec + 795.98 sec: 836.45 sec out of 132.87 sec
