TFORM 4.1 (May 14 2026, v4.1-20131025-926-g64d92a4-dirty) 64 workers  Run: Wed May 20 09:11:57 2026
    #-
~~~
~~~reduction X started                 
~~~
  0.73 sec + 1.60 sec: 2.33 sec out of 0.85 sec
~~~
~~~reduction H started                 
~~~
  0.78 sec + 31.12 sec: 31.91 sec out of 1.55 sec
~~~
~~~reduction BMW started                 
~~~
  2.56 sec + 49.63 sec: 52.20 sec out of 3.52 sec
~~~
~~~reduction FG started                 
~~~
~~~
~~~reduce F                
~~~
  6.73 sec + 406.11 sec: 412.84 sec out of 14.17 sec
~~~
~~~reduce V                
~~~
  11.94 sec + 534.06 sec: 546.01 sec out of 22.79 sec
~~~
~~~reduce J
~~~
  20.38 sec + 671.91 sec: 692.30 sec out of 37.20 sec
~~~
~~~reduce T2                
~~~
  23.53 sec + 703.69 sec: 727.22 sec out of 41.00 sec
~~~
~~~reduce G                
~~~
  32.24 sec + 886.08 sec: 918.33 sec out of 53.62 sec
~~~
~~~drr T1                
~~~
~~~
~~~reduce T1                
~~~
  32.59 sec + 888.20 sec: 920.80 sec out of 53.99 sec
~~~
~~~Started 1d reduction        
~~~
  32.68 sec + 888.42 sec: 921.11 sec out of 54.10 sec
  32.69 sec + 1007.56 sec: 1040.25 sec out of 54.12 sec
