TFORM 4.1 (May 14 2026, v4.1-20131025-926-g64d92a4-dirty) 32 workers  Run: Wed May 20 15:52:20 2026
    #-
~~~mbox1l: reduction loop...
~~~mbox1l: reduction loop...
~~~mbox1l: reduction loop...
~~~mbox1l: reduction loop...
~~~mbox1l: reduction loop...
~~~mbox1l: reduction loop...
~~~mbox1l: reduction loop...
~~~mbox1l: reduction loop...
~~~mbox1l: reduction loop...
~~~mbox1l: reduction loop...
~~~mbox1l: reduction loop...
~~~mbox1l: reduction loop...
~~~mbox1l: reduction loop...
~~~mbox1l: reduction loop...
~~~mbox1l: reduction loop...
~~~mbox1l: reduction loop...
~~~Merge tmpprf into prf...

   check = 0;

  4.77 sec + 112.25 sec: 117.02 sec out of 13.82 sec
