TFORM 4.1 (May 14 2026, v4.1-20131025-926-g64d92a4-dirty) 8 workers  Run: Fri May 15 15:21:35 2026
    #-
~~~GAUGE = 0, POW = 7

Time =       0.34 sec    Generated terms =          3
            d65c         Terms in output =          3
                         Bytes used      =       1508
special Line 48 --> Warning: This module is forced to run in sequential mode du
e to $-variables: $maxprop, $props

Time =       0.34 sec    Generated terms =          3
            d65c         Terms in output =          3
               special-1 Bytes used      =       1580

Time =       0.34 sec    Generated terms =          3
            d65c         Terms in output =          3
           Special cases Bytes used      =       1508

Time =       0.34 sec    Generated terms =         60
            d65c         Terms in output =         60
                 Physics Bytes used      =      23540

Time =       0.34 sec    Generated terms =       1080
            d65c         Terms in output =        684
        loop propagators Bytes used      =     142088

Time =       0.35 sec    Generated terms =        684
            d65c         Terms in output =        684
       Gluon Propagators Bytes used      =     128800

Time =       0.35 sec    Generated terms =        588
            d65c         Terms in output =        588
            Vertex sub-2 Bytes used      =     116504

Time =       0.35 sec    Generated terms =        588
            d65c         Terms in output =        588
           Vertex sub-2a Bytes used      =     116504

Time =       0.35 sec    Generated terms =        588
            d65c         Terms in output =        588
           Vertex sub-2b Bytes used      =     116504

Time =       0.35 sec    Generated terms =        588
            d65c         Terms in output =        588
           Vertex sub-2c Bytes used      =     116504

Time =       0.35 sec    Generated terms =        588
            d65c         Terms in output =        588
            Vertex sub-3 Bytes used      =     116504

Time =       0.35 sec    Generated terms =        588
            d65c         Terms in output =        588
    Vertex substitutions Bytes used      =     137672

Time =       0.35 sec    Generated terms =        588
            d65c         Terms in output =        588
       Vertex identities Bytes used      =     137672

Time =       0.36 sec    Generated terms =    7199989
            d65c         Terms in output =      33874
                  Traces Bytes used      =    9313920

Time =       0.37 sec    Generated terms =     108294
            d65c         Terms in output =      20071
                   moms0 Bytes used      =    5709496

Time =       0.38 sec    Generated terms =      20071
            d65c         Terms in output =      20071
                    sym1 Bytes used      =    5709496

Time =       0.39 sec    Generated terms =      54205
            d65c         Terms in output =      16939
                moms1(1) Bytes used      =    4670776

Time =       0.40 sec    Generated terms =     180106
            d65c         Terms in output =      26827
                moms2(1) Bytes used      =    6589260

Time =       0.41 sec    Generated terms =      90005
            d65c         Terms in output =      30055
                   moms3 Bytes used      =    5243056

Time =       0.41 sec    Generated terms =      30055
            d65c         Terms in output =      30055
                    moms Bytes used      =    6709932

Time =       0.42 sec    Generated terms =      30055
            d65c         Terms in output =      30055
                    moms Bytes used      =    6709932

Time =       0.44 sec    Generated terms =      50887
            d65c         Terms in output =      31367
            no rewrite 0 Bytes used      =    6050936

Time =       0.44 sec    Generated terms =      52561
            d65c         Terms in output =      31292
            no rewrite 2 Bytes used      =    5907912

Time =       0.45 sec    Generated terms =      73885
            d65c         Terms in output =      33749
            no rewrite 3 Bytes used      =    6329468

Time =       0.46 sec    Generated terms =      77136
            d65c         Terms in output =      31226
            no rewrite 4 Bytes used      =    6666928

Time =       0.48 sec    Generated terms =      31226
            d65c         Terms in output =      31226
            no rewrite 5 Bytes used      =    6666928

Time =       0.49 sec    Generated terms =      31226
            d65c         Terms in output =      31226
                         Bytes used      =    4795748

   d65c =
       + [P-p2].[P-p2]^-1*[P-p7].[P-p7]^-1*[P-p8].[P-p8]^-1 * (  31226 terms )
         ;


Time =       0.58 sec    Generated terms =     965735
            d65c         Terms in output =     442924
             Expand in P Bytes used      =   91729428

Time =       0.69 sec    Generated terms =     434978
            d65c         Terms in output =     434978
                moms1(1) Bytes used      =   90197752

Time =       0.78 sec    Generated terms =     434978
            d65c         Terms in output =     434978
                moms2(1) Bytes used      =   90197752

Time =       0.89 sec    Generated terms =     434978
            d65c         Terms in output =     434978
                   moms3 Bytes used      =   81930988

Time =       1.00 sec    Generated terms =     434978
            d65c         Terms in output =     221973
                    moms Bytes used      =   41202384

Time =       2.14 sec    Generated terms =   15316481
            d65c         Terms in output =    1624865
                  dots 0 Bytes used      =  354585584

Time =       2.36 sec    Generated terms =    4754475
            d65c         Terms in output =    1153293
                  dots 1 Bytes used      =  260948184

Time =       2.61 sec    Generated terms =   13124933
            d65c         Terms in output =    1589388
                dots 2,0 Bytes used      =  356897108

Time =       2.84 sec    Generated terms =   11473209
            d65c         Terms in output =    1320913
                dots 3,0 Bytes used      =  294091188

Time =       2.94 sec    Generated terms =   15459694
            d65c         Terms in output =     667296
                  dots 4 Bytes used      =  171992676

Time =       3.10 sec    Generated terms =     677137
            d65c         Terms in output =     674498
       Q.p2 recursion(1) Bytes used      =  173592584

Time =       3.28 sec    Generated terms =     697500
            d65c         Terms in output =     687033
       Q.p2 recursion(2) Bytes used      =  176426040

Time =       3.46 sec    Generated terms =     717489
            d65c         Terms in output =     696293
       Q.p2 recursion(3) Bytes used      =  178519484

Time =       3.65 sec    Generated terms =     729173
            d65c         Terms in output =     700166
       Q.p2 recursion(4) Bytes used      =  179421644

Time =       3.84 sec    Generated terms =     732086
            d65c         Terms in output =     700891
       Q.p2 recursion(5) Bytes used      =  179607220

Time =       4.04 sec    Generated terms =     730049
            d65c         Terms in output =     699754
       Q.p2 recursion(6) Bytes used      =  179362544

Time =       4.23 sec    Generated terms =     725405
            d65c         Terms in output =     697785
       Q.p2 recursion(7) Bytes used      =  178922124

Time =       4.41 sec    Generated terms =     719412
            d65c         Terms in output =     695471
       Q.p2 recursion(8) Bytes used      =  178396872

Time =       4.60 sec    Generated terms =     712748
            d65c         Terms in output =     692907
       Q.p2 recursion(9) Bytes used      =  177808884

Time =       4.78 sec    Generated terms =     705703
            d65c         Terms in output =     690226
      Q.p2 recursion(10) Bytes used      =  177190964

Time =       4.95 sec    Generated terms =     698509
            d65c         Terms in output =     687403
      Q.p2 recursion(11) Bytes used      =  176538540

Time =       5.13 sec    Generated terms =     691236
            d65c         Terms in output =     684459
      Q.p2 recursion(12) Bytes used      =  175859612

Time =       5.30 sec    Generated terms =     684459
            d65c         Terms in output =     681114
      Q.p2 recursion(13) Bytes used      =  175083584

Time =       5.47 sec    Generated terms =     681228
            d65c         Terms in output =     676806
          Q.p2 recursion Bytes used      =  174216832

Time =       5.63 sec    Generated terms =     678026
            d65c         Terms in output =     676761
           Preparation-1 Bytes used      =  174204284

Time =       5.80 sec    Generated terms =     676761
            d65c         Terms in output =     676761
     noplane recursion,1 Bytes used      =  174204284

Time =       6.06 sec    Generated terms =     678237
            d65c         Terms in output =     538392
                Rewiring Bytes used      =  143485424

Time =       6.29 sec    Generated terms =    1517212
            d65c         Terms in output =     622460
     Prepare second-A(1) Bytes used      =  166568368

Time =       6.45 sec    Generated terms =     622460
            d65c         Terms in output =     622460
     Prepare second-A(2) Bytes used      =  166568368

Time =       6.61 sec    Generated terms =     663108
            d65c         Terms in output =     636265
     Prepare second-B(1) Bytes used      =  169891756

Time =       6.76 sec    Generated terms =     641929
            d65c         Terms in output =     635790
     Prepare second-B(2) Bytes used      =  169761228

Time =       6.91 sec    Generated terms =     635806
            d65c         Terms in output =     635770
     Prepare second-B(3) Bytes used      =  169756384

Time =       7.17 sec    Generated terms =    1384005
            d65c         Terms in output =     758595
     Prepare second-C(1) Bytes used      =  201821040

Time =       7.43 sec    Generated terms =    1191453
            d65c         Terms in output =     733107
     Prepare second-C(2) Bytes used      =  194526940

Time =       7.62 sec    Generated terms =     741267
            d65c         Terms in output =     729888
     Prepare second-C(3) Bytes used      =  193660784

Time =       7.82 sec    Generated terms =     828577
            d65c         Terms in output =     751321
        Prepare second-D Bytes used      =  199518548

Time =       8.11 sec    Generated terms =    1374834
            d65c         Terms in output =     818362
        Second recursion Bytes used      =  219999572

Time =       8.34 sec    Generated terms =     818362
            d65c         Terms in output =     814787
                Symmetry Bytes used      =  216075724

Time =       9.31 sec    Generated terms =    3700576
            d65c         Terms in output =    1487748
      Setup first loop 1 Bytes used      =  394475896

Time =       9.94 sec    Generated terms =    1632239
            d65c         Terms in output =    1405358
      Setup first loop 2 Bytes used      =  373834760

Time =      10.36 sec    Generated terms =    1404935
            d65c         Terms in output =    1401944
      Setup first loop 3 Bytes used      =  372971372

Time =      11.94 sec    Generated terms =    6088466
            d65c         Terms in output =    3044997
    Prepare first loop 1 Bytes used      =  841107572

Time =      13.65 sec    Generated terms =    5006905
            d65c         Terms in output =    2752394
    Prepare first loop 2 Bytes used      =  762725700

Time =      14.64 sec    Generated terms =    2782309
            d65c         Terms in output =    2728273
    Prepare first loop 3 Bytes used      =  755958468
