TFORM 5.0.1 (Jul 23 2026, v5.0.1-24-g2afdaf9) 64 workers  Run: Thu Jul 23 15:05:44 2026
    #-

Time =       0.00 sec    Generated terms =          4
              F0         Terms in output =          4
                         Bytes used      =        120

Time =       0.00 sec    Generated terms =          4
              F1         Terms in output =          4
                         Bytes used      =        120

Time =       0.00 sec    Generated terms =          4
              F2         Terms in output =          4
                         Bytes used      =        120

Time =       0.00 sec    Generated terms =          4
              F3         Terms in output =          4
                         Bytes used      =        120

Time =       0.00 sec    Generated terms =          4
              F4         Terms in output =          4
                         Bytes used      =        120

Time =       0.00 sec    Generated terms =          4
              F5         Terms in output =          4
                         Bytes used      =        120

Time =       0.00 sec    Generated terms =          4
              F6         Terms in output =          4
                         Bytes used      =        120

Time =       0.00 sec    Generated terms =          4
              F7         Terms in output =          4
                         Bytes used      =        120

Time =       0.00 sec    Generated terms =          4
              F8         Terms in output =          4
                         Bytes used      =        120

Time =       0.00 sec    Generated terms =          4
              F9         Terms in output =          4
                         Bytes used      =        120

Time =       0.00 sec    Generated terms =          4
             F10         Terms in output =          4
                         Bytes used      =        120

Time =       0.00 sec    Generated terms =          4
             F11         Terms in output =          4
                         Bytes used      =        120

Time =       0.00 sec    Generated terms =          4
             F12         Terms in output =          4
                         Bytes used      =        120

Time =       0.00 sec    Generated terms =          2
             F13         Terms in output =          2
                         Bytes used      =         56

Time =       0.00 sec    Generated terms =          4
             F14         Terms in output =          4
                         Bytes used      =        120

Time =       0.00 sec    Generated terms =          4
             F15         Terms in output =          4
                         Bytes used      =        120

Time =       0.01 sec    Generated terms =          4
             F16         Terms in output =          4
                         Bytes used      =        120

Time =       0.01 sec    Generated terms =          4
             F17         Terms in output =          4
                         Bytes used      =        120

Time =       0.01 sec    Generated terms =          4
             F18         Terms in output =          4
                         Bytes used      =        120

Time =       0.01 sec    Generated terms =          4
             F19         Terms in output =          4
                         Bytes used      =        120

Time =       0.01 sec    Generated terms =          4
             F20         Terms in output =          4
                         Bytes used      =        120

Time =       0.01 sec    Generated terms =          4
             F21         Terms in output =          4
                         Bytes used      =        120

Time =       0.01 sec    Generated terms =          4
             F22         Terms in output =          4
                         Bytes used      =        120

Time =       0.01 sec    Generated terms =          4
             F23         Terms in output =          4
                         Bytes used      =        120

Time =       0.01 sec    Generated terms =          4
             F24         Terms in output =          4
                         Bytes used      =        120

Time =       0.01 sec    Generated terms =          4
             F25         Terms in output =          4
                         Bytes used      =        120

Time =       0.01 sec    Generated terms =          4
             F26         Terms in output =          4
                         Bytes used      =        120

Time =       0.01 sec    Generated terms =          2
             F27         Terms in output =          2
                         Bytes used      =         56

Time =       0.01 sec    Generated terms =          4
             F28         Terms in output =          4
                         Bytes used      =        120

Time =       0.01 sec    Generated terms =          4
             F29         Terms in output =          4
                         Bytes used      =        120

Time =       0.01 sec    Generated terms =          4
             F30         Terms in output =          4
                         Bytes used      =        120

Time =       0.01 sec    Generated terms =          4
             F31         Terms in output =          4
                         Bytes used      =        120

Time =       0.01 sec    Generated terms =          4
             F32         Terms in output =          4
                         Bytes used      =        120

Time =       0.01 sec    Generated terms =          4
             F33         Terms in output =          4
                         Bytes used      =        120

Time =       0.01 sec    Generated terms =          4
             F34         Terms in output =          4
                         Bytes used      =        120

Time =       0.01 sec    Generated terms =          4
             F35         Terms in output =          4
                         Bytes used      =        120

Time =       0.01 sec    Generated terms =          4
             F36         Terms in output =          4
                         Bytes used      =        120

Time =       0.01 sec    Generated terms =          4
             F37         Terms in output =          4
                         Bytes used      =        120

Time =       0.02 sec    Generated terms =          4
             F38         Terms in output =          4
                         Bytes used      =        120

Time =       0.02 sec    Generated terms =          4
             F39         Terms in output =          4
                         Bytes used      =        120

Time =       0.02 sec    Generated terms =          4
             F40         Terms in output =          4
                         Bytes used      =        120

Time =       0.02 sec    Generated terms =          2
             F41         Terms in output =          2
                         Bytes used      =         56

Time =       0.02 sec    Generated terms =          4
             F42         Terms in output =          4
                         Bytes used      =        120

Time =       0.02 sec    Generated terms =          4
             F43         Terms in output =          4
                         Bytes used      =        120

Time =       0.02 sec    Generated terms =          4
             F44         Terms in output =          4
                         Bytes used      =        120

Time =       0.02 sec    Generated terms =          4
             F45         Terms in output =          4
                         Bytes used      =        120

Time =       0.02 sec    Generated terms =          4
             F46         Terms in output =          4
                         Bytes used      =        120

Time =       0.02 sec    Generated terms =          4
             F47         Terms in output =          4
                         Bytes used      =        120

Time =       0.02 sec    Generated terms =          4
             F48         Terms in output =          4
                         Bytes used      =        120

Time =       0.02 sec    Generated terms =          4
             F49         Terms in output =          4
                         Bytes used      =        120

Time =       0.02 sec    Generated terms =          4
             F50         Terms in output =          4
                         Bytes used      =        120

Time =       0.02 sec    Generated terms =          4
             F51         Terms in output =          4
                         Bytes used      =        120

Time =       0.02 sec    Generated terms =          4
             F52         Terms in output =          4
                         Bytes used      =        120

Time =       0.02 sec    Generated terms =          4
             F53         Terms in output =          4
                         Bytes used      =        120

Time =       0.02 sec    Generated terms =          4
             F54         Terms in output =          4
                         Bytes used      =        120

Time =       0.02 sec    Generated terms =          2
             F55         Terms in output =          2
                         Bytes used      =         56

Time =       0.02 sec    Generated terms =          4
             F56         Terms in output =          4
                         Bytes used      =        120

Time =       0.02 sec    Generated terms =          4
             F57         Terms in output =          4
                         Bytes used      =        120

Time =       0.02 sec    Generated terms =          4
             F58         Terms in output =          4
                         Bytes used      =        120

Time =       0.02 sec    Generated terms =          4
             F59         Terms in output =          4
                         Bytes used      =        120

Time =       0.03 sec    Generated terms =          4
             F60         Terms in output =          4
                         Bytes used      =        120

Time =       0.03 sec    Generated terms =          4
             F61         Terms in output =          4
                         Bytes used      =        120

Time =       0.03 sec    Generated terms =          4
             F62         Terms in output =          4
                         Bytes used      =        120

Time =       0.03 sec    Generated terms =          4
             F63         Terms in output =          4
                         Bytes used      =        120

Time =       0.03 sec    Generated terms =          4
             F64         Terms in output =          4
                         Bytes used      =        120

Time =       0.03 sec    Generated terms =          4
             F65         Terms in output =          4
                         Bytes used      =        120

Time =       0.03 sec    Generated terms =          4
             F66         Terms in output =          4
                         Bytes used      =        120

Time =       0.03 sec    Generated terms =          4
             F67         Terms in output =          4
                         Bytes used      =        120

Time =       0.03 sec    Generated terms =          4
             F68         Terms in output =          4
                         Bytes used      =        120

Time =       0.03 sec    Generated terms =          2
             F69         Terms in output =          2
                         Bytes used      =         56

Time =       0.03 sec    Generated terms =          4
             F70         Terms in output =          4
                         Bytes used      =        120

Time =       0.03 sec    Generated terms =          4
             F71         Terms in output =          4
                         Bytes used      =        120

Time =       0.03 sec    Generated terms =          4
             F72         Terms in output =          4
                         Bytes used      =        120

Time =       0.03 sec    Generated terms =          4
             F73         Terms in output =          4
                         Bytes used      =        120

Time =       0.03 sec    Generated terms =          4
             F74         Terms in output =          4
                         Bytes used      =        120

Time =       0.03 sec    Generated terms =          4
             F75         Terms in output =          4
                         Bytes used      =        120

Time =       0.03 sec    Generated terms =          4
             F76         Terms in output =          4
                         Bytes used      =        120

Time =       0.03 sec    Generated terms =          4
             F77         Terms in output =          4
                         Bytes used      =        120

Time =       0.03 sec    Generated terms =          4
             F78         Terms in output =          4
                         Bytes used      =        120

Time =       0.03 sec    Generated terms =          4
             F79         Terms in output =          4
                         Bytes used      =        120

Time =       0.03 sec    Generated terms =          4
             F80         Terms in output =          4
                         Bytes used      =        120

Time =       0.03 sec    Generated terms =          4
             F81         Terms in output =          4
                         Bytes used      =        120

Time =       0.03 sec    Generated terms =          4
             F82         Terms in output =          4
                         Bytes used      =        120

Time =       0.03 sec    Generated terms =          2
             F83         Terms in output =          2
                         Bytes used      =         56

Time =       0.03 sec    Generated terms =          4
             F84         Terms in output =          4
                         Bytes used      =        120

Time =       0.03 sec    Generated terms =          4
             F85         Terms in output =          4
                         Bytes used      =        120

Time =       0.03 sec    Generated terms =          4
             F86         Terms in output =          4
                         Bytes used      =        120

Time =       0.04 sec    Generated terms =          4
             F87         Terms in output =          4
                         Bytes used      =        120

Time =       0.04 sec    Generated terms =          4
             F88         Terms in output =          4
                         Bytes used      =        120

Time =       0.04 sec    Generated terms =          4
             F89         Terms in output =          4
                         Bytes used      =        120

Time =       0.04 sec    Generated terms =          4
             F90         Terms in output =          4
                         Bytes used      =        120

Time =       0.04 sec    Generated terms =          4
             F91         Terms in output =          4
                         Bytes used      =        120

Time =       0.04 sec    Generated terms =          4
             F92         Terms in output =          4
                         Bytes used      =        120

Time =       0.04 sec    Generated terms =          4
             F93         Terms in output =          4
                         Bytes used      =        120

Time =       0.04 sec    Generated terms =          4
             F94         Terms in output =          4
                         Bytes used      =        120

Time =       0.04 sec    Generated terms =          4
             F95         Terms in output =          4
                         Bytes used      =        120

Time =       0.04 sec    Generated terms =          4
             F96         Terms in output =          4
                         Bytes used      =        120

Time =       0.04 sec    Generated terms =          2
             F97         Terms in output =          2
                         Bytes used      =         56

Time =       0.04 sec    Generated terms =          4
             F98         Terms in output =          4
                         Bytes used      =        120

Time =       0.04 sec    Generated terms =          4
             F99         Terms in output =          4
                         Bytes used      =        120

Time =       0.04 sec    Generated terms =          4
            F100         Terms in output =          4
                         Bytes used      =        120

Time =       0.04 sec    Generated terms =          4
            F101         Terms in output =          4
                         Bytes used      =        120

Time =       0.04 sec    Generated terms =          4
            F102         Terms in output =          4
                         Bytes used      =        120

Time =       0.04 sec    Generated terms =          4
            F103         Terms in output =          4
                         Bytes used      =        120

Time =       0.04 sec    Generated terms =          4
            F104         Terms in output =          4
                         Bytes used      =        120

Time =       0.04 sec    Generated terms =          4
            F105         Terms in output =          4
                         Bytes used      =        120

Time =       0.04 sec    Generated terms =          4
            F106         Terms in output =          4
                         Bytes used      =        120

Time =       0.04 sec    Generated terms =          4
            F107         Terms in output =          4
                         Bytes used      =        120

Time =       0.04 sec    Generated terms =          4
            F108         Terms in output =          4
                         Bytes used      =        120

Time =       0.04 sec    Generated terms =          4
            F109         Terms in output =          4
                         Bytes used      =        120

Time =       0.04 sec    Generated terms =          4
            F110         Terms in output =          4
                         Bytes used      =        120

Time =       0.04 sec    Generated terms =          2
            F111         Terms in output =          2
                         Bytes used      =         56

Time =       0.04 sec    Generated terms =          4
            F112         Terms in output =          4
                         Bytes used      =        120

Time =       0.04 sec    Generated terms =          4
            F113         Terms in output =          4
                         Bytes used      =        120

Time =       0.05 sec    Generated terms =          4
            F114         Terms in output =          4
                         Bytes used      =        120

Time =       0.05 sec    Generated terms =          4
            F115         Terms in output =          4
                         Bytes used      =        120

Time =       0.05 sec    Generated terms =          4
            F116         Terms in output =          4
                         Bytes used      =        120

Time =       0.05 sec    Generated terms =          4
            F117         Terms in output =          4
                         Bytes used      =        120

Time =       0.05 sec    Generated terms =          4
            F118         Terms in output =          4
                         Bytes used      =        120

Time =       0.05 sec    Generated terms =          4
            F119         Terms in output =          4
                         Bytes used      =        120

Time =       0.05 sec    Generated terms =          4
            F120         Terms in output =          4
                         Bytes used      =        120

Time =       0.05 sec    Generated terms =          4
            F121         Terms in output =          4
                         Bytes used      =        120

Time =       0.05 sec    Generated terms =          4
            F122         Terms in output =          4
                         Bytes used      =        120

Time =       0.05 sec    Generated terms =          4
            F123         Terms in output =          4
                         Bytes used      =        120

Time =       0.05 sec    Generated terms =          4
            F124         Terms in output =          4
                         Bytes used      =        120

Time =       0.05 sec    Generated terms =          2
            F125         Terms in output =          2
                         Bytes used      =         56

Time =       0.05 sec    Generated terms =          4
            F126         Terms in output =          4
                         Bytes used      =        120

Time =       0.05 sec    Generated terms =          4
            F127         Terms in output =          4
                         Bytes used      =        120

Time =       0.05 sec    Generated terms =          4
            F128         Terms in output =          4
                         Bytes used      =        120

Time =       0.05 sec    Generated terms =          4
            F129         Terms in output =          4
                         Bytes used      =        120

Time =       0.05 sec    Generated terms =          4
            F130         Terms in output =          4
                         Bytes used      =        120

Time =       0.05 sec    Generated terms =          4
            F131         Terms in output =          4
                         Bytes used      =        120

Time =       0.05 sec    Generated terms =          4
            F132         Terms in output =          4
                         Bytes used      =        120

Time =       0.05 sec    Generated terms =          4
            F133         Terms in output =          4
                         Bytes used      =        120

Time =       0.05 sec    Generated terms =          4
            F134         Terms in output =          4
                         Bytes used      =        120

Time =       0.05 sec    Generated terms =          4
            F135         Terms in output =          4
                         Bytes used      =        120

Time =       0.05 sec    Generated terms =          4
            F136         Terms in output =          4
                         Bytes used      =        120

Time =       0.05 sec    Generated terms =          4
            F137         Terms in output =          4
                         Bytes used      =        120

Time =       0.05 sec    Generated terms =          4
            F138         Terms in output =          4
                         Bytes used      =        120

Time =       0.05 sec    Generated terms =          2
            F139         Terms in output =          2
                         Bytes used      =         56

Time =       0.05 sec    Generated terms =          4
            F140         Terms in output =          4
                         Bytes used      =        120

Time =       0.06 sec    Generated terms =          4
            F141         Terms in output =          4
                         Bytes used      =        120

Time =       0.06 sec    Generated terms =          4
            F142         Terms in output =          4
                         Bytes used      =        120

Time =       0.06 sec    Generated terms =          4
            F143         Terms in output =          4
                         Bytes used      =        120

Time =       0.06 sec    Generated terms =          4
            F144         Terms in output =          4
                         Bytes used      =        120

Time =       0.06 sec    Generated terms =          4
            F145         Terms in output =          4
                         Bytes used      =        120

Time =       0.06 sec    Generated terms =          4
            F146         Terms in output =          4
                         Bytes used      =        120

Time =       0.06 sec    Generated terms =          4
            F147         Terms in output =          4
                         Bytes used      =        120

Time =       0.06 sec    Generated terms =          4
            F148         Terms in output =          4
                         Bytes used      =        120

Time =       0.06 sec    Generated terms =          4
            F149         Terms in output =          4
                         Bytes used      =        120

Time =       0.06 sec    Generated terms =          4
            F150         Terms in output =          4
                         Bytes used      =        120

Time =       0.06 sec    Generated terms =          4
            F151         Terms in output =          4
                         Bytes used      =        120

Time =       0.06 sec    Generated terms =          4
            F152         Terms in output =          4
                         Bytes used      =        120

Time =       0.06 sec    Generated terms =          2
            F153         Terms in output =          2
                         Bytes used      =         56

Time =       0.06 sec    Generated terms =          4
            F154         Terms in output =          4
                         Bytes used      =        120

Time =       0.06 sec    Generated terms =          4
            F155         Terms in output =          4
                         Bytes used      =        120

Time =       0.06 sec    Generated terms =          4
            F156         Terms in output =          4
                         Bytes used      =        120

Time =       0.06 sec    Generated terms =          4
            F157         Terms in output =          4
                         Bytes used      =        120

Time =       0.06 sec    Generated terms =          4
            F158         Terms in output =          4
                         Bytes used      =        120

Time =       0.06 sec    Generated terms =          4
            F159         Terms in output =          4
                         Bytes used      =        120

Time =       0.06 sec    Generated terms =          4
            F160         Terms in output =          4
                         Bytes used      =        120

Time =       0.06 sec    Generated terms =          4
            F161         Terms in output =          4
                         Bytes used      =        120

Time =       0.06 sec    Generated terms =          4
            F162         Terms in output =          4
                         Bytes used      =        120

Time =       0.06 sec    Generated terms =          4
            F163         Terms in output =          4
                         Bytes used      =        120

Time =       0.06 sec    Generated terms =          4
            F164         Terms in output =          4
                         Bytes used      =        120

Time =       0.06 sec    Generated terms =          4
            F165         Terms in output =          4
                         Bytes used      =        120

Time =       0.06 sec    Generated terms =          4
            F166         Terms in output =          4
                         Bytes used      =        120

Time =       0.06 sec    Generated terms =          2
            F167         Terms in output =          2
                         Bytes used      =         56

Time =       0.07 sec    Generated terms =          4
            F168         Terms in output =          4
                         Bytes used      =        120

Time =       0.07 sec    Generated terms =          4
            F169         Terms in output =          4
                         Bytes used      =        120

Time =       0.07 sec    Generated terms =          4
            F170         Terms in output =          4
                         Bytes used      =        120

Time =       0.07 sec    Generated terms =          4
            F171         Terms in output =          4
                         Bytes used      =        120

Time =       0.07 sec    Generated terms =          4
            F172         Terms in output =          4
                         Bytes used      =        120

Time =       0.07 sec    Generated terms =          4
            F173         Terms in output =          4
                         Bytes used      =        120

Time =       0.07 sec    Generated terms =          4
            F174         Terms in output =          4
                         Bytes used      =        120

Time =       0.07 sec    Generated terms =          4
            F175         Terms in output =          4
                         Bytes used      =        120

Time =       0.07 sec    Generated terms =          4
            F176         Terms in output =          4
                         Bytes used      =        120

Time =       0.07 sec    Generated terms =          4
            F177         Terms in output =          4
                         Bytes used      =        120

Time =       0.07 sec    Generated terms =          4
            F178         Terms in output =          4
                         Bytes used      =        120

Time =       0.07 sec    Generated terms =          4
            F179         Terms in output =          4
                         Bytes used      =        120

Time =       0.07 sec    Generated terms =          4
            F180         Terms in output =          4
                         Bytes used      =        120

Time =       0.07 sec    Generated terms =          2
            F181         Terms in output =          2
                         Bytes used      =         56

Time =       0.07 sec    Generated terms =          2
            F182         Terms in output =          2
                         Bytes used      =         56

Time =       0.07 sec    Generated terms =          2
            F183         Terms in output =          2
                         Bytes used      =         56

Time =       0.07 sec    Generated terms =          2
            F184         Terms in output =          2
                         Bytes used      =         56

Time =       0.07 sec    Generated terms =          2
            F185         Terms in output =          2
                         Bytes used      =         56

Time =       0.07 sec    Generated terms =          2
            F186         Terms in output =          2
                         Bytes used      =         56

Time =       0.07 sec    Generated terms =          2
            F187         Terms in output =          2
                         Bytes used      =         56

Time =       0.07 sec    Generated terms =          2
            F188         Terms in output =          2
                         Bytes used      =         56

Time =       0.07 sec    Generated terms =          2
            F189         Terms in output =          2
                         Bytes used      =         56

Time =       0.07 sec    Generated terms =          2
            F190         Terms in output =          2
                         Bytes used      =         56

Time =       0.07 sec    Generated terms =          2
            F191         Terms in output =          2
                         Bytes used      =         56

Time =       0.07 sec    Generated terms =          2
            F192         Terms in output =          2
                         Bytes used      =         56

Time =       0.07 sec    Generated terms =          2
            F193         Terms in output =          2
                         Bytes used      =         56

Time =       0.07 sec    Generated terms =          2
            F194         Terms in output =          2
                         Bytes used      =         56

Time =       0.07 sec    Generated terms =          1
            F195         Terms in output =          1
                         Bytes used      =         20
  0.08 sec + 0.22 sec: 0.30 sec out of 0.10 sec
~~~iter 0/195

Time =       0.08 sec    Generated terms =          4
               F         Terms in output =          2
                       0 Bytes used      =        144
  0.08 sec + 0.23 sec: 0.31 sec out of 0.10 sec
~~~iter 1/195

Time =       0.08 sec    Generated terms =          6
               F         Terms in output =          3
                       1 Bytes used      =        268
  0.08 sec + 0.23 sec: 0.31 sec out of 0.11 sec
~~~iter 2/195

Time =       0.08 sec    Generated terms =         10
               F         Terms in output =          6
                       2 Bytes used      =        532
  0.08 sec + 0.23 sec: 0.31 sec out of 0.11 sec
~~~iter 3/195

Time =       0.08 sec    Generated terms =         20
               F         Terms in output =         12
                       3 Bytes used      =       1132
  0.08 sec + 0.23 sec: 0.31 sec out of 0.11 sec
~~~iter 4/195

Time =       0.08 sec    Generated terms =         40
               F         Terms in output =         24
                       4 Bytes used      =       2396
  0.08 sec + 0.23 sec: 0.31 sec out of 0.11 sec
~~~iter 5/195

Time =       0.08 sec    Generated terms =         80
               F         Terms in output =         48
                       5 Bytes used      =       5040
  0.08 sec + 0.23 sec: 0.31 sec out of 0.11 sec
~~~iter 6/195

Time =       0.08 sec    Generated terms =        160
               F         Terms in output =         96
                       6 Bytes used      =      10560
  0.08 sec + 0.24 sec: 0.32 sec out of 0.11 sec
~~~iter 7/195

Time =       0.08 sec    Generated terms =        320
               F         Terms in output =        192
                       7 Bytes used      =      22024
  0.08 sec + 0.25 sec: 0.33 sec out of 0.11 sec
~~~iter 8/195

Time =       0.08 sec    Generated terms =        640
               F         Terms in output =        384
                       8 Bytes used      =      45808
  0.08 sec + 0.25 sec: 0.34 sec out of 0.11 sec
~~~iter 9/195

Time =       0.08 sec    Generated terms =       1280
               F         Terms in output =        768
                       9 Bytes used      =      95080
  0.08 sec + 0.26 sec: 0.35 sec out of 0.11 sec
~~~iter 10/195

Time =       0.08 sec    Generated terms =       2560
               F         Terms in output =       1536
                      10 Bytes used      =     196984
  0.08 sec + 0.28 sec: 0.36 sec out of 0.11 sec
~~~iter 11/195

Time =       0.09 sec    Generated terms =       5120
               F         Terms in output =       3072
                      11 Bytes used      =     407456
  0.09 sec + 0.38 sec: 0.48 sec out of 0.12 sec
~~~iter 12/195

Time =       0.09 sec    Generated terms =      10240
               F         Terms in output =       6144
                      12 Bytes used      =     841624
  0.09 sec + 0.61 sec: 0.71 sec out of 0.13 sec
~~~iter 13/195

Time =       0.10 sec    Generated terms =      10240
               F         Terms in output =       4096
                      13 Bytes used      =     636556
  0.10 sec + 0.83 sec: 0.93 sec out of 0.13 sec
~~~iter 14/195

Time =       0.10 sec    Generated terms =      14336
               F         Terms in output =       6144
                      14 Bytes used      =    1087204
  0.10 sec + 1.19 sec: 1.29 sec out of 0.14 sec
~~~iter 15/195

Time =       0.11 sec    Generated terms =      17920
               F         Terms in output =       6144
                      15 Bytes used      =    1232704
  0.11 sec + 1.60 sec: 1.71 sec out of 0.15 sec
~~~iter 16/195

Time =       0.11 sec    Generated terms =      18176
               F         Terms in output =       6656
                      16 Bytes used      =    1504828
  0.11 sec + 1.93 sec: 2.05 sec out of 0.16 sec
~~~iter 17/195

Time =       0.12 sec    Generated terms =      19968
               F         Terms in output =       7680
                      17 Bytes used      =    1844804
  0.12 sec + 2.22 sec: 2.34 sec out of 0.16 sec
~~~iter 18/195

Time =       0.12 sec    Generated terms =      23296
               F         Terms in output =       9088
                      18 Bytes used      =    2275468
  0.12 sec + 2.53 sec: 2.66 sec out of 0.17 sec
~~~iter 19/195

Time =       0.13 sec    Generated terms =      27744
               F         Terms in output =      10880
                      19 Bytes used      =    2822852
  0.13 sec + 2.90 sec: 3.04 sec out of 0.18 sec
~~~iter 20/195

Time =       0.14 sec    Generated terms =      33360
               F         Terms in output =      13088
                      20 Bytes used      =    3511268
  0.14 sec + 3.34 sec: 3.48 sec out of 0.19 sec
~~~iter 21/195

Time =       0.14 sec    Generated terms =      40240
               F         Terms in output =      15776
                      21 Bytes used      =    4373256
  0.14 sec + 3.87 sec: 4.02 sec out of 0.21 sec
~~~iter 22/195

Time =       0.16 sec    Generated terms =      48592
               F         Terms in output =      19032
                      22 Bytes used      =    5448504
  0.16 sec + 4.52 sec: 4.69 sec out of 0.23 sec
~~~iter 23/195

Time =       0.17 sec    Generated terms =      58690
               F         Terms in output =      22968
                      23 Bytes used      =    6783600
  0.17 sec + 5.31 sec: 5.49 sec out of 0.25 sec
~~~iter 24/195

Time =       0.19 sec    Generated terms =      70883
               F         Terms in output =      27722
                      24 Bytes used      =    8424012
  0.19 sec + 6.29 sec: 6.49 sec out of 0.28 sec
~~~iter 25/195

Time =       0.22 sec    Generated terms =      80698
               F         Terms in output =      33462
                      25 Bytes used      =   10472760
  0.22 sec + 7.45 sec: 7.67 sec out of 0.32 sec
~~~iter 26/195

Time =       0.24 sec    Generated terms =     104302
               F         Terms in output =      33462
                      26 Bytes used      =   11828616
  0.24 sec + 8.97 sec: 9.22 sec out of 0.36 sec
~~~iter 27/195

Time =       0.26 sec    Generated terms =      57123
               F         Terms in output =      23661
                      27 Bytes used      =    8547416
  0.26 sec + 9.65 sec: 9.91 sec out of 0.39 sec
~~~iter 28/195

Time =       0.28 sec    Generated terms =      83052
               F         Terms in output =      33462
                      28 Bytes used      =   12919272
  0.28 sec + 10.75 sec: 11.03 sec out of 0.42 sec
~~~iter 29/195

Time =       0.30 sec    Generated terms =      98194
               F         Terms in output =      33462
                      29 Bytes used      =   13480776
  0.30 sec + 12.24 sec: 12.55 sec out of 0.46 sec
~~~iter 30/195

Time =       0.32 sec    Generated terms =      98549
               F         Terms in output =      33462
                      30 Bytes used      =   14466736
  0.32 sec + 13.77 sec: 14.09 sec out of 0.50 sec
~~~iter 31/195

Time =       0.34 sec    Generated terms =      98700
               F         Terms in output =      34158
                      31 Bytes used      =   15719748
  0.34 sec + 15.32 sec: 15.67 sec out of 0.55 sec
~~~iter 32/195

Time =       0.37 sec    Generated terms =     101384
               F         Terms in output =      35598
                      32 Bytes used      =   17177360
  0.37 sec + 16.93 sec: 17.31 sec out of 0.60 sec
~~~iter 33/195

Time =       0.39 sec    Generated terms =     106053
               F         Terms in output =      37621
                      33 Bytes used      =   18863084
  0.39 sec + 18.65 sec: 19.05 sec out of 0.64 sec
~~~iter 34/195

Time =       0.41 sec    Generated terms =     112430
               F         Terms in output =      40120
                      34 Bytes used      =   20800212
  0.41 sec + 20.48 sec: 20.90 sec out of 0.68 sec
~~~iter 35/195

Time =       0.44 sec    Generated terms =     120022
               F         Terms in output =      43000
                      35 Bytes used      =   23003120
  0.44 sec + 22.47 sec: 22.91 sec out of 0.73 sec
~~~iter 36/195

Time =       0.46 sec    Generated terms =     128648
               F         Terms in output =      46152
                      36 Bytes used      =   25459784
  0.46 sec + 24.63 sec: 25.09 sec out of 0.79 sec
~~~iter 37/195

Time =       0.49 sec    Generated terms =     137174
               F         Terms in output =      49329
                      37 Bytes used      =   28140708
  0.49 sec + 26.99 sec: 27.49 sec out of 0.85 sec
~~~iter 38/195

Time =       0.53 sec    Generated terms =     145747
               F         Terms in output =      52146
                      38 Bytes used      =   30983712
  0.53 sec + 29.56 sec: 30.09 sec out of 0.93 sec
~~~iter 39/195

Time =       0.58 sec    Generated terms =     152296
               F         Terms in output =      52146
                      39 Bytes used      =   33524792
  0.58 sec + 32.32 sec: 32.90 sec out of 1.01 sec
~~~iter 40/195

Time =       0.61 sec    Generated terms =     162090
               F         Terms in output =      52146
                      40 Bytes used      =   35856240
  0.61 sec + 35.24 sec: 35.85 sec out of 1.09 sec
~~~iter 41/195

Time =       0.64 sec    Generated terms =      89847
               F         Terms in output =      37701
                      41 Bytes used      =   26012704
  0.64 sec + 36.52 sec: 37.16 sec out of 1.13 sec
~~~iter 42/195

Time =       0.68 sec    Generated terms =     131418
               F         Terms in output =      52146
                      42 Bytes used      =   37927952
  0.68 sec + 38.64 sec: 39.33 sec out of 1.21 sec
~~~iter 43/195

Time =       0.72 sec    Generated terms =     153864
               F         Terms in output =      52146
                      43 Bytes used      =   39045092
  0.72 sec + 41.57 sec: 42.29 sec out of 1.29 sec
~~~iter 44/195

Time =       0.77 sec    Generated terms =     153484
               F         Terms in output =      52146
                      44 Bytes used      =   40827836
  0.77 sec + 44.51 sec: 45.28 sec out of 1.38 sec
~~~iter 45/195

Time =       0.82 sec    Generated terms =     153237
               F         Terms in output =      52146
                      45 Bytes used      =   42945112
  0.82 sec + 47.47 sec: 48.29 sec out of 1.48 sec
~~~iter 46/195

Time =       0.87 sec    Generated terms =     153408
               F         Terms in output =      52434
                      46 Bytes used      =   45313988
  0.87 sec + 50.47 sec: 51.35 sec out of 1.58 sec
~~~iter 47/195

Time =       0.93 sec    Generated terms =     154387
               F         Terms in output =      53070
                      47 Bytes used      =   47900172
  0.93 sec + 53.54 sec: 54.48 sec out of 1.69 sec
~~~iter 48/195

Time =       0.99 sec    Generated terms =     156347
               F         Terms in output =      53982
                      48 Bytes used      =   50690896
  0.99 sec + 56.68 sec: 57.68 sec out of 1.80 sec
~~~iter 49/195

Time =       1.05 sec    Generated terms =     158951
               F         Terms in output =      55048
                      49 Bytes used      =   53681564
  1.05 sec + 59.91 sec: 60.97 sec out of 1.92 sec
~~~iter 50/195

Time =       1.12 sec    Generated terms =     161911
               F         Terms in output =      56080
                      50 Bytes used      =   56844304
  1.12 sec + 63.23 sec: 64.36 sec out of 2.04 sec
~~~iter 51/195

Time =       1.17 sec    Generated terms =     164366
               F         Terms in output =      56854
                      51 Bytes used      =   60098956
  1.17 sec + 66.70 sec: 67.87 sec out of 2.15 sec
~~~iter 52/195

Time =       1.22 sec    Generated terms =     167437
               F         Terms in output =      56854
                      52 Bytes used      =   63268960
  1.22 sec + 70.26 sec: 71.48 sec out of 2.26 sec
~~~iter 53/195

Time =       1.28 sec    Generated terms =     166001
               F         Terms in output =      56854
                      53 Bytes used      =   66227700
  1.28 sec + 73.87 sec: 75.15 sec out of 2.39 sec
~~~iter 54/195

Time =       1.34 sec    Generated terms =     176008
               F         Terms in output =      56854
                      54 Bytes used      =   68733584
  1.34 sec + 77.65 sec: 78.99 sec out of 2.52 sec
~~~iter 55/195

Time =       1.38 sec    Generated terms =      98273
               F         Terms in output =      41419
                      55 Bytes used      =   49881412
  1.38 sec + 79.40 sec: 80.78 sec out of 2.58 sec
~~~iter 56/195

Time =       1.45 sec    Generated terms =     143518
               F         Terms in output =      56854
                      56 Bytes used      =   71000980
  1.45 sec + 82.19 sec: 83.64 sec out of 2.70 sec
~~~iter 57/195

Time =       1.50 sec    Generated terms =     167586
               F         Terms in output =      56854
                      57 Bytes used      =   72181384
  1.50 sec + 85.97 sec: 87.48 sec out of 2.83 sec
~~~iter 58/195

Time =       1.58 sec    Generated terms =     167205
               F         Terms in output =      56854
                      58 Bytes used      =   74101532
  1.58 sec + 89.75 sec: 91.34 sec out of 2.99 sec
~~~iter 59/195

Time =       1.64 sec    Generated terms =     166697
               F         Terms in output =      56854
                      59 Bytes used      =   76482236
  1.64 sec + 93.59 sec: 95.23 sec out of 3.12 sec
~~~iter 60/195

Time =       1.69 sec    Generated terms =     166678
               F         Terms in output =      56854
                      60 Bytes used      =   79223352
  1.69 sec + 97.45 sec: 99.15 sec out of 3.26 sec
~~~iter 61/195

Time =       1.78 sec    Generated terms =     166601
               F         Terms in output =      56917
                      61 Bytes used      =   82308140
  1.78 sec + 101.36 sec: 103.15 sec out of 3.42 sec
~~~iter 62/195

Time =       1.84 sec    Generated terms =     166782
               F         Terms in output =      57050
                      62 Bytes used      =   85725156
  1.84 sec + 105.38 sec: 107.22 sec out of 3.57 sec
~~~iter 63/195

Time =       1.93 sec    Generated terms =     167094
               F         Terms in output =      57210
                      63 Bytes used      =   89423888
  1.93 sec + 109.36 sec: 111.30 sec out of 3.73 sec
~~~iter 64/195

Time =       2.02 sec    Generated terms =     167615
               F         Terms in output =      57332
                      64 Bytes used      =   93322944
  2.02 sec + 113.55 sec: 115.57 sec out of 3.90 sec
~~~iter 65/195

Time =       2.11 sec    Generated terms =     167862
               F         Terms in output =      57332
                      65 Bytes used      =   97307020
  2.11 sec + 117.75 sec: 119.86 sec out of 4.08 sec
~~~iter 66/195

Time =       2.21 sec    Generated terms =     168745
               F         Terms in output =      57332
                      66 Bytes used      =  101209772
  2.21 sec + 122.11 sec: 124.32 sec out of 4.27 sec
~~~iter 67/195

Time =       2.28 sec    Generated terms =     167307
               F         Terms in output =      57332
                      67 Bytes used      =  105027364
  2.28 sec + 126.48 sec: 128.77 sec out of 4.43 sec
~~~iter 68/195

Time =       2.39 sec    Generated terms =     177318
               F         Terms in output =      57332
                      68 Bytes used      =  108253276
  2.39 sec + 131.02 sec: 133.41 sec out of 4.64 sec
~~~iter 69/195

Time =       2.45 sec    Generated terms =      99154
               F         Terms in output =      41822
                      69 Bytes used      =   78696560
  2.45 sec + 133.34 sec: 135.80 sec out of 4.74 sec
~~~iter 70/195

Time =       2.51 sec    Generated terms =     144712
               F         Terms in output =      57332
                      70 Bytes used      =  111186216
  2.51 sec + 136.64 sec: 139.15 sec out of 4.88 sec
~~~iter 71/195

Time =       2.58 sec    Generated terms =     168892
               F         Terms in output =      57332
                      71 Bytes used      =  112795620
  2.58 sec + 141.05 sec: 143.63 sec out of 5.06 sec
~~~iter 72/195

Time =       2.68 sec    Generated terms =     168513
               F         Terms in output =      57332
                      72 Bytes used      =  115273644
  2.68 sec + 145.60 sec: 148.28 sec out of 5.28 sec
~~~iter 73/195

Time =       2.78 sec    Generated terms =     168003
               F         Terms in output =      57332
                      73 Bytes used      =  118213976
  2.78 sec + 150.32 sec: 153.10 sec out of 5.49 sec
~~~iter 74/195

Time =       2.86 sec    Generated terms =     167944
               F         Terms in output =      57332
                      74 Bytes used      =  121475808
  2.86 sec + 155.03 sec: 157.89 sec out of 5.67 sec
~~~iter 75/195

Time =       2.94 sec    Generated terms =     167849
               F         Terms in output =      57332
                      75 Bytes used      =  125008860
  2.94 sec + 159.72 sec: 162.66 sec out of 5.86 sec
~~~iter 76/195

Time =       3.01 sec    Generated terms =     167845
               F         Terms in output =      57338
                      76 Bytes used      =  128750792
  3.01 sec + 164.43 sec: 167.45 sec out of 6.06 sec
~~~iter 77/195

Time =       3.12 sec    Generated terms =     167839
               F         Terms in output =      57346
                      77 Bytes used      =  132644540
  3.12 sec + 169.18 sec: 172.31 sec out of 6.27 sec
~~~iter 78/195

Time =       3.23 sec    Generated terms =     167994
               F         Terms in output =      57346
                      78 Bytes used      =  136656100
  3.23 sec + 174.18 sec: 177.41 sec out of 6.51 sec
~~~iter 79/195

Time =       3.35 sec    Generated terms =     167895
               F         Terms in output =      57346
                      79 Bytes used      =  140728600
  3.35 sec + 179.15 sec: 182.50 sec out of 6.74 sec
~~~iter 80/195

Time =       3.46 sec    Generated terms =     168778
               F         Terms in output =      57346
                      80 Bytes used      =  144797112
  3.46 sec + 184.18 sec: 187.65 sec out of 7.00 sec
~~~iter 81/195

Time =       3.57 sec    Generated terms =     167340
               F         Terms in output =      57346
                      81 Bytes used      =  148661680
  3.57 sec + 189.43 sec: 193.01 sec out of 7.25 sec
~~~iter 82/195

Time =       3.69 sec    Generated terms =     177351
               F         Terms in output =      57346
                      82 Bytes used      =  152178848
  3.69 sec + 194.90 sec: 198.60 sec out of 7.50 sec
~~~iter 83/195

Time =       3.79 sec    Generated terms =      99181
               F         Terms in output =      41835
                      83 Bytes used      =  110759000
  3.79 sec + 197.75 sec: 201.55 sec out of 7.65 sec
~~~iter 84/195

Time =       3.90 sec    Generated terms =     144744
               F         Terms in output =      57346
                      84 Bytes used      =  155477524
  3.90 sec + 201.67 sec: 205.57 sec out of 7.88 sec
~~~iter 85/195

Time =       4.02 sec    Generated terms =     168925
               F         Terms in output =      57346
                      85 Bytes used      =  157427088
  4.02 sec + 207.02 sec: 211.04 sec out of 8.13 sec
~~~iter 86/195

Time =       4.13 sec    Generated terms =     168546
               F         Terms in output =      57346
                      86 Bytes used      =  160435480
  4.13 sec + 212.50 sec: 216.64 sec out of 8.39 sec
~~~iter 87/195

Time =       4.26 sec    Generated terms =     168036
               F         Terms in output =      57346
                      87 Bytes used      =  163990876
  4.26 sec + 218.00 sec: 222.27 sec out of 8.65 sec
~~~iter 88/195

Time =       4.38 sec    Generated terms =     167977
               F         Terms in output =      57346
                      88 Bytes used      =  167963644
  4.38 sec + 223.55 sec: 227.94 sec out of 8.92 sec
~~~iter 89/195

Time =       4.51 sec    Generated terms =     167880
               F         Terms in output =      57346
                      89 Bytes used      =  172273432
  4.51 sec + 229.11 sec: 233.62 sec out of 9.18 sec
~~~iter 90/195

Time =       4.61 sec    Generated terms =     167880
               F         Terms in output =      57346
                      90 Bytes used      =  176836544
  4.61 sec + 234.74 sec: 239.35 sec out of 9.43 sec
~~~iter 91/195

Time =       4.70 sec    Generated terms =     167862
               F         Terms in output =      57346
                      91 Bytes used      =  181619684
  4.70 sec + 240.35 sec: 245.06 sec out of 9.68 sec
~~~iter 92/195

Time =       4.81 sec    Generated terms =     167994
               F         Terms in output =      57346
                      92 Bytes used      =  186573372
  4.81 sec + 246.00 sec: 250.81 sec out of 9.92 sec
~~~iter 93/195

Time =       4.94 sec    Generated terms =     167895
               F         Terms in output =      57346
                      93 Bytes used      =  191606624
  4.94 sec + 251.72 sec: 256.66 sec out of 10.21 sec
~~~iter 94/195

Time =       5.07 sec    Generated terms =     168778
               F         Terms in output =      57346
                      94 Bytes used      =  196547784
  5.07 sec + 257.73 sec: 262.81 sec out of 10.51 sec
~~~iter 95/195

Time =       5.21 sec    Generated terms =     167340
               F         Terms in output =      57346
                      95 Bytes used      =  201220112
  5.21 sec + 263.86 sec: 269.07 sec out of 10.81 sec
~~~iter 96/195

Time =       5.35 sec    Generated terms =     177351
               F         Terms in output =      57346
                      96 Bytes used      =  205142176
  5.35 sec + 270.21 sec: 275.57 sec out of 11.13 sec
~~~iter 97/195

Time =       5.43 sec    Generated terms =      99181
               F         Terms in output =      41835
                      97 Bytes used      =  149295680
  5.43 sec + 273.68 sec: 279.11 sec out of 11.29 sec
~~~iter 98/195

Time =       5.56 sec    Generated terms =     144744
               F         Terms in output =      57346
                      98 Bytes used      =  208633324
  5.56 sec + 278.10 sec: 283.66 sec out of 11.56 sec
~~~iter 99/195

Time =       5.66 sec    Generated terms =     168925
               F         Terms in output =      57346
                      99 Bytes used      =  210503832
  5.66 sec + 284.33 sec: 290.00 sec out of 11.84 sec
~~~iter 100/195

Time =       5.80 sec    Generated terms =     168546
               F         Terms in output =      57346
                     100 Bytes used      =  213387312
  5.80 sec + 290.56 sec: 296.36 sec out of 12.16 sec
~~~iter 101/195

Time =       5.95 sec    Generated terms =     168036
               F         Terms in output =      57346
                     101 Bytes used      =  216880092
  5.95 sec + 296.88 sec: 302.83 sec out of 12.47 sec
~~~iter 102/195

Time =       6.09 sec    Generated terms =     167977
               F         Terms in output =      57346
                     102 Bytes used      =  220826620
  6.09 sec + 303.23 sec: 309.33 sec out of 12.80 sec
~~~iter 103/195

Time =       6.24 sec    Generated terms =     167880
               F         Terms in output =      57346
                     103 Bytes used      =  225194816
  6.24 sec + 309.70 sec: 315.94 sec out of 13.11 sec
~~~iter 104/195

Time =       6.36 sec    Generated terms =     167880
               F         Terms in output =      57346
                     104 Bytes used      =  229934984
  6.36 sec + 316.21 sec: 322.58 sec out of 13.41 sec
~~~iter 105/195

Time =       6.47 sec    Generated terms =     167862
               F         Terms in output =      57346
                     105 Bytes used      =  234997676
  6.48 sec + 322.72 sec: 329.20 sec out of 13.71 sec
~~~iter 106/195

Time =       6.62 sec    Generated terms =     167994
               F         Terms in output =      57346
                     106 Bytes used      =  240334956
  6.62 sec + 329.30 sec: 335.93 sec out of 14.05 sec
~~~iter 107/195

Time =       6.77 sec    Generated terms =     167895
               F         Terms in output =      57346
                     107 Bytes used      =  245856632
  6.77 sec + 336.10 sec: 342.88 sec out of 14.39 sec
~~~iter 108/195

Time =       6.89 sec    Generated terms =     168778
               F         Terms in output =      57346
                     108 Bytes used      =  251384376
  6.89 sec + 342.89 sec: 349.78 sec out of 14.71 sec
~~~iter 109/195

Time =       7.01 sec    Generated terms =     167340
               F         Terms in output =      57346
                     109 Bytes used      =  256809680
  7.01 sec + 349.71 sec: 356.73 sec out of 15.02 sec
~~~iter 110/195

Time =       7.18 sec    Generated terms =     177351
               F         Terms in output =      57346
                     110 Bytes used      =  261583640
  7.18 sec + 356.80 sec: 363.98 sec out of 15.43 sec
~~~iter 111/195

Time =       7.30 sec    Generated terms =      99181
               F         Terms in output =      41835
                     111 Bytes used      =  190515872
  7.30 sec + 360.74 sec: 368.05 sec out of 15.66 sec
~~~iter 112/195

Time =       7.41 sec    Generated terms =     144744
               F         Terms in output =      57346
                     112 Bytes used      =  265798452
  7.41 sec + 366.02 sec: 373.43 sec out of 15.94 sec
~~~iter 113/195
