TFORM 4.1 (May 26 2026, v4.1-20131025-926-g64d92a4-dirty) 64 workers  Run: Thu May 28 05:15:18 2026
    #-
~~~
~~~reduction X started                 
~~~
  0.85 sec + 1.92 sec: 2.77 sec out of 0.98 sec
~~~
~~~reduction H started                 
~~~
  0.92 sec + 36.86 sec: 37.78 sec out of 1.83 sec
~~~
~~~reduction BMW started                 
~~~
  2.88 sec + 56.33 sec: 59.21 sec out of 3.99 sec
~~~
~~~reduction FG started                 
~~~
~~~
~~~reduce F                
~~~
  8.13 sec + 461.92 sec: 470.05 sec out of 16.89 sec
~~~
~~~reduce V                
~~~
  14.51 sec + 573.26 sec: 587.78 sec out of 26.42 sec
~~~
~~~reduce J
~~~
  24.88 sec + 708.47 sec: 733.36 sec out of 42.89 sec
~~~
~~~reduce T2                
~~~
  28.83 sec + 742.05 sec: 770.88 sec out of 47.44 sec
~~~
~~~reduce G                
~~~
  39.48 sec + 934.44 sec: 973.92 sec out of 62.52 sec
~~~
~~~drr T1                
~~~
~~~
~~~reduce T1                
~~~
  39.89 sec + 936.80 sec: 976.69 sec out of 62.95 sec
~~~
~~~Started 1d reduction        
~~~
  39.98 sec + 937.05 sec: 977.03 sec out of 63.06 sec
  39.99 sec + 1072.71 sec: 1112.70 sec out of 63.08 sec
