TFORM 4.1 (May 14 2026, v4.1-20131025-926-g64d92a4-dirty) 64 workers  Run: Mon May 18 19:08:55 2026
    #-
~~~
~~~reduction X started                 
~~~
  0.76 sec + 1.65 sec: 2.42 sec out of 0.86 sec
~~~
~~~reduction H started                 
~~~
  0.81 sec + 30.75 sec: 31.56 sec out of 1.57 sec
~~~
~~~reduction BMW started                 
~~~
  2.49 sec + 48.17 sec: 50.67 sec out of 3.43 sec
~~~
~~~reduction FG started                 
~~~
~~~
~~~reduce F                
~~~
  6.41 sec + 404.62 sec: 411.04 sec out of 14.03 sec
~~~
~~~reduce V                
~~~
  11.30 sec + 525.89 sec: 537.19 sec out of 22.18 sec
~~~
~~~reduce J
~~~
  19.66 sec + 676.81 sec: 696.47 sec out of 36.59 sec
~~~
~~~reduce T2                
~~~
  22.89 sec + 711.20 sec: 734.09 sec out of 40.46 sec
~~~
~~~reduce G                
~~~
  32.21 sec + 891.86 sec: 924.07 sec out of 53.59 sec
~~~
~~~drr T1                
~~~
~~~
~~~reduce T1                
~~~
  32.54 sec + 893.90 sec: 926.44 sec out of 53.95 sec
~~~
~~~Started 1d reduction        
~~~
  32.64 sec + 894.12 sec: 926.77 sec out of 54.07 sec
  32.65 sec + 1018.45 sec: 1051.11 sec out of 54.10 sec
