TFORM 4.1 (May 26 2026, v4.1-20131025-926-g64d92a4-dirty) 32 workers  Run: Thu Jun 25 10:39:31 2026
    #-
~~~
~~~reduction X started                 
~~~
  0.76 sec + 1.56 sec: 2.33 sec out of 0.92 sec
~~~
~~~reduction H started                 
~~~
  0.84 sec + 31.44 sec: 32.28 sec out of 2.13 sec
~~~
~~~reduction BMW started                 
~~~
  2.66 sec + 48.12 sec: 50.79 sec out of 4.36 sec
~~~
~~~reduction FG started                 
~~~
~~~
~~~reduce F                
~~~
  7.89 sec + 447.35 sec: 455.25 sec out of 23.08 sec
~~~
~~~reduce V                
~~~
  14.37 sec + 511.11 sec: 525.48 sec out of 31.63 sec
~~~
~~~reduce J
~~~
  24.97 sec + 589.28 sec: 614.26 sec out of 44.83 sec
~~~
~~~reduce T2                
~~~
  28.97 sec + 614.81 sec: 643.79 sec out of 49.44 sec
~~~
~~~reduce G                
~~~
  40.26 sec + 774.98 sec: 815.25 sec out of 66.35 sec
~~~
~~~drr T1                
~~~
~~~
~~~reduce T1                
~~~
  40.65 sec + 777.46 sec: 818.12 sec out of 66.81 sec
~~~
~~~Started 1d reduction        
~~~
  40.73 sec + 777.68 sec: 818.42 sec out of 66.91 sec
  40.74 sec + 885.18 sec: 925.92 sec out of 66.92 sec
