TFORM 4.1 (May 26 2026, v4.1-20131025-926-g64d92a4-dirty) 4 workers  Run: Thu Jun 25 12:41:57 2026
    #-
~~~
~~~reduction X started                 
~~~
  0.70 sec + 1.16 sec: 1.87 sec out of 1.01 sec
~~~
~~~reduction H started                 
~~~
  0.75 sec + 30.95 sec: 31.71 sec out of 8.70 sec
~~~
~~~reduction BMW started                 
~~~
  2.39 sec + 48.05 sec: 50.44 sec out of 14.63 sec
~~~
~~~reduction FG started                 
~~~
~~~
~~~reduce F                
~~~
  7.35 sec + 443.87 sec: 451.22 sec out of 118.10 sec
~~~
~~~reduce V                
~~~
  13.47 sec + 483.12 sec: 496.59 sec out of 133.52 sec
~~~
~~~reduce J
~~~
  22.93 sec + 544.71 sec: 567.65 sec out of 159.51 sec
~~~
~~~reduce T2                
~~~
  26.23 sec + 569.68 sec: 595.92 sec out of 167.88 sec
~~~
~~~reduce G                
~~~
  37.11 sec + 719.02 sec: 756.13 sec out of 217.06 sec
~~~
~~~drr T1                
~~~
~~~
~~~reduce T1                
~~~
  37.48 sec + 722.20 sec: 759.69 sec out of 218.26 sec
~~~
~~~Started 1d reduction        
~~~
  37.53 sec + 722.37 sec: 759.91 sec out of 218.36 sec
  37.54 sec + 750.31 sec: 787.85 sec out of 218.37 sec
