TFORM 4.1 (May 14 2026, v4.1-20131025-926-g64d92a4-dirty) 8 workers  Run: Fri Jun 26 08:13:52 2026
    #-
~~~
~~~reduction X started                 
~~~
  0.57 sec + 1.03 sec: 1.60 sec out of 0.73 sec
~~~
~~~reduction H started                 
~~~
  0.61 sec + 23.06 sec: 23.67 sec out of 3.59 sec
~~~
~~~reduction BMW started                 
~~~
  1.92 sec + 35.61 sec: 37.53 sec out of 6.40 sec
~~~
~~~reduction FG started                 
~~~
~~~
~~~reduce F                
~~~
  5.83 sec + 326.85 sec: 332.69 sec out of 46.78 sec
~~~
~~~reduce V                
~~~
  10.82 sec + 356.82 sec: 367.64 sec out of 55.35 sec
~~~
~~~reduce J
~~~
  18.95 sec + 402.17 sec: 421.13 sec out of 69.04 sec
~~~
~~~reduce T2                
~~~
  22.18 sec + 421.79 sec: 443.98 sec out of 73.87 sec
~~~
~~~reduce G                
~~~
  30.97 sec + 543.74 sec: 574.71 sec out of 98.23 sec
~~~
~~~drr T1                
~~~
~~~
~~~reduce T1                
~~~
  31.29 sec + 546.01 sec: 577.30 sec out of 98.82 sec
~~~
~~~Started 1d reduction        
~~~
  31.35 sec + 546.17 sec: 577.52 sec out of 98.90 sec
  31.35 sec + 590.29 sec: 621.65 sec out of 98.91 sec
