TFORM 4.1 (May 14 2026, v4.1-20131025-926-g64d92a4-dirty) 8 workers  Run: Fri Jun 26 08:01:45 2026
    #: smallsize 100M
    #: largesize 500M
    #: termsinsmall 2M
    #: SortIOsize 200K
    #: ScratchSize 116M
    Off Statistics;
    #ifndef `NUM'
    #define NUM "14"
    #endif
    *On Compress gzip 6;
    #message Trace of `NUM' gamma matrices in 4 dimensions
~~~Trace of 14 gamma matrices in 4 dimensions
    S	x,j;
    CF	f;
    L	FF = sum_(j,1,1000,f(j));
    .sort
    I	m1,...,m`NUM';
    id	f(x?) = 1;
    Multiply G_(1,m1,...,m`NUM');
    Trace4,1;
    .end
  0.03 sec + 26.93 sec: 26.97 sec out of 3.45 sec
