TFORM 5.0.1 (Jul 23 2026, v5.0.1-24-g2afdaf9) 8 workers  Run: Thu Jul 23 15:02:52 2026
    #-

Time =       0.01 sec    Generated terms =          4
              F0         Terms in output =          4
                         Bytes used      =        120

Time =       0.01 sec    Generated terms =          4
              F1         Terms in output =          4
                         Bytes used      =        120

Time =       0.01 sec    Generated terms =          4
              F2         Terms in output =          4
                         Bytes used      =        120

Time =       0.01 sec    Generated terms =          4
              F3         Terms in output =          4
                         Bytes used      =        120

Time =       0.01 sec    Generated terms =          4
              F4         Terms in output =          4
                         Bytes used      =        120

Time =       0.01 sec    Generated terms =          4
              F5         Terms in output =          4
                         Bytes used      =        120

Time =       0.01 sec    Generated terms =          4
              F6         Terms in output =          4
                         Bytes used      =        120

Time =       0.01 sec    Generated terms =          4
              F7         Terms in output =          4
                         Bytes used      =        120

Time =       0.01 sec    Generated terms =          4
              F8         Terms in output =          4
                         Bytes used      =        120

Time =       0.02 sec    Generated terms =          4
              F9         Terms in output =          4
                         Bytes used      =        120

Time =       0.02 sec    Generated terms =          4
             F10         Terms in output =          4
                         Bytes used      =        120

Time =       0.02 sec    Generated terms =          4
             F11         Terms in output =          4
                         Bytes used      =        120

Time =       0.02 sec    Generated terms =          4
             F12         Terms in output =          4
                         Bytes used      =        120

Time =       0.02 sec    Generated terms =          2
             F13         Terms in output =          2
                         Bytes used      =         56

Time =       0.02 sec    Generated terms =          4
             F14         Terms in output =          4
                         Bytes used      =        120

Time =       0.02 sec    Generated terms =          4
             F15         Terms in output =          4
                         Bytes used      =        120

Time =       0.02 sec    Generated terms =          4
             F16         Terms in output =          4
                         Bytes used      =        120

Time =       0.02 sec    Generated terms =          4
             F17         Terms in output =          4
                         Bytes used      =        120

Time =       0.02 sec    Generated terms =          4
             F18         Terms in output =          4
                         Bytes used      =        120

Time =       0.02 sec    Generated terms =          4
             F19         Terms in output =          4
                         Bytes used      =        120

Time =       0.02 sec    Generated terms =          4
             F20         Terms in output =          4
                         Bytes used      =        120

Time =       0.02 sec    Generated terms =          4
             F21         Terms in output =          4
                         Bytes used      =        120

Time =       0.02 sec    Generated terms =          4
             F22         Terms in output =          4
                         Bytes used      =        120

Time =       0.02 sec    Generated terms =          4
             F23         Terms in output =          4
                         Bytes used      =        120

Time =       0.02 sec    Generated terms =          4
             F24         Terms in output =          4
                         Bytes used      =        120

Time =       0.02 sec    Generated terms =          4
             F25         Terms in output =          4
                         Bytes used      =        120

Time =       0.02 sec    Generated terms =          4
             F26         Terms in output =          4
                         Bytes used      =        120

Time =       0.02 sec    Generated terms =          2
             F27         Terms in output =          2
                         Bytes used      =         56

Time =       0.02 sec    Generated terms =          4
             F28         Terms in output =          4
                         Bytes used      =        120

Time =       0.02 sec    Generated terms =          4
             F29         Terms in output =          4
                         Bytes used      =        120

Time =       0.02 sec    Generated terms =          4
             F30         Terms in output =          4
                         Bytes used      =        120

Time =       0.02 sec    Generated terms =          4
             F31         Terms in output =          4
                         Bytes used      =        120

Time =       0.02 sec    Generated terms =          4
             F32         Terms in output =          4
                         Bytes used      =        120

Time =       0.02 sec    Generated terms =          4
             F33         Terms in output =          4
                         Bytes used      =        120

Time =       0.02 sec    Generated terms =          4
             F34         Terms in output =          4
                         Bytes used      =        120

Time =       0.02 sec    Generated terms =          4
             F35         Terms in output =          4
                         Bytes used      =        120

Time =       0.02 sec    Generated terms =          4
             F36         Terms in output =          4
                         Bytes used      =        120

Time =       0.02 sec    Generated terms =          4
             F37         Terms in output =          4
                         Bytes used      =        120

Time =       0.02 sec    Generated terms =          4
             F38         Terms in output =          4
                         Bytes used      =        120

Time =       0.02 sec    Generated terms =          4
             F39         Terms in output =          4
                         Bytes used      =        120

Time =       0.02 sec    Generated terms =          4
             F40         Terms in output =          4
                         Bytes used      =        120

Time =       0.02 sec    Generated terms =          2
             F41         Terms in output =          2
                         Bytes used      =         56

Time =       0.02 sec    Generated terms =          4
             F42         Terms in output =          4
                         Bytes used      =        120

Time =       0.02 sec    Generated terms =          4
             F43         Terms in output =          4
                         Bytes used      =        120

Time =       0.02 sec    Generated terms =          4
             F44         Terms in output =          4
                         Bytes used      =        120

Time =       0.02 sec    Generated terms =          4
             F45         Terms in output =          4
                         Bytes used      =        120

Time =       0.03 sec    Generated terms =          4
             F46         Terms in output =          4
                         Bytes used      =        120

Time =       0.03 sec    Generated terms =          4
             F47         Terms in output =          4
                         Bytes used      =        120

Time =       0.03 sec    Generated terms =          4
             F48         Terms in output =          4
                         Bytes used      =        120

Time =       0.03 sec    Generated terms =          4
             F49         Terms in output =          4
                         Bytes used      =        120

Time =       0.03 sec    Generated terms =          4
             F50         Terms in output =          4
                         Bytes used      =        120

Time =       0.03 sec    Generated terms =          4
             F51         Terms in output =          4
                         Bytes used      =        120

Time =       0.03 sec    Generated terms =          4
             F52         Terms in output =          4
                         Bytes used      =        120

Time =       0.03 sec    Generated terms =          4
             F53         Terms in output =          4
                         Bytes used      =        120

Time =       0.03 sec    Generated terms =          4
             F54         Terms in output =          4
                         Bytes used      =        120

Time =       0.03 sec    Generated terms =          2
             F55         Terms in output =          2
                         Bytes used      =         56

Time =       0.03 sec    Generated terms =          4
             F56         Terms in output =          4
                         Bytes used      =        120

Time =       0.03 sec    Generated terms =          4
             F57         Terms in output =          4
                         Bytes used      =        120

Time =       0.03 sec    Generated terms =          4
             F58         Terms in output =          4
                         Bytes used      =        120

Time =       0.03 sec    Generated terms =          4
             F59         Terms in output =          4
                         Bytes used      =        120

Time =       0.03 sec    Generated terms =          4
             F60         Terms in output =          4
                         Bytes used      =        120

Time =       0.03 sec    Generated terms =          4
             F61         Terms in output =          4
                         Bytes used      =        120

Time =       0.03 sec    Generated terms =          4
             F62         Terms in output =          4
                         Bytes used      =        120

Time =       0.03 sec    Generated terms =          4
             F63         Terms in output =          4
                         Bytes used      =        120

Time =       0.03 sec    Generated terms =          4
             F64         Terms in output =          4
                         Bytes used      =        120

Time =       0.03 sec    Generated terms =          4
             F65         Terms in output =          4
                         Bytes used      =        120

Time =       0.03 sec    Generated terms =          4
             F66         Terms in output =          4
                         Bytes used      =        120

Time =       0.03 sec    Generated terms =          4
             F67         Terms in output =          4
                         Bytes used      =        120

Time =       0.03 sec    Generated terms =          4
             F68         Terms in output =          4
                         Bytes used      =        120

Time =       0.03 sec    Generated terms =          2
             F69         Terms in output =          2
                         Bytes used      =         56

Time =       0.03 sec    Generated terms =          4
             F70         Terms in output =          4
                         Bytes used      =        120

Time =       0.03 sec    Generated terms =          4
             F71         Terms in output =          4
                         Bytes used      =        120

Time =       0.03 sec    Generated terms =          4
             F72         Terms in output =          4
                         Bytes used      =        120

Time =       0.03 sec    Generated terms =          4
             F73         Terms in output =          4
                         Bytes used      =        120

Time =       0.03 sec    Generated terms =          4
             F74         Terms in output =          4
                         Bytes used      =        120

Time =       0.03 sec    Generated terms =          4
             F75         Terms in output =          4
                         Bytes used      =        120

Time =       0.03 sec    Generated terms =          4
             F76         Terms in output =          4
                         Bytes used      =        120

Time =       0.03 sec    Generated terms =          4
             F77         Terms in output =          4
                         Bytes used      =        120

Time =       0.03 sec    Generated terms =          4
             F78         Terms in output =          4
                         Bytes used      =        120

Time =       0.03 sec    Generated terms =          4
             F79         Terms in output =          4
                         Bytes used      =        120

Time =       0.03 sec    Generated terms =          4
             F80         Terms in output =          4
                         Bytes used      =        120

Time =       0.03 sec    Generated terms =          4
             F81         Terms in output =          4
                         Bytes used      =        120

Time =       0.03 sec    Generated terms =          4
             F82         Terms in output =          4
                         Bytes used      =        120

Time =       0.03 sec    Generated terms =          2
             F83         Terms in output =          2
                         Bytes used      =         56

Time =       0.04 sec    Generated terms =          4
             F84         Terms in output =          4
                         Bytes used      =        120

Time =       0.04 sec    Generated terms =          4
             F85         Terms in output =          4
                         Bytes used      =        120

Time =       0.04 sec    Generated terms =          4
             F86         Terms in output =          4
                         Bytes used      =        120

Time =       0.04 sec    Generated terms =          4
             F87         Terms in output =          4
                         Bytes used      =        120

Time =       0.04 sec    Generated terms =          4
             F88         Terms in output =          4
                         Bytes used      =        120

Time =       0.04 sec    Generated terms =          4
             F89         Terms in output =          4
                         Bytes used      =        120

Time =       0.04 sec    Generated terms =          4
             F90         Terms in output =          4
                         Bytes used      =        120

Time =       0.04 sec    Generated terms =          4
             F91         Terms in output =          4
                         Bytes used      =        120

Time =       0.04 sec    Generated terms =          4
             F92         Terms in output =          4
                         Bytes used      =        120

Time =       0.04 sec    Generated terms =          4
             F93         Terms in output =          4
                         Bytes used      =        120

Time =       0.04 sec    Generated terms =          4
             F94         Terms in output =          4
                         Bytes used      =        120

Time =       0.04 sec    Generated terms =          4
             F95         Terms in output =          4
                         Bytes used      =        120

Time =       0.04 sec    Generated terms =          4
             F96         Terms in output =          4
                         Bytes used      =        120

Time =       0.04 sec    Generated terms =          2
             F97         Terms in output =          2
                         Bytes used      =         56

Time =       0.04 sec    Generated terms =          4
             F98         Terms in output =          4
                         Bytes used      =        120

Time =       0.04 sec    Generated terms =          4
             F99         Terms in output =          4
                         Bytes used      =        120

Time =       0.04 sec    Generated terms =          4
            F100         Terms in output =          4
                         Bytes used      =        120

Time =       0.04 sec    Generated terms =          4
            F101         Terms in output =          4
                         Bytes used      =        120

Time =       0.04 sec    Generated terms =          4
            F102         Terms in output =          4
                         Bytes used      =        120

Time =       0.04 sec    Generated terms =          4
            F103         Terms in output =          4
                         Bytes used      =        120

Time =       0.04 sec    Generated terms =          4
            F104         Terms in output =          4
                         Bytes used      =        120

Time =       0.04 sec    Generated terms =          4
            F105         Terms in output =          4
                         Bytes used      =        120

Time =       0.04 sec    Generated terms =          4
            F106         Terms in output =          4
                         Bytes used      =        120

Time =       0.04 sec    Generated terms =          4
            F107         Terms in output =          4
                         Bytes used      =        120

Time =       0.04 sec    Generated terms =          4
            F108         Terms in output =          4
                         Bytes used      =        120

Time =       0.04 sec    Generated terms =          4
            F109         Terms in output =          4
                         Bytes used      =        120

Time =       0.04 sec    Generated terms =          4
            F110         Terms in output =          4
                         Bytes used      =        120

Time =       0.04 sec    Generated terms =          2
            F111         Terms in output =          2
                         Bytes used      =         56

Time =       0.04 sec    Generated terms =          4
            F112         Terms in output =          4
                         Bytes used      =        120

Time =       0.04 sec    Generated terms =          4
            F113         Terms in output =          4
                         Bytes used      =        120

Time =       0.04 sec    Generated terms =          4
            F114         Terms in output =          4
                         Bytes used      =        120

Time =       0.04 sec    Generated terms =          4
            F115         Terms in output =          4
                         Bytes used      =        120

Time =       0.04 sec    Generated terms =          4
            F116         Terms in output =          4
                         Bytes used      =        120

Time =       0.04 sec    Generated terms =          4
            F117         Terms in output =          4
                         Bytes used      =        120

Time =       0.04 sec    Generated terms =          4
            F118         Terms in output =          4
                         Bytes used      =        120

Time =       0.04 sec    Generated terms =          4
            F119         Terms in output =          4
                         Bytes used      =        120

Time =       0.04 sec    Generated terms =          4
            F120         Terms in output =          4
                         Bytes used      =        120

Time =       0.04 sec    Generated terms =          4
            F121         Terms in output =          4
                         Bytes used      =        120

Time =       0.05 sec    Generated terms =          4
            F122         Terms in output =          4
                         Bytes used      =        120

Time =       0.05 sec    Generated terms =          4
            F123         Terms in output =          4
                         Bytes used      =        120

Time =       0.05 sec    Generated terms =          4
            F124         Terms in output =          4
                         Bytes used      =        120

Time =       0.05 sec    Generated terms =          2
            F125         Terms in output =          2
                         Bytes used      =         56

Time =       0.05 sec    Generated terms =          4
            F126         Terms in output =          4
                         Bytes used      =        120

Time =       0.05 sec    Generated terms =          4
            F127         Terms in output =          4
                         Bytes used      =        120

Time =       0.05 sec    Generated terms =          4
            F128         Terms in output =          4
                         Bytes used      =        120

Time =       0.05 sec    Generated terms =          4
            F129         Terms in output =          4
                         Bytes used      =        120

Time =       0.05 sec    Generated terms =          4
            F130         Terms in output =          4
                         Bytes used      =        120

Time =       0.05 sec    Generated terms =          4
            F131         Terms in output =          4
                         Bytes used      =        120

Time =       0.05 sec    Generated terms =          4
            F132         Terms in output =          4
                         Bytes used      =        120

Time =       0.05 sec    Generated terms =          4
            F133         Terms in output =          4
                         Bytes used      =        120

Time =       0.05 sec    Generated terms =          4
            F134         Terms in output =          4
                         Bytes used      =        120

Time =       0.05 sec    Generated terms =          4
            F135         Terms in output =          4
                         Bytes used      =        120

Time =       0.05 sec    Generated terms =          4
            F136         Terms in output =          4
                         Bytes used      =        120

Time =       0.05 sec    Generated terms =          4
            F137         Terms in output =          4
                         Bytes used      =        120

Time =       0.05 sec    Generated terms =          4
            F138         Terms in output =          4
                         Bytes used      =        120

Time =       0.05 sec    Generated terms =          2
            F139         Terms in output =          2
                         Bytes used      =         56

Time =       0.05 sec    Generated terms =          4
            F140         Terms in output =          4
                         Bytes used      =        120

Time =       0.05 sec    Generated terms =          4
            F141         Terms in output =          4
                         Bytes used      =        120

Time =       0.05 sec    Generated terms =          4
            F142         Terms in output =          4
                         Bytes used      =        120

Time =       0.05 sec    Generated terms =          4
            F143         Terms in output =          4
                         Bytes used      =        120

Time =       0.05 sec    Generated terms =          4
            F144         Terms in output =          4
                         Bytes used      =        120

Time =       0.05 sec    Generated terms =          4
            F145         Terms in output =          4
                         Bytes used      =        120

Time =       0.05 sec    Generated terms =          4
            F146         Terms in output =          4
                         Bytes used      =        120

Time =       0.05 sec    Generated terms =          4
            F147         Terms in output =          4
                         Bytes used      =        120

Time =       0.05 sec    Generated terms =          4
            F148         Terms in output =          4
                         Bytes used      =        120

Time =       0.05 sec    Generated terms =          4
            F149         Terms in output =          4
                         Bytes used      =        120

Time =       0.05 sec    Generated terms =          4
            F150         Terms in output =          4
                         Bytes used      =        120

Time =       0.05 sec    Generated terms =          4
            F151         Terms in output =          4
                         Bytes used      =        120

Time =       0.05 sec    Generated terms =          4
            F152         Terms in output =          4
                         Bytes used      =        120

Time =       0.05 sec    Generated terms =          2
            F153         Terms in output =          2
                         Bytes used      =         56

Time =       0.05 sec    Generated terms =          4
            F154         Terms in output =          4
                         Bytes used      =        120

Time =       0.05 sec    Generated terms =          4
            F155         Terms in output =          4
                         Bytes used      =        120

Time =       0.05 sec    Generated terms =          4
            F156         Terms in output =          4
                         Bytes used      =        120

Time =       0.05 sec    Generated terms =          4
            F157         Terms in output =          4
                         Bytes used      =        120

Time =       0.06 sec    Generated terms =          4
            F158         Terms in output =          4
                         Bytes used      =        120

Time =       0.06 sec    Generated terms =          4
            F159         Terms in output =          4
                         Bytes used      =        120

Time =       0.06 sec    Generated terms =          4
            F160         Terms in output =          4
                         Bytes used      =        120

Time =       0.06 sec    Generated terms =          4
            F161         Terms in output =          4
                         Bytes used      =        120

Time =       0.06 sec    Generated terms =          4
            F162         Terms in output =          4
                         Bytes used      =        120

Time =       0.06 sec    Generated terms =          4
            F163         Terms in output =          4
                         Bytes used      =        120

Time =       0.06 sec    Generated terms =          4
            F164         Terms in output =          4
                         Bytes used      =        120

Time =       0.06 sec    Generated terms =          4
            F165         Terms in output =          4
                         Bytes used      =        120

Time =       0.06 sec    Generated terms =          4
            F166         Terms in output =          4
                         Bytes used      =        120

Time =       0.06 sec    Generated terms =          2
            F167         Terms in output =          2
                         Bytes used      =         56

Time =       0.06 sec    Generated terms =          4
            F168         Terms in output =          4
                         Bytes used      =        120

Time =       0.06 sec    Generated terms =          4
            F169         Terms in output =          4
                         Bytes used      =        120

Time =       0.06 sec    Generated terms =          4
            F170         Terms in output =          4
                         Bytes used      =        120

Time =       0.06 sec    Generated terms =          4
            F171         Terms in output =          4
                         Bytes used      =        120

Time =       0.06 sec    Generated terms =          4
            F172         Terms in output =          4
                         Bytes used      =        120

Time =       0.06 sec    Generated terms =          4
            F173         Terms in output =          4
                         Bytes used      =        120

Time =       0.06 sec    Generated terms =          4
            F174         Terms in output =          4
                         Bytes used      =        120

Time =       0.06 sec    Generated terms =          4
            F175         Terms in output =          4
                         Bytes used      =        120

Time =       0.06 sec    Generated terms =          4
            F176         Terms in output =          4
                         Bytes used      =        120

Time =       0.06 sec    Generated terms =          4
            F177         Terms in output =          4
                         Bytes used      =        120

Time =       0.06 sec    Generated terms =          4
            F178         Terms in output =          4
                         Bytes used      =        120

Time =       0.06 sec    Generated terms =          4
            F179         Terms in output =          4
                         Bytes used      =        120

Time =       0.06 sec    Generated terms =          4
            F180         Terms in output =          4
                         Bytes used      =        120

Time =       0.06 sec    Generated terms =          2
            F181         Terms in output =          2
                         Bytes used      =         56

Time =       0.06 sec    Generated terms =          2
            F182         Terms in output =          2
                         Bytes used      =         56

Time =       0.06 sec    Generated terms =          2
            F183         Terms in output =          2
                         Bytes used      =         56

Time =       0.06 sec    Generated terms =          2
            F184         Terms in output =          2
                         Bytes used      =         56

Time =       0.06 sec    Generated terms =          2
            F185         Terms in output =          2
                         Bytes used      =         56

Time =       0.06 sec    Generated terms =          2
            F186         Terms in output =          2
                         Bytes used      =         56

Time =       0.06 sec    Generated terms =          2
            F187         Terms in output =          2
                         Bytes used      =         56

Time =       0.06 sec    Generated terms =          2
            F188         Terms in output =          2
                         Bytes used      =         56

Time =       0.06 sec    Generated terms =          2
            F189         Terms in output =          2
                         Bytes used      =         56

Time =       0.06 sec    Generated terms =          2
            F190         Terms in output =          2
                         Bytes used      =         56

Time =       0.06 sec    Generated terms =          2
            F191         Terms in output =          2
                         Bytes used      =         56

Time =       0.06 sec    Generated terms =          2
            F192         Terms in output =          2
                         Bytes used      =         56

Time =       0.06 sec    Generated terms =          2
            F193         Terms in output =          2
                         Bytes used      =         56

Time =       0.07 sec    Generated terms =          2
            F194         Terms in output =          2
                         Bytes used      =         56

Time =       0.07 sec    Generated terms =          1
            F195         Terms in output =          1
                         Bytes used      =         20
  0.07 sec + 0.17 sec: 0.24 sec out of 0.13 sec
~~~iter 0/195

Time =       0.07 sec    Generated terms =          4
               F         Terms in output =          2
                       0 Bytes used      =        144
  0.07 sec + 0.17 sec: 0.24 sec out of 0.13 sec
~~~iter 1/195

Time =       0.07 sec    Generated terms =          6
               F         Terms in output =          3
                       1 Bytes used      =        268
  0.07 sec + 0.17 sec: 0.24 sec out of 0.13 sec
~~~iter 2/195

Time =       0.07 sec    Generated terms =         10
               F         Terms in output =          6
                       2 Bytes used      =        532
  0.07 sec + 0.17 sec: 0.25 sec out of 0.13 sec
~~~iter 3/195

Time =       0.07 sec    Generated terms =         20
               F         Terms in output =         12
                       3 Bytes used      =       1132
  0.07 sec + 0.18 sec: 0.25 sec out of 0.13 sec
~~~iter 4/195

Time =       0.07 sec    Generated terms =         40
               F         Terms in output =         24
                       4 Bytes used      =       2396
  0.07 sec + 0.18 sec: 0.25 sec out of 0.14 sec
~~~iter 5/195

Time =       0.07 sec    Generated terms =         80
               F         Terms in output =         48
                       5 Bytes used      =       5040
  0.07 sec + 0.18 sec: 0.26 sec out of 0.14 sec
~~~iter 6/195

Time =       0.07 sec    Generated terms =        160
               F         Terms in output =         96
                       6 Bytes used      =      10560
  0.07 sec + 0.19 sec: 0.27 sec out of 0.14 sec
~~~iter 7/195

Time =       0.07 sec    Generated terms =        320
               F         Terms in output =        192
                       7 Bytes used      =      22024
  0.07 sec + 0.21 sec: 0.29 sec out of 0.14 sec
~~~iter 8/195

Time =       0.08 sec    Generated terms =        640
               F         Terms in output =        384
                       8 Bytes used      =      45808
  0.08 sec + 0.25 sec: 0.33 sec out of 0.15 sec
~~~iter 9/195

Time =       0.08 sec    Generated terms =       1280
               F         Terms in output =        768
                       9 Bytes used      =      95080
  0.08 sec + 0.31 sec: 0.39 sec out of 0.16 sec
~~~iter 10/195

Time =       0.08 sec    Generated terms =       2560
               F         Terms in output =       1536
                      10 Bytes used      =     196984
  0.08 sec + 0.43 sec: 0.52 sec out of 0.18 sec
~~~iter 11/195

Time =       0.09 sec    Generated terms =       5120
               F         Terms in output =       3072
                      11 Bytes used      =     407456
  0.09 sec + 0.58 sec: 0.67 sec out of 0.21 sec
~~~iter 12/195

Time =       0.10 sec    Generated terms =      10240
               F         Terms in output =       6144
                      12 Bytes used      =     841624
  0.10 sec + 0.86 sec: 0.97 sec out of 0.26 sec
~~~iter 13/195

Time =       0.11 sec    Generated terms =      10240
               F         Terms in output =       4096
                      13 Bytes used      =     636556
  0.11 sec + 1.13 sec: 1.24 sec out of 0.30 sec
~~~iter 14/195

Time =       0.11 sec    Generated terms =      14336
               F         Terms in output =       6144
                      14 Bytes used      =    1087204
  0.11 sec + 1.54 sec: 1.66 sec out of 0.36 sec
~~~iter 15/195

Time =       0.12 sec    Generated terms =      17920
               F         Terms in output =       6144
                      15 Bytes used      =    1232704
  0.12 sec + 2.14 sec: 2.27 sec out of 0.44 sec
~~~iter 16/195

Time =       0.13 sec    Generated terms =      18176
               F         Terms in output =       6656
                      16 Bytes used      =    1504828
  0.13 sec + 2.77 sec: 2.91 sec out of 0.53 sec
~~~iter 17/195

Time =       0.14 sec    Generated terms =      19968
               F         Terms in output =       7680
                      17 Bytes used      =    1844804
  0.14 sec + 3.46 sec: 3.61 sec out of 0.63 sec
~~~iter 18/195

Time =       0.16 sec    Generated terms =      23296
               F         Terms in output =       9088
                      18 Bytes used      =    2275468
  0.16 sec + 4.30 sec: 4.46 sec out of 0.75 sec
~~~iter 19/195

Time =       0.17 sec    Generated terms =      27744
               F         Terms in output =      10880
                      19 Bytes used      =    2822852
  0.17 sec + 5.32 sec: 5.50 sec out of 0.91 sec
~~~iter 20/195

Time =       0.19 sec    Generated terms =      33360
               F         Terms in output =      13088
                      20 Bytes used      =    3511268
  0.19 sec + 6.56 sec: 6.76 sec out of 1.07 sec
~~~iter 21/195

Time =       0.21 sec    Generated terms =      40240
               F         Terms in output =      15776
                      21 Bytes used      =    4373256
  0.21 sec + 8.09 sec: 8.31 sec out of 1.29 sec
~~~iter 22/195

Time =       0.24 sec    Generated terms =      48592
               F         Terms in output =      19032
                      22 Bytes used      =    5448504
  0.24 sec + 9.97 sec: 10.21 sec out of 1.56 sec
~~~iter 23/195

Time =       0.28 sec    Generated terms =      58690
               F         Terms in output =      22968
                      23 Bytes used      =    6783600
  0.28 sec + 12.26 sec: 12.54 sec out of 1.93 sec
~~~iter 24/195

Time =       0.31 sec    Generated terms =      70883
               F         Terms in output =      27722
                      24 Bytes used      =    8424012
  0.31 sec + 15.08 sec: 15.40 sec out of 2.34 sec
~~~iter 25/195

Time =       0.36 sec    Generated terms =      80698
               F         Terms in output =      33462
                      25 Bytes used      =   10472760
  0.36 sec + 18.46 sec: 18.82 sec out of 2.81 sec
~~~iter 26/195

Time =       0.41 sec    Generated terms =     104302
               F         Terms in output =      33462
                      26 Bytes used      =   11828616
  0.41 sec + 22.82 sec: 23.23 sec out of 3.43 sec
~~~iter 27/195

Time =       0.46 sec    Generated terms =      57123
               F         Terms in output =      23661
                      27 Bytes used      =    8547416
  0.46 sec + 24.75 sec: 25.21 sec out of 3.72 sec
~~~iter 28/195

Time =       0.50 sec    Generated terms =      83052
               F         Terms in output =      33462
                      28 Bytes used      =   12919272
  0.50 sec + 27.88 sec: 28.38 sec out of 4.17 sec
~~~iter 29/195

Time =       0.55 sec    Generated terms =      98194
               F         Terms in output =      33462
                      29 Bytes used      =   13480776
  0.56 sec + 32.18 sec: 32.74 sec out of 4.78 sec
~~~iter 30/195

Time =       0.61 sec    Generated terms =      98549
               F         Terms in output =      33462
                      30 Bytes used      =   14466736
  0.61 sec + 36.53 sec: 37.14 sec out of 5.40 sec
~~~iter 31/195

Time =       0.67 sec    Generated terms =      98700
               F         Terms in output =      34158
                      31 Bytes used      =   15719748
  0.67 sec + 40.94 sec: 41.62 sec out of 6.03 sec
~~~iter 32/195

Time =       0.73 sec    Generated terms =     101384
               F         Terms in output =      35598
                      32 Bytes used      =   17177360
  0.73 sec + 45.49 sec: 46.23 sec out of 6.68 sec
~~~iter 33/195

Time =       0.80 sec    Generated terms =     106053
               F         Terms in output =      37621
                      33 Bytes used      =   18863084
  0.80 sec + 50.34 sec: 51.15 sec out of 7.36 sec
~~~iter 34/195

Time =       0.88 sec    Generated terms =     112430
               F         Terms in output =      40120
                      34 Bytes used      =   20800212
  0.88 sec + 55.53 sec: 56.41 sec out of 8.10 sec
~~~iter 35/195

Time =       0.96 sec    Generated terms =     120022
               F         Terms in output =      43000
                      35 Bytes used      =   23003120
  0.96 sec + 61.17 sec: 62.14 sec out of 8.91 sec
~~~iter 36/195

Time =       1.05 sec    Generated terms =     128648
               F         Terms in output =      46152
                      36 Bytes used      =   25459784
  1.05 sec + 67.37 sec: 68.42 sec out of 9.78 sec
~~~iter 37/195

Time =       1.16 sec    Generated terms =     137174
               F         Terms in output =      49329
                      37 Bytes used      =   28140708
  1.16 sec + 74.04 sec: 75.20 sec out of 10.76 sec
~~~iter 38/195

Time =       1.29 sec    Generated terms =     145747
               F         Terms in output =      52146
                      38 Bytes used      =   30983712
  1.29 sec + 81.32 sec: 82.62 sec out of 11.83 sec
~~~iter 39/195

Time =       1.42 sec    Generated terms =     152296
               F         Terms in output =      52146
                      39 Bytes used      =   33524792
  1.42 sec + 89.09 sec: 90.52 sec out of 12.97 sec
~~~iter 40/195

Time =       1.56 sec    Generated terms =     162090
               F         Terms in output =      52146
                      40 Bytes used      =   35856240
  1.56 sec + 97.24 sec: 98.81 sec out of 14.19 sec
~~~iter 41/195

Time =       1.68 sec    Generated terms =      89847
               F         Terms in output =      37701
                      41 Bytes used      =   26012704
  1.68 sec + 100.93 sec: 102.62 sec out of 14.79 sec
~~~iter 42/195

Time =       1.81 sec    Generated terms =     131418
               F         Terms in output =      52146
                      42 Bytes used      =   37927952
  1.81 sec + 106.94 sec: 108.75 sec out of 15.71 sec
~~~iter 43/195

Time =       1.95 sec    Generated terms =     153864
               F         Terms in output =      52146
                      43 Bytes used      =   39045092
  1.95 sec + 115.01 sec: 116.97 sec out of 16.93 sec
~~~iter 44/195

Time =       2.12 sec    Generated terms =     153484
               F         Terms in output =      52146
                      44 Bytes used      =   40827836
  2.12 sec + 123.20 sec: 125.33 sec out of 18.14 sec
~~~iter 45/195

Time =       2.29 sec    Generated terms =     153237
               F         Terms in output =      52146
                      45 Bytes used      =   42945112
  2.29 sec + 131.50 sec: 133.80 sec out of 19.38 sec
~~~iter 46/195

Time =       2.46 sec    Generated terms =     153408
               F         Terms in output =      52434
                      46 Bytes used      =   45313988
  2.46 sec + 139.86 sec: 142.32 sec out of 20.63 sec
~~~iter 47/195

Time =       2.63 sec    Generated terms =     154387
               F         Terms in output =      53070
                      47 Bytes used      =   47900172
  2.63 sec + 148.36 sec: 150.99 sec out of 21.95 sec
~~~iter 48/195

Time =       2.81 sec    Generated terms =     156347
               F         Terms in output =      53982
                      48 Bytes used      =   50690896
  2.81 sec + 157.14 sec: 159.95 sec out of 23.29 sec
~~~iter 49/195

Time =       3.00 sec    Generated terms =     158951
               F         Terms in output =      55048
                      49 Bytes used      =   53681564
  3.00 sec + 166.12 sec: 169.13 sec out of 24.67 sec
~~~iter 50/195

Time =       3.21 sec    Generated terms =     161911
               F         Terms in output =      56080
                      50 Bytes used      =   56844304
  3.21 sec + 175.40 sec: 178.62 sec out of 26.09 sec
~~~iter 51/195

Time =       3.44 sec    Generated terms =     164366
               F         Terms in output =      56854
                      51 Bytes used      =   60098956
  3.44 sec + 184.94 sec: 188.38 sec out of 27.58 sec
~~~iter 52/195

Time =       3.67 sec    Generated terms =     167437
               F         Terms in output =      56854
                      52 Bytes used      =   63268960
  3.67 sec + 194.87 sec: 198.54 sec out of 29.12 sec
~~~iter 53/195

Time =       3.92 sec    Generated terms =     166001
               F         Terms in output =      56854
                      53 Bytes used      =   66227700
  3.92 sec + 204.90 sec: 208.83 sec out of 30.72 sec
~~~iter 54/195

Time =       4.18 sec    Generated terms =     176008
               F         Terms in output =      56854
                      54 Bytes used      =   68733584
  4.18 sec + 215.40 sec: 219.58 sec out of 32.38 sec
~~~iter 55/195

Time =       4.37 sec    Generated terms =      98273
               F         Terms in output =      41419
                      55 Bytes used      =   49881412
  4.37 sec + 220.25 sec: 224.62 sec out of 33.22 sec
~~~iter 56/195

Time =       4.63 sec    Generated terms =     143518
               F         Terms in output =      56854
                      56 Bytes used      =   71000980
  4.63 sec + 228.04 sec: 232.68 sec out of 34.50 sec
~~~iter 57/195

Time =       4.92 sec    Generated terms =     167586
               F         Terms in output =      56854
                      57 Bytes used      =   72181384
  4.92 sec + 238.40 sec: 243.32 sec out of 36.17 sec
~~~iter 58/195

Time =       5.18 sec    Generated terms =     167205
               F         Terms in output =      56854
                      58 Bytes used      =   74101532
  5.18 sec + 248.76 sec: 253.94 sec out of 37.86 sec
~~~iter 59/195

Time =       5.44 sec    Generated terms =     166697
               F         Terms in output =      56854
                      59 Bytes used      =   76482236
  5.44 sec + 259.16 sec: 264.61 sec out of 39.53 sec
~~~iter 60/195

Time =       5.71 sec    Generated terms =     166678
               F         Terms in output =      56854
                      60 Bytes used      =   79223352
  5.71 sec + 269.63 sec: 275.34 sec out of 41.21 sec
~~~iter 61/195

Time =       5.99 sec    Generated terms =     166601
               F         Terms in output =      56917
                      61 Bytes used      =   82308140
  5.99 sec + 280.25 sec: 286.24 sec out of 42.95 sec
~~~iter 62/195

Time =       6.28 sec    Generated terms =     166782
               F         Terms in output =      57050
                      62 Bytes used      =   85725156
  6.28 sec + 291.01 sec: 297.30 sec out of 44.72 sec
~~~iter 63/195

Time =       6.61 sec    Generated terms =     167094
               F         Terms in output =      57210
                      63 Bytes used      =   89423888
  6.61 sec + 301.90 sec: 308.52 sec out of 46.49 sec
~~~iter 64/195

Time =       6.96 sec    Generated terms =     167615
               F         Terms in output =      57332
                      64 Bytes used      =   93322944
  6.96 sec + 312.90 sec: 319.86 sec out of 48.35 sec
~~~iter 65/195

Time =       7.30 sec    Generated terms =     167862
               F         Terms in output =      57332
                      65 Bytes used      =   97307020
  7.30 sec + 324.13 sec: 331.43 sec out of 50.24 sec
~~~iter 66/195

Time =       7.62 sec    Generated terms =     168745
               F         Terms in output =      57332
                      66 Bytes used      =  101209772
  7.62 sec + 335.48 sec: 343.10 sec out of 52.14 sec
~~~iter 67/195

Time =       7.98 sec    Generated terms =     167307
               F         Terms in output =      57332
                      67 Bytes used      =  105027364
  7.98 sec + 346.94 sec: 354.92 sec out of 54.10 sec
~~~iter 68/195

Time =       8.35 sec    Generated terms =     177318
               F         Terms in output =      57332
                      68 Bytes used      =  108253276
  8.35 sec + 359.12 sec: 367.48 sec out of 56.20 sec
~~~iter 69/195

Time =       8.65 sec    Generated terms =      99154
               F         Terms in output =      41822
                      69 Bytes used      =   78696560
  8.65 sec + 364.73 sec: 373.38 sec out of 57.23 sec
~~~iter 70/195

Time =       9.01 sec    Generated terms =     144712
               F         Terms in output =      57332
                      70 Bytes used      =  111186216
  9.01 sec + 373.79 sec: 382.80 sec out of 58.85 sec
~~~iter 71/195

Time =       9.39 sec    Generated terms =     168892
               F         Terms in output =      57332
                      71 Bytes used      =  112795620
  9.39 sec + 385.82 sec: 395.22 sec out of 60.90 sec
~~~iter 72/195

Time =       9.77 sec    Generated terms =     168513
               F         Terms in output =      57332
                      72 Bytes used      =  115273644
  9.77 sec + 397.79 sec: 407.56 sec out of 62.94 sec
~~~iter 73/195

Time =      10.14 sec    Generated terms =     168003
               F         Terms in output =      57332
                      73 Bytes used      =  118213976
  10.14 sec + 409.77 sec: 419.91 sec out of 64.97 sec
~~~iter 74/195

Time =      10.52 sec    Generated terms =     167944
               F         Terms in output =      57332
                      74 Bytes used      =  121475808
  10.52 sec + 421.83 sec: 432.36 sec out of 67.04 sec
~~~iter 75/195

Time =      10.92 sec    Generated terms =     167849
               F         Terms in output =      57332
                      75 Bytes used      =  125008860
  10.92 sec + 434.07 sec: 445.00 sec out of 69.19 sec
~~~iter 76/195

Time =      11.31 sec    Generated terms =     167845
               F         Terms in output =      57338
                      76 Bytes used      =  128750792
  11.31 sec + 446.35 sec: 457.66 sec out of 71.28 sec
~~~iter 77/195

Time =      11.72 sec    Generated terms =     167839
               F         Terms in output =      57346
                      77 Bytes used      =  132644540
  11.72 sec + 458.75 sec: 470.47 sec out of 73.43 sec
~~~iter 78/195

Time =      12.15 sec    Generated terms =     167994
               F         Terms in output =      57346
                      78 Bytes used      =  136656100
  12.15 sec + 471.37 sec: 483.52 sec out of 75.64 sec
~~~iter 79/195

Time =      12.60 sec    Generated terms =     167895
               F         Terms in output =      57346
                      79 Bytes used      =  140728600
  12.60 sec + 484.13 sec: 496.73 sec out of 77.90 sec
~~~iter 80/195

Time =      13.07 sec    Generated terms =     168778
               F         Terms in output =      57346
                      80 Bytes used      =  144797112
  13.07 sec + 496.94 sec: 510.01 sec out of 80.15 sec
~~~iter 81/195

Time =      13.53 sec    Generated terms =     167340
               F         Terms in output =      57346
                      81 Bytes used      =  148661680
  13.53 sec + 509.96 sec: 523.50 sec out of 82.50 sec
~~~iter 82/195

Time =      14.01 sec    Generated terms =     177351
               F         Terms in output =      57346
                      82 Bytes used      =  152178848
  14.01 sec + 523.62 sec: 537.64 sec out of 85.12 sec
~~~iter 83/195

Time =      14.37 sec    Generated terms =      99181
               F         Terms in output =      41835
                      83 Bytes used      =  110759000
  14.37 sec + 530.10 sec: 544.47 sec out of 86.50 sec
~~~iter 84/195

Time =      14.80 sec    Generated terms =     144744
               F         Terms in output =      57346
                      84 Bytes used      =  155477524
  14.80 sec + 540.29 sec: 555.09 sec out of 88.40 sec
~~~iter 85/195

Time =      15.28 sec    Generated terms =     168925
               F         Terms in output =      57346
                      85 Bytes used      =  157427088
  15.28 sec + 553.67 sec: 568.96 sec out of 90.79 sec
~~~iter 86/195

Time =      15.75 sec    Generated terms =     168546
               F         Terms in output =      57346
                      86 Bytes used      =  160435480
  15.75 sec + 567.21 sec: 582.96 sec out of 93.21 sec
~~~iter 87/195

Time =      16.23 sec    Generated terms =     168036
               F         Terms in output =      57346
                      87 Bytes used      =  163990876
  16.23 sec + 580.83 sec: 597.07 sec out of 95.61 sec
~~~iter 88/195

Time =      16.75 sec    Generated terms =     167977
               F         Terms in output =      57346
                      88 Bytes used      =  167963644
  16.75 sec + 594.53 sec: 611.29 sec out of 98.06 sec
~~~iter 89/195

Time =      17.30 sec    Generated terms =     167880
               F         Terms in output =      57346
                      89 Bytes used      =  172273432
  17.30 sec + 608.48 sec: 625.78 sec out of 100.68 sec
~~~iter 90/195

Time =      17.88 sec    Generated terms =     167880
               F         Terms in output =      57346
                      90 Bytes used      =  176836544
  17.88 sec + 622.51 sec: 640.39 sec out of 103.26 sec
~~~iter 91/195

Time =      18.47 sec    Generated terms =     167862
               F         Terms in output =      57346
                      91 Bytes used      =  181619684
  18.47 sec + 636.70 sec: 655.17 sec out of 105.94 sec
~~~iter 92/195

Time =      19.02 sec    Generated terms =     167994
               F         Terms in output =      57346
                      92 Bytes used      =  186573372
  19.02 sec + 651.02 sec: 670.04 sec out of 108.53 sec
~~~iter 93/195

Time =      19.59 sec    Generated terms =     167895
               F         Terms in output =      57346
                      93 Bytes used      =  191606624
  19.59 sec + 665.45 sec: 685.04 sec out of 111.18 sec
~~~iter 94/195

Time =      20.17 sec    Generated terms =     168778
               F         Terms in output =      57346
                      94 Bytes used      =  196547784
  20.17 sec + 680.15 sec: 700.33 sec out of 113.83 sec
~~~iter 95/195

Time =      20.79 sec    Generated terms =     167340
               F         Terms in output =      57346
                      95 Bytes used      =  201220112
  20.79 sec + 694.88 sec: 715.67 sec out of 116.53 sec
~~~iter 96/195

Time =      21.43 sec    Generated terms =     177351
               F         Terms in output =      57346
                      96 Bytes used      =  205142176
  21.43 sec + 710.45 sec: 731.88 sec out of 119.44 sec
~~~iter 97/195

Time =      21.88 sec    Generated terms =      99181
               F         Terms in output =      41835
                      97 Bytes used      =  149295680
  21.88 sec + 717.98 sec: 739.87 sec out of 120.98 sec
~~~iter 98/195

Time =      22.45 sec    Generated terms =     144744
               F         Terms in output =      57346
                      98 Bytes used      =  208633324
  22.45 sec + 729.49 sec: 751.94 sec out of 123.31 sec
~~~iter 99/195

Time =      23.08 sec    Generated terms =     168925
               F         Terms in output =      57346
                      99 Bytes used      =  210503832
  23.08 sec + 744.86 sec: 767.94 sec out of 126.20 sec
~~~iter 100/195

Time =      23.69 sec    Generated terms =     168546
               F         Terms in output =      57346
                     100 Bytes used      =  213387312
  23.69 sec + 760.34 sec: 784.03 sec out of 129.04 sec
~~~iter 101/195

Time =      24.33 sec    Generated terms =     168036
               F         Terms in output =      57346
                     101 Bytes used      =  216880092
  24.33 sec + 775.76 sec: 800.09 sec out of 131.94 sec
~~~iter 102/195

Time =      25.12 sec    Generated terms =     167977
               F         Terms in output =      57346
                     102 Bytes used      =  220826620
  25.12 sec + 791.41 sec: 816.54 sec out of 135.09 sec
~~~iter 103/195

Time =      25.79 sec    Generated terms =     167880
               F         Terms in output =      57346
                     103 Bytes used      =  225194816
  25.79 sec + 807.01 sec: 832.81 sec out of 138.00 sec
~~~iter 104/195

Time =      26.49 sec    Generated terms =     167880
               F         Terms in output =      57346
                     104 Bytes used      =  229934984
  26.49 sec + 823.01 sec: 849.51 sec out of 141.24 sec
~~~iter 105/195

Time =      27.17 sec    Generated terms =     167862
               F         Terms in output =      57346
                     105 Bytes used      =  234997676
  27.17 sec + 839.06 sec: 866.23 sec out of 144.23 sec
~~~iter 106/195

Time =      27.89 sec    Generated terms =     167994
               F         Terms in output =      57346
                     106 Bytes used      =  240334956
  27.89 sec + 855.40 sec: 883.29 sec out of 147.25 sec
~~~iter 107/195

Time =      28.66 sec    Generated terms =     167895
               F         Terms in output =      57346
                     107 Bytes used      =  245856632
  28.66 sec + 871.72 sec: 900.39 sec out of 150.37 sec
~~~iter 108/195

Time =      29.40 sec    Generated terms =     168778
               F         Terms in output =      57346
                     108 Bytes used      =  251384376
  29.40 sec + 888.30 sec: 917.70 sec out of 153.46 sec
~~~iter 109/195

Time =      30.16 sec    Generated terms =     167340
               F         Terms in output =      57346
                     109 Bytes used      =  256809680
  30.16 sec + 905.18 sec: 935.35 sec out of 156.68 sec
~~~iter 110/195

Time =      30.98 sec    Generated terms =     177351
               F         Terms in output =      57346
                     110 Bytes used      =  261583640
  30.98 sec + 922.89 sec: 953.88 sec out of 160.14 sec
~~~iter 111/195

Time =      31.53 sec    Generated terms =      99181
               F         Terms in output =      41835
                     111 Bytes used      =  190515872
  31.53 sec + 931.33 sec: 962.86 sec out of 161.92 sec
~~~iter 112/195

Time =      32.19 sec    Generated terms =     144744
               F         Terms in output =      57346
                     112 Bytes used      =  265798452
  32.19 sec + 944.50 sec: 976.69 sec out of 164.46 sec
~~~iter 113/195

Time =      33.00 sec    Generated terms =     168925
               F         Terms in output =      57346
                     113 Bytes used      =  268212208
  33.00 sec + 962.06 sec: 995.06 sec out of 167.80 sec
~~~iter 114/195

Time =      33.83 sec    Generated terms =     168546
               F         Terms in output =      57346
                     114 Bytes used      =  271917432
  33.83 sec + 979.48 sec: 1013.32 sec out of 171.13 sec
~~~iter 115/195

Time =      34.65 sec    Generated terms =     168036
               F         Terms in output =      57346
                     115 Bytes used      =  276281812
  34.65 sec + 997.08 sec: 1031.74 sec out of 174.53 sec
~~~iter 116/195

Time =      35.48 sec    Generated terms =     167977
               F         Terms in output =      57346
                     116 Bytes used      =  281081748
  35.48 sec + 1014.76 sec: 1050.24 sec out of 177.90 sec
~~~iter 117/195

Time =      36.42 sec    Generated terms =     167880
               F         Terms in output =      57346
                     117 Bytes used      =  286262760
  36.42 sec + 1032.95 sec: 1069.37 sec out of 181.31 sec
~~~iter 118/195

Time =      37.27 sec    Generated terms =     167880
               F         Terms in output =      57346
                     118 Bytes used      =  291729632
  37.28 sec + 1050.82 sec: 1088.10 sec out of 184.71 sec
~~~iter 119/195
