TFORM 5.0.1 (Jul 23 2026, v5.0.1-24-g2afdaf9) 8 workers  Run: Thu Jul 23 15:05:17 2026
    #-

Time =       0.06 sec    Generated terms =       6001  (  6 K  )
            test         Terms in output =       6001  (  6 K  )
                 setup-0 Bytes used      =     144196  (144 KiB)
                         Unsorted bytes  =     936060  (936 KiB)
                         Small Buffer    =    0,    0
                         Large Buffer    =    0,    0
                         Comparisons     =      17999  ( 18 K  )
                         Largest Term    =         39  ( <1 K  )

Time =       1.88 sec    Generated terms =       6001  (  6 K  )
            test         Terms in output =       6001  (  6 K  )
                 setup-1 Bytes used      =     336092  (336 KiB)
                         Unsorted bytes  = 1152312060  (  1 GiB)
                         Small Buffer    =    0,   88
                         Large Buffer    =    0,    0
                         Comparisons     =  209014844  (209 M  )
                         Largest Term    =      48013  ( 48 K  )

Time =       5.66 sec    Generated terms =   36000001  ( 36 M  )
            test         Terms in output =       6001  (  6 K  )
               acc x 1/4 Bytes used      = 1152264072  (  1 GiB)
                         Unsorted bytes  = 3023808060  (  3 GiB)
                         Small Buffer    =    0,  240
                         Large Buffer    =    0,    0
                         Comparisons     =  401667014  (402 M  )
                         Largest Term    =      48013  ( 48 K  )

Time =       9.52 sec    Generated terms =   36000001  ( 36 M  )
            test         Terms in output =       6001  (  6 K  )
               acc y 1/4 Bytes used      = 1152264072  (  1 GiB)
                         Unsorted bytes  = 3023808060  (  3 GiB)
                         Small Buffer    =    0,  240
                         Large Buffer    =    0,    0
                         Comparisons     =  401350975  (401 M  )
                         Largest Term    =      48013  ( 48 K  )

Time =      13.28 sec    Generated terms =   36000001  ( 36 M  )
            test         Terms in output =       6001  (  6 K  )
               acc x 2/4 Bytes used      = 1152264072  (  1 GiB)
                         Unsorted bytes  = 3023808060  (  3 GiB)
                         Small Buffer    =    0,  240
                         Large Buffer    =    0,    0
                         Comparisons     =  401658882  (402 M  )
                         Largest Term    =      48013  ( 48 K  )
