TFORM 5.0.0-beta.1 (Jun  2 2026, v5.0.0-beta.1-366-g110a553) 16 workers  Run: Wed Jul 22 13:24:22 2026
    #-

Time =       0.00 sec    Generated terms =       2501  (  3 K  )
            test         Terms in output =       2501  (  3 K  )
                 setup-0 Bytes used      =      60196  ( 60 KiB)
                         Unsorted bytes  =     390060  (390 KiB)
                         Small Buffer    =    0,    0
                         Large Buffer    =    0,    0
                         Comparisons     =       7499  (  7 K  )

Time =       0.24 sec    Generated terms =       2501  (  3 K  )
            test         Terms in output =       2501  (  3 K  )
                 setup-1 Bytes used      =     140092  (140 KiB)
                         Unsorted bytes  =  200130060  (200 MiB)
                         Small Buffer    =    0,    0
                         Large Buffer    =    0,    0
                         Comparisons     =   31922774  ( 32 M  )

Time =       0.61 sec    Generated terms =    6250001  (  6 M  )
            test         Terms in output =       2501  (  3 K  )
               acc x 1/4 Bytes used      =  200110072  (200 MiB)
                         Unsorted bytes  =  524920060  (525 MiB)
                         Small Buffer    =    0,    0
                         Large Buffer    =    0,    0
                         Comparisons     =   68309248  ( 68 M  )

Time =       0.94 sec    Generated terms =    6250001  (  6 M  )
            test         Terms in output =       2501  (  3 K  )
               acc y 1/4 Bytes used      =  200110072  (200 MiB)
                         Unsorted bytes  =  524920060  (525 MiB)
                         Small Buffer    =    0,    0
                         Large Buffer    =    0,    0
                         Comparisons     =   68462058  ( 68 M  )

Time =       1.19 sec    Generated terms =    6250001  (  6 M  )
            test         Terms in output =       2501  (  3 K  )
               acc x 2/4 Bytes used      =  200110072  (200 MiB)
                         Unsorted bytes  =  524920060  (525 MiB)
                         Small Buffer    =    0,    0
                         Large Buffer    =    0,    0
                         Comparisons     =   68472292  ( 68 M  )

Time =       1.42 sec    Generated terms =    6250001  (  6 M  )
            test         Terms in output =       2501  (  3 K  )
               acc y 2/4 Bytes used      =  200110072  (200 MiB)
                         Unsorted bytes  =  524920060  (525 MiB)
                         Small Buffer    =    0,    0
                         Large Buffer    =    0,    0
                         Comparisons     =   68342748  ( 68 M  )

Time =       1.66 sec    Generated terms =    6250001  (  6 M  )
            test         Terms in output =       2501  (  3 K  )
               acc x 3/4 Bytes used      =  200110072  (200 MiB)
                         Unsorted bytes  =  524920060  (525 MiB)
                         Small Buffer    =    0,    0
                         Large Buffer    =    0,    0
                         Comparisons     =   68274790  ( 68 M  )

Time =       1.91 sec    Generated terms =    6250001  (  6 M  )
            test         Terms in output =       2501  (  3 K  )
               acc y 3/4 Bytes used      =  200110072  (200 MiB)
                         Unsorted bytes  =  524920060  (525 MiB)
                         Small Buffer    =    0,    0
                         Large Buffer    =    0,    0
                         Comparisons     =   68405170  ( 68 M  )

Time =       2.14 sec    Generated terms =    6250001  (  6 M  )
            test         Terms in output =       2501  (  3 K  )
               acc x 4/4 Bytes used      =  200110072  (200 MiB)
                         Unsorted bytes  =  524920060  (525 MiB)
                         Small Buffer    =    0,    0
                         Large Buffer    =    0,    0
                         Comparisons     =   68310293  ( 68 M  )

Time =       2.41 sec    Generated terms =    6250001  (  6 M  )
            test         Terms in output =       2501  (  3 K  )
               acc y 4/4 Bytes used      =  200110072  (200 MiB)
                         Unsorted bytes  =  524920060  (525 MiB)
                         Small Buffer    =    0,    0
                         Large Buffer    =    0,    0
                         Comparisons     =   68449821  ( 68 M  )

Time =       2.47 sec    Generated terms =       2501  (  3 K  )
            test         Terms in output =          0  ( <1 K  )
                         Bytes used      =          4  ( <1 KiB)
                         Unsorted bytes  =     128100  (128 KiB)
                         Small Buffer    =    0,    0
                         Large Buffer    =    0,    0
                         Comparisons     =       4610  (  5 K  )

Time =       2.47 sec    Generated terms =          0  ( <1 K  )
            test         Terms in output =          0  ( <1 K  )
                         Bytes used      =          4  ( <1 KiB)
                         Unsorted bytes  =          0  ( <1 KiB)
                         Small Buffer    =    0,    0
                         Large Buffer    =    0,    0
                         Comparisons     =          0  ( <1 K  )
  2.47 sec + 87.34 sec: 89.81 sec out of 7.35 sec
