TFORM 5.0.1 (Jul 23 2026, v5.0.1-24-g2afdaf9) 16 workers  Run: Thu Jul 23 15:05:39 2026
    #-

Time =       0.01 sec    Generated terms =       6001  (  6 K  )
            test         Terms in output =       6001  (  6 K  )
                 setup-0 Bytes used      =     144196  (144 KiB)
                         Unsorted bytes  =     936060  (936 KiB)
                         Small Buffer    =    0,    0
                         Large Buffer    =    0,    0
                         Comparisons     =      17999  ( 18 K  )
                         Largest Term    =         39  ( <1 K  )

Time =       0.65 sec    Generated terms =       6001  (  6 K  )
            test         Terms in output =       6001  (  6 K  )
                 setup-1 Bytes used      =     336092  (336 KiB)
                         Unsorted bytes  = 1152312060  (  1 GiB)
                         Small Buffer    =    0,  177
                         Large Buffer    =    0,    0
                         Comparisons     =  245176872  (245 M  )
                         Largest Term    =      48013  ( 48 K  )

Time =       2.18 sec    Generated terms =   36000001  ( 36 M  )
            test         Terms in output =       6001  (  6 K  )
               acc x 1/4 Bytes used      = 1152264072  (  1 GiB)
                         Unsorted bytes  = 3023808060  (  3 GiB)
                         Small Buffer    =    0,  477
                         Large Buffer    =    0,    0
                         Comparisons     =  421364670  (421 M  )
                         Largest Term    =      48013  ( 48 K  )

Time =       3.84 sec    Generated terms =   36000001  ( 36 M  )
            test         Terms in output =       6001  (  6 K  )
               acc y 1/4 Bytes used      = 1152264072  (  1 GiB)
                         Unsorted bytes  = 3023808060  (  3 GiB)
                         Small Buffer    =    0,  479
                         Large Buffer    =    0,    0
                         Comparisons     =  421368643  (421 M  )
                         Largest Term    =      48013  ( 48 K  )

Time =       5.05 sec    Generated terms =   36000001  ( 36 M  )
            test         Terms in output =       6001  (  6 K  )
               acc x 2/4 Bytes used      = 1152264072  (  1 GiB)
                         Unsorted bytes  = 3023808060  (  3 GiB)
                         Small Buffer    =    0,  478
                         Large Buffer    =    0,    0
                         Comparisons     =  421242652  (421 M  )
                         Largest Term    =      48013  ( 48 K  )

Time =       6.15 sec    Generated terms =   36000001  ( 36 M  )
            test         Terms in output =       6001  (  6 K  )
               acc y 2/4 Bytes used      = 1152264072  (  1 GiB)
                         Unsorted bytes  = 3023808060  (  3 GiB)
                         Small Buffer    =    0,  479
                         Large Buffer    =    0,    0
                         Comparisons     =  421348576  (421 M  )
                         Largest Term    =      48013  ( 48 K  )

Time =       7.30 sec    Generated terms =   36000001  ( 36 M  )
            test         Terms in output =       6001  (  6 K  )
               acc x 3/4 Bytes used      = 1152264072  (  1 GiB)
                         Unsorted bytes  = 3023808060  (  3 GiB)
                         Small Buffer    =    0,  479
                         Large Buffer    =    0,    0
                         Comparisons     =  422307297  (422 M  )
                         Largest Term    =      48013  ( 48 K  )

Time =       8.52 sec    Generated terms =   36000001  ( 36 M  )
            test         Terms in output =       6001  (  6 K  )
               acc y 3/4 Bytes used      = 1152264072  (  1 GiB)
                         Unsorted bytes  = 3023808060  (  3 GiB)
                         Small Buffer    =    0,  478
                         Large Buffer    =    0,    0
                         Comparisons     =  421556049  (422 M  )
                         Largest Term    =      48013  ( 48 K  )
