TFORM 4.1 (May 14 2026, v4.1-20131025-926-g64d92a4-dirty) 16 workers  Run: Fri May 15 18:30:40 2026
    #-

Time =       0.00 sec    Generated terms =          4
              F0         Terms in output =          4
                         Bytes used      =        120

Time =       0.00 sec    Generated terms =          4
              F1         Terms in output =          4
                         Bytes used      =        120

Time =       0.00 sec    Generated terms =          4
              F2         Terms in output =          4
                         Bytes used      =        120

Time =       0.00 sec    Generated terms =          4
              F3         Terms in output =          4
                         Bytes used      =        120

Time =       0.00 sec    Generated terms =          4
              F4         Terms in output =          4
                         Bytes used      =        120

Time =       0.00 sec    Generated terms =          4
              F5         Terms in output =          4
                         Bytes used      =        120

Time =       0.00 sec    Generated terms =          4
              F6         Terms in output =          4
                         Bytes used      =        120

Time =       0.00 sec    Generated terms =          4
              F7         Terms in output =          4
                         Bytes used      =        120

Time =       0.00 sec    Generated terms =          4
              F8         Terms in output =          4
                         Bytes used      =        120

Time =       0.00 sec    Generated terms =          4
              F9         Terms in output =          4
                         Bytes used      =        120

Time =       0.00 sec    Generated terms =          4
             F10         Terms in output =          4
                         Bytes used      =        120

Time =       0.00 sec    Generated terms =          4
             F11         Terms in output =          4
                         Bytes used      =        120

Time =       0.00 sec    Generated terms =          4
             F12         Terms in output =          4
                         Bytes used      =        120

Time =       0.00 sec    Generated terms =          2
             F13         Terms in output =          2
                         Bytes used      =         56

Time =       0.00 sec    Generated terms =          4
             F14         Terms in output =          4
                         Bytes used      =        120

Time =       0.00 sec    Generated terms =          4
             F15         Terms in output =          4
                         Bytes used      =        120

Time =       0.00 sec    Generated terms =          4
             F16         Terms in output =          4
                         Bytes used      =        120

Time =       0.00 sec    Generated terms =          4
             F17         Terms in output =          4
                         Bytes used      =        120

Time =       0.00 sec    Generated terms =          4
             F18         Terms in output =          4
                         Bytes used      =        120

Time =       0.00 sec    Generated terms =          4
             F19         Terms in output =          4
                         Bytes used      =        120

Time =       0.00 sec    Generated terms =          4
             F20         Terms in output =          4
                         Bytes used      =        120

Time =       0.00 sec    Generated terms =          4
             F21         Terms in output =          4
                         Bytes used      =        120

Time =       0.00 sec    Generated terms =          4
             F22         Terms in output =          4
                         Bytes used      =        120

Time =       0.00 sec    Generated terms =          4
             F23         Terms in output =          4
                         Bytes used      =        120

Time =       0.00 sec    Generated terms =          4
             F24         Terms in output =          4
                         Bytes used      =        120

Time =       0.00 sec    Generated terms =          4
             F25         Terms in output =          4
                         Bytes used      =        120

Time =       0.00 sec    Generated terms =          4
             F26         Terms in output =          4
                         Bytes used      =        120

Time =       0.00 sec    Generated terms =          2
             F27         Terms in output =          2
                         Bytes used      =         56

Time =       0.01 sec    Generated terms =          4
             F28         Terms in output =          4
                         Bytes used      =        120

Time =       0.01 sec    Generated terms =          4
             F29         Terms in output =          4
                         Bytes used      =        120

Time =       0.01 sec    Generated terms =          4
             F30         Terms in output =          4
                         Bytes used      =        120

Time =       0.01 sec    Generated terms =          4
             F31         Terms in output =          4
                         Bytes used      =        120

Time =       0.01 sec    Generated terms =          4
             F32         Terms in output =          4
                         Bytes used      =        120

Time =       0.01 sec    Generated terms =          4
             F33         Terms in output =          4
                         Bytes used      =        120

Time =       0.01 sec    Generated terms =          4
             F34         Terms in output =          4
                         Bytes used      =        120

Time =       0.01 sec    Generated terms =          4
             F35         Terms in output =          4
                         Bytes used      =        120

Time =       0.01 sec    Generated terms =          4
             F36         Terms in output =          4
                         Bytes used      =        120

Time =       0.01 sec    Generated terms =          4
             F37         Terms in output =          4
                         Bytes used      =        120

Time =       0.01 sec    Generated terms =          4
             F38         Terms in output =          4
                         Bytes used      =        120

Time =       0.01 sec    Generated terms =          4
             F39         Terms in output =          4
                         Bytes used      =        120

Time =       0.01 sec    Generated terms =          4
             F40         Terms in output =          4
                         Bytes used      =        120

Time =       0.01 sec    Generated terms =          2
             F41         Terms in output =          2
                         Bytes used      =         56

Time =       0.01 sec    Generated terms =          4
             F42         Terms in output =          4
                         Bytes used      =        120

Time =       0.01 sec    Generated terms =          4
             F43         Terms in output =          4
                         Bytes used      =        120

Time =       0.01 sec    Generated terms =          4
             F44         Terms in output =          4
                         Bytes used      =        120

Time =       0.01 sec    Generated terms =          4
             F45         Terms in output =          4
                         Bytes used      =        120

Time =       0.01 sec    Generated terms =          4
             F46         Terms in output =          4
                         Bytes used      =        120

Time =       0.01 sec    Generated terms =          4
             F47         Terms in output =          4
                         Bytes used      =        120

Time =       0.01 sec    Generated terms =          4
             F48         Terms in output =          4
                         Bytes used      =        120

Time =       0.01 sec    Generated terms =          4
             F49         Terms in output =          4
                         Bytes used      =        120

Time =       0.01 sec    Generated terms =          4
             F50         Terms in output =          4
                         Bytes used      =        120

Time =       0.01 sec    Generated terms =          4
             F51         Terms in output =          4
                         Bytes used      =        120

Time =       0.01 sec    Generated terms =          4
             F52         Terms in output =          4
                         Bytes used      =        120

Time =       0.01 sec    Generated terms =          4
             F53         Terms in output =          4
                         Bytes used      =        120

Time =       0.01 sec    Generated terms =          4
             F54         Terms in output =          4
                         Bytes used      =        120

Time =       0.01 sec    Generated terms =          2
             F55         Terms in output =          2
                         Bytes used      =         56

Time =       0.01 sec    Generated terms =          4
             F56         Terms in output =          4
                         Bytes used      =        120

Time =       0.01 sec    Generated terms =          4
             F57         Terms in output =          4
                         Bytes used      =        120

Time =       0.01 sec    Generated terms =          4
             F58         Terms in output =          4
                         Bytes used      =        120

Time =       0.01 sec    Generated terms =          4
             F59         Terms in output =          4
                         Bytes used      =        120

Time =       0.01 sec    Generated terms =          4
             F60         Terms in output =          4
                         Bytes used      =        120

Time =       0.01 sec    Generated terms =          4
             F61         Terms in output =          4
                         Bytes used      =        120

Time =       0.01 sec    Generated terms =          4
             F62         Terms in output =          4
                         Bytes used      =        120

Time =       0.01 sec    Generated terms =          4
             F63         Terms in output =          4
                         Bytes used      =        120

Time =       0.01 sec    Generated terms =          4
             F64         Terms in output =          4
                         Bytes used      =        120

Time =       0.01 sec    Generated terms =          4
             F65         Terms in output =          4
                         Bytes used      =        120

Time =       0.01 sec    Generated terms =          4
             F66         Terms in output =          4
                         Bytes used      =        120

Time =       0.01 sec    Generated terms =          4
             F67         Terms in output =          4
                         Bytes used      =        120

Time =       0.01 sec    Generated terms =          4
             F68         Terms in output =          4
                         Bytes used      =        120

Time =       0.01 sec    Generated terms =          2
             F69         Terms in output =          2
                         Bytes used      =         56

Time =       0.01 sec    Generated terms =          4
             F70         Terms in output =          4
                         Bytes used      =        120

Time =       0.01 sec    Generated terms =          4
             F71         Terms in output =          4
                         Bytes used      =        120

Time =       0.01 sec    Generated terms =          4
             F72         Terms in output =          4
                         Bytes used      =        120

Time =       0.01 sec    Generated terms =          4
             F73         Terms in output =          4
                         Bytes used      =        120

Time =       0.01 sec    Generated terms =          4
             F74         Terms in output =          4
                         Bytes used      =        120

Time =       0.01 sec    Generated terms =          4
             F75         Terms in output =          4
                         Bytes used      =        120

Time =       0.01 sec    Generated terms =          4
             F76         Terms in output =          4
                         Bytes used      =        120

Time =       0.01 sec    Generated terms =          4
             F77         Terms in output =          4
                         Bytes used      =        120

Time =       0.01 sec    Generated terms =          4
             F78         Terms in output =          4
                         Bytes used      =        120

Time =       0.01 sec    Generated terms =          4
             F79         Terms in output =          4
                         Bytes used      =        120

Time =       0.01 sec    Generated terms =          4
             F80         Terms in output =          4
                         Bytes used      =        120

Time =       0.02 sec    Generated terms =          4
             F81         Terms in output =          4
                         Bytes used      =        120

Time =       0.02 sec    Generated terms =          4
             F82         Terms in output =          4
                         Bytes used      =        120

Time =       0.02 sec    Generated terms =          2
             F83         Terms in output =          2
                         Bytes used      =         56

Time =       0.02 sec    Generated terms =          4
             F84         Terms in output =          4
                         Bytes used      =        120

Time =       0.02 sec    Generated terms =          4
             F85         Terms in output =          4
                         Bytes used      =        120

Time =       0.02 sec    Generated terms =          4
             F86         Terms in output =          4
                         Bytes used      =        120

Time =       0.02 sec    Generated terms =          4
             F87         Terms in output =          4
                         Bytes used      =        120

Time =       0.02 sec    Generated terms =          4
             F88         Terms in output =          4
                         Bytes used      =        120

Time =       0.02 sec    Generated terms =          4
             F89         Terms in output =          4
                         Bytes used      =        120

Time =       0.02 sec    Generated terms =          4
             F90         Terms in output =          4
                         Bytes used      =        120

Time =       0.02 sec    Generated terms =          4
             F91         Terms in output =          4
                         Bytes used      =        120

Time =       0.02 sec    Generated terms =          4
             F92         Terms in output =          4
                         Bytes used      =        120

Time =       0.02 sec    Generated terms =          4
             F93         Terms in output =          4
                         Bytes used      =        120

Time =       0.02 sec    Generated terms =          4
             F94         Terms in output =          4
                         Bytes used      =        120

Time =       0.02 sec    Generated terms =          4
             F95         Terms in output =          4
                         Bytes used      =        120

Time =       0.02 sec    Generated terms =          4
             F96         Terms in output =          4
                         Bytes used      =        120

Time =       0.02 sec    Generated terms =          2
             F97         Terms in output =          2
                         Bytes used      =         56

Time =       0.02 sec    Generated terms =          4
             F98         Terms in output =          4
                         Bytes used      =        120

Time =       0.02 sec    Generated terms =          4
             F99         Terms in output =          4
                         Bytes used      =        120

Time =       0.02 sec    Generated terms =          4
            F100         Terms in output =          4
                         Bytes used      =        120

Time =       0.02 sec    Generated terms =          4
            F101         Terms in output =          4
                         Bytes used      =        120

Time =       0.02 sec    Generated terms =          4
            F102         Terms in output =          4
                         Bytes used      =        120

Time =       0.02 sec    Generated terms =          4
            F103         Terms in output =          4
                         Bytes used      =        120

Time =       0.02 sec    Generated terms =          4
            F104         Terms in output =          4
                         Bytes used      =        120

Time =       0.02 sec    Generated terms =          4
            F105         Terms in output =          4
                         Bytes used      =        120

Time =       0.02 sec    Generated terms =          4
            F106         Terms in output =          4
                         Bytes used      =        120

Time =       0.02 sec    Generated terms =          4
            F107         Terms in output =          4
                         Bytes used      =        120

Time =       0.02 sec    Generated terms =          4
            F108         Terms in output =          4
                         Bytes used      =        120

Time =       0.02 sec    Generated terms =          4
            F109         Terms in output =          4
                         Bytes used      =        120

Time =       0.02 sec    Generated terms =          4
            F110         Terms in output =          4
                         Bytes used      =        120

Time =       0.02 sec    Generated terms =          2
            F111         Terms in output =          2
                         Bytes used      =         56

Time =       0.02 sec    Generated terms =          4
            F112         Terms in output =          4
                         Bytes used      =        120

Time =       0.02 sec    Generated terms =          4
            F113         Terms in output =          4
                         Bytes used      =        120

Time =       0.02 sec    Generated terms =          4
            F114         Terms in output =          4
                         Bytes used      =        120

Time =       0.02 sec    Generated terms =          4
            F115         Terms in output =          4
                         Bytes used      =        120

Time =       0.02 sec    Generated terms =          4
            F116         Terms in output =          4
                         Bytes used      =        120

Time =       0.02 sec    Generated terms =          4
            F117         Terms in output =          4
                         Bytes used      =        120

Time =       0.02 sec    Generated terms =          4
            F118         Terms in output =          4
                         Bytes used      =        120

Time =       0.02 sec    Generated terms =          4
            F119         Terms in output =          4
                         Bytes used      =        120

Time =       0.02 sec    Generated terms =          4
            F120         Terms in output =          4
                         Bytes used      =        120

Time =       0.02 sec    Generated terms =          4
            F121         Terms in output =          4
                         Bytes used      =        120

Time =       0.02 sec    Generated terms =          4
            F122         Terms in output =          4
                         Bytes used      =        120

Time =       0.02 sec    Generated terms =          4
            F123         Terms in output =          4
                         Bytes used      =        120

Time =       0.02 sec    Generated terms =          4
            F124         Terms in output =          4
                         Bytes used      =        120

Time =       0.02 sec    Generated terms =          2
            F125         Terms in output =          2
                         Bytes used      =         56

Time =       0.02 sec    Generated terms =          4
            F126         Terms in output =          4
                         Bytes used      =        120

Time =       0.02 sec    Generated terms =          4
            F127         Terms in output =          4
                         Bytes used      =        120

Time =       0.02 sec    Generated terms =          4
            F128         Terms in output =          4
                         Bytes used      =        120

Time =       0.02 sec    Generated terms =          4
            F129         Terms in output =          4
                         Bytes used      =        120

Time =       0.02 sec    Generated terms =          4
            F130         Terms in output =          4
                         Bytes used      =        120

Time =       0.02 sec    Generated terms =          4
            F131         Terms in output =          4
                         Bytes used      =        120

Time =       0.02 sec    Generated terms =          4
            F132         Terms in output =          4
                         Bytes used      =        120

Time =       0.02 sec    Generated terms =          4
            F133         Terms in output =          4
                         Bytes used      =        120

Time =       0.03 sec    Generated terms =          4
            F134         Terms in output =          4
                         Bytes used      =        120

Time =       0.03 sec    Generated terms =          4
            F135         Terms in output =          4
                         Bytes used      =        120

Time =       0.03 sec    Generated terms =          4
            F136         Terms in output =          4
                         Bytes used      =        120

Time =       0.03 sec    Generated terms =          4
            F137         Terms in output =          4
                         Bytes used      =        120

Time =       0.03 sec    Generated terms =          4
            F138         Terms in output =          4
                         Bytes used      =        120

Time =       0.03 sec    Generated terms =          2
            F139         Terms in output =          2
                         Bytes used      =         56

Time =       0.03 sec    Generated terms =          4
            F140         Terms in output =          4
                         Bytes used      =        120

Time =       0.03 sec    Generated terms =          4
            F141         Terms in output =          4
                         Bytes used      =        120

Time =       0.03 sec    Generated terms =          4
            F142         Terms in output =          4
                         Bytes used      =        120

Time =       0.03 sec    Generated terms =          4
            F143         Terms in output =          4
                         Bytes used      =        120

Time =       0.03 sec    Generated terms =          4
            F144         Terms in output =          4
                         Bytes used      =        120

Time =       0.03 sec    Generated terms =          4
            F145         Terms in output =          4
                         Bytes used      =        120

Time =       0.03 sec    Generated terms =          4
            F146         Terms in output =          4
                         Bytes used      =        120

Time =       0.03 sec    Generated terms =          4
            F147         Terms in output =          4
                         Bytes used      =        120

Time =       0.03 sec    Generated terms =          4
            F148         Terms in output =          4
                         Bytes used      =        120

Time =       0.03 sec    Generated terms =          4
            F149         Terms in output =          4
                         Bytes used      =        120

Time =       0.03 sec    Generated terms =          4
            F150         Terms in output =          4
                         Bytes used      =        120

Time =       0.03 sec    Generated terms =          4
            F151         Terms in output =          4
                         Bytes used      =        120

Time =       0.03 sec    Generated terms =          4
            F152         Terms in output =          4
                         Bytes used      =        120

Time =       0.03 sec    Generated terms =          2
            F153         Terms in output =          2
                         Bytes used      =         56

Time =       0.03 sec    Generated terms =          4
            F154         Terms in output =          4
                         Bytes used      =        120

Time =       0.03 sec    Generated terms =          4
            F155         Terms in output =          4
                         Bytes used      =        120

Time =       0.03 sec    Generated terms =          4
            F156         Terms in output =          4
                         Bytes used      =        120

Time =       0.03 sec    Generated terms =          4
            F157         Terms in output =          4
                         Bytes used      =        120

Time =       0.03 sec    Generated terms =          4
            F158         Terms in output =          4
                         Bytes used      =        120

Time =       0.03 sec    Generated terms =          4
            F159         Terms in output =          4
                         Bytes used      =        120

Time =       0.03 sec    Generated terms =          4
            F160         Terms in output =          4
                         Bytes used      =        120

Time =       0.03 sec    Generated terms =          4
            F161         Terms in output =          4
                         Bytes used      =        120

Time =       0.03 sec    Generated terms =          4
            F162         Terms in output =          4
                         Bytes used      =        120

Time =       0.03 sec    Generated terms =          4
            F163         Terms in output =          4
                         Bytes used      =        120

Time =       0.03 sec    Generated terms =          4
            F164         Terms in output =          4
                         Bytes used      =        120

Time =       0.03 sec    Generated terms =          4
            F165         Terms in output =          4
                         Bytes used      =        120

Time =       0.03 sec    Generated terms =          4
            F166         Terms in output =          4
                         Bytes used      =        120

Time =       0.03 sec    Generated terms =          2
            F167         Terms in output =          2
                         Bytes used      =         56

Time =       0.03 sec    Generated terms =          4
            F168         Terms in output =          4
                         Bytes used      =        120

Time =       0.03 sec    Generated terms =          4
            F169         Terms in output =          4
                         Bytes used      =        120

Time =       0.03 sec    Generated terms =          4
            F170         Terms in output =          4
                         Bytes used      =        120

Time =       0.03 sec    Generated terms =          4
            F171         Terms in output =          4
                         Bytes used      =        120

Time =       0.03 sec    Generated terms =          4
            F172         Terms in output =          4
                         Bytes used      =        120

Time =       0.03 sec    Generated terms =          4
            F173         Terms in output =          4
                         Bytes used      =        120

Time =       0.03 sec    Generated terms =          4
            F174         Terms in output =          4
                         Bytes used      =        120

Time =       0.03 sec    Generated terms =          4
            F175         Terms in output =          4
                         Bytes used      =        120

Time =       0.03 sec    Generated terms =          4
            F176         Terms in output =          4
                         Bytes used      =        120

Time =       0.03 sec    Generated terms =          4
            F177         Terms in output =          4
                         Bytes used      =        120

Time =       0.03 sec    Generated terms =          4
            F178         Terms in output =          4
                         Bytes used      =        120

Time =       0.03 sec    Generated terms =          4
            F179         Terms in output =          4
                         Bytes used      =        120

Time =       0.03 sec    Generated terms =          4
            F180         Terms in output =          4
                         Bytes used      =        120

Time =       0.03 sec    Generated terms =          2
            F181         Terms in output =          2
                         Bytes used      =         56

Time =       0.03 sec    Generated terms =          2
            F182         Terms in output =          2
                         Bytes used      =         56

Time =       0.03 sec    Generated terms =          2
            F183         Terms in output =          2
                         Bytes used      =         56

Time =       0.03 sec    Generated terms =          2
            F184         Terms in output =          2
                         Bytes used      =         56

Time =       0.03 sec    Generated terms =          2
            F185         Terms in output =          2
                         Bytes used      =         56

Time =       0.04 sec    Generated terms =          2
            F186         Terms in output =          2
                         Bytes used      =         56

Time =       0.04 sec    Generated terms =          2
            F187         Terms in output =          2
                         Bytes used      =         56

Time =       0.04 sec    Generated terms =          2
            F188         Terms in output =          2
                         Bytes used      =         56

Time =       0.04 sec    Generated terms =          2
            F189         Terms in output =          2
                         Bytes used      =         56

Time =       0.04 sec    Generated terms =          2
            F190         Terms in output =          2
                         Bytes used      =         56

Time =       0.04 sec    Generated terms =          2
            F191         Terms in output =          2
                         Bytes used      =         56

Time =       0.04 sec    Generated terms =          2
            F192         Terms in output =          2
                         Bytes used      =         56

Time =       0.04 sec    Generated terms =          2
            F193         Terms in output =          2
                         Bytes used      =         56

Time =       0.04 sec    Generated terms =          2
            F194         Terms in output =          2
                         Bytes used      =         56

Time =       0.04 sec    Generated terms =          1
            F195         Terms in output =          1
                         Bytes used      =         20
  0.04 sec + 0.10 sec: 0.14 sec out of 0.05 sec
~~~iter 0/195

Time =       0.04 sec    Generated terms =          4
               F         Terms in output =          2
                       0 Bytes used      =        144
  0.04 sec + 0.10 sec: 0.14 sec out of 0.06 sec
~~~iter 1/195

Time =       0.04 sec    Generated terms =          6
               F         Terms in output =          3
                       1 Bytes used      =        268
  0.04 sec + 0.10 sec: 0.14 sec out of 0.06 sec
~~~iter 2/195

Time =       0.04 sec    Generated terms =         10
               F         Terms in output =          6
                       2 Bytes used      =        532
  0.04 sec + 0.10 sec: 0.14 sec out of 0.06 sec
~~~iter 3/195

Time =       0.04 sec    Generated terms =         20
               F         Terms in output =         12
                       3 Bytes used      =       1132
  0.04 sec + 0.10 sec: 0.14 sec out of 0.06 sec
~~~iter 4/195

Time =       0.04 sec    Generated terms =         40
               F         Terms in output =         24
                       4 Bytes used      =       2396
  0.04 sec + 0.10 sec: 0.14 sec out of 0.06 sec
~~~iter 5/195

Time =       0.04 sec    Generated terms =         80
               F         Terms in output =         48
                       5 Bytes used      =       5040
  0.04 sec + 0.10 sec: 0.15 sec out of 0.06 sec
~~~iter 6/195

Time =       0.04 sec    Generated terms =        160
               F         Terms in output =         96
                       6 Bytes used      =      10560
  0.04 sec + 0.11 sec: 0.15 sec out of 0.06 sec
~~~iter 7/195

Time =       0.04 sec    Generated terms =        320
               F         Terms in output =        192
                       7 Bytes used      =      22024
  0.04 sec + 0.11 sec: 0.15 sec out of 0.06 sec
~~~iter 8/195

Time =       0.04 sec    Generated terms =        640
               F         Terms in output =        384
                       8 Bytes used      =      45808
  0.04 sec + 0.12 sec: 0.17 sec out of 0.07 sec
~~~iter 9/195

Time =       0.04 sec    Generated terms =       1280
               F         Terms in output =        768
                       9 Bytes used      =      95080
  0.04 sec + 0.14 sec: 0.18 sec out of 0.07 sec
~~~iter 10/195

Time =       0.04 sec    Generated terms =       2560
               F         Terms in output =       1536
                      10 Bytes used      =     196984
  0.04 sec + 0.16 sec: 0.21 sec out of 0.07 sec
~~~iter 11/195

Time =       0.05 sec    Generated terms =       5120
               F         Terms in output =       3072
                      11 Bytes used      =     407456
  0.05 sec + 0.21 sec: 0.26 sec out of 0.08 sec
~~~iter 12/195

Time =       0.05 sec    Generated terms =      10240
               F         Terms in output =       6144
                      12 Bytes used      =     841624
  0.05 sec + 0.30 sec: 0.35 sec out of 0.08 sec
~~~iter 13/195

Time =       0.05 sec    Generated terms =      10240
               F         Terms in output =       4096
                      13 Bytes used      =     636556
  0.05 sec + 0.38 sec: 0.44 sec out of 0.09 sec
~~~iter 14/195

Time =       0.06 sec    Generated terms =      14336
               F         Terms in output =       6144
                      14 Bytes used      =    1087204
  0.06 sec + 0.50 sec: 0.56 sec out of 0.10 sec
~~~iter 15/195

Time =       0.06 sec    Generated terms =      17920
               F         Terms in output =       6144
                      15 Bytes used      =    1232704
  0.06 sec + 0.68 sec: 0.74 sec out of 0.11 sec
~~~iter 16/195

Time =       0.06 sec    Generated terms =      18176
               F         Terms in output =       6656
                      16 Bytes used      =    1504828
  0.06 sec + 0.86 sec: 0.93 sec out of 0.13 sec
~~~iter 17/195

Time =       0.07 sec    Generated terms =      19968
               F         Terms in output =       7680
                      17 Bytes used      =    1844804
  0.07 sec + 1.07 sec: 1.14 sec out of 0.14 sec
~~~iter 18/195

Time =       0.07 sec    Generated terms =      23296
               F         Terms in output =       9088
                      18 Bytes used      =    2275468
  0.07 sec + 1.31 sec: 1.39 sec out of 0.16 sec
~~~iter 19/195

Time =       0.08 sec    Generated terms =      27744
               F         Terms in output =      10880
                      19 Bytes used      =    2822852
  0.08 sec + 1.61 sec: 1.69 sec out of 0.18 sec
~~~iter 20/195

Time =       0.09 sec    Generated terms =      33360
               F         Terms in output =      13088
                      20 Bytes used      =    3511268
  0.09 sec + 1.96 sec: 2.06 sec out of 0.21 sec
~~~iter 21/195

Time =       0.10 sec    Generated terms =      40240
               F         Terms in output =      15776
                      21 Bytes used      =    4373256
  0.10 sec + 2.40 sec: 2.51 sec out of 0.24 sec
~~~iter 22/195

Time =       0.11 sec    Generated terms =      48592
               F         Terms in output =      19032
                      22 Bytes used      =    5448504
  0.11 sec + 2.94 sec: 3.05 sec out of 0.28 sec
~~~iter 23/195

Time =       0.12 sec    Generated terms =      58690
               F         Terms in output =      22968
                      23 Bytes used      =    6783600
  0.12 sec + 3.59 sec: 3.72 sec out of 0.32 sec
~~~iter 24/195

Time =       0.14 sec    Generated terms =      70883
               F         Terms in output =      27722
                      24 Bytes used      =    8424012
  0.14 sec + 4.40 sec: 4.54 sec out of 0.38 sec
~~~iter 25/195

Time =       0.16 sec    Generated terms =      80698
               F         Terms in output =      33462
                      25 Bytes used      =   10472760
  0.16 sec + 5.36 sec: 5.52 sec out of 0.46 sec
~~~iter 26/195

Time =       0.18 sec    Generated terms =     104302
               F         Terms in output =      33462
                      26 Bytes used      =   11828616
  0.18 sec + 6.60 sec: 6.78 sec out of 0.55 sec
~~~iter 27/195

Time =       0.19 sec    Generated terms =      57123
               F         Terms in output =      23661
                      27 Bytes used      =    8547416
  0.19 sec + 7.14 sec: 7.34 sec out of 0.59 sec
~~~iter 28/195

Time =       0.21 sec    Generated terms =      83052
               F         Terms in output =      33462
                      28 Bytes used      =   12919272
  0.21 sec + 8.02 sec: 8.24 sec out of 0.66 sec
~~~iter 29/195

Time =       0.24 sec    Generated terms =      98194
               F         Terms in output =      33462
                      29 Bytes used      =   13480776
  0.24 sec + 9.25 sec: 9.50 sec out of 0.75 sec
~~~iter 30/195

Time =       0.26 sec    Generated terms =      98549
               F         Terms in output =      33462
                      30 Bytes used      =   14466736
  0.26 sec + 10.51 sec: 10.78 sec out of 0.84 sec
~~~iter 31/195

Time =       0.29 sec    Generated terms =      98700
               F         Terms in output =      34158
                      31 Bytes used      =   15719748
  0.29 sec + 11.78 sec: 12.08 sec out of 0.93 sec
~~~iter 32/195

Time =       0.32 sec    Generated terms =     101384
               F         Terms in output =      35598
                      32 Bytes used      =   17177360
  0.32 sec + 13.08 sec: 13.40 sec out of 1.02 sec
~~~iter 33/195

Time =       0.35 sec    Generated terms =     106053
               F         Terms in output =      37621
                      33 Bytes used      =   18863084
  0.35 sec + 14.42 sec: 14.77 sec out of 1.12 sec
~~~iter 34/195

Time =       0.39 sec    Generated terms =     112430
               F         Terms in output =      40120
                      34 Bytes used      =   20800212
  0.39 sec + 15.88 sec: 16.28 sec out of 1.23 sec
~~~iter 35/195

Time =       0.43 sec    Generated terms =     120022
               F         Terms in output =      43000
                      35 Bytes used      =   23003120
  0.43 sec + 17.47 sec: 17.90 sec out of 1.35 sec
~~~iter 36/195

Time =       0.46 sec    Generated terms =     128648
               F         Terms in output =      46152
                      36 Bytes used      =   25459784
  0.46 sec + 19.19 sec: 19.65 sec out of 1.49 sec
~~~iter 37/195

Time =       0.50 sec    Generated terms =     137174
               F         Terms in output =      49329
                      37 Bytes used      =   28140708
  0.50 sec + 21.05 sec: 21.55 sec out of 1.63 sec
~~~iter 38/195

Time =       0.54 sec    Generated terms =     145747
               F         Terms in output =      52146
                      38 Bytes used      =   30983712
  0.54 sec + 23.04 sec: 23.58 sec out of 1.78 sec
~~~iter 39/195

Time =       0.58 sec    Generated terms =     152296
               F         Terms in output =      52146
                      39 Bytes used      =   33524792
  0.58 sec + 25.17 sec: 25.76 sec out of 1.95 sec
~~~iter 40/195

Time =       0.63 sec    Generated terms =     162090
               F         Terms in output =      52146
                      40 Bytes used      =   35856240
  0.63 sec + 27.40 sec: 28.04 sec out of 2.11 sec
~~~iter 41/195

Time =       0.67 sec    Generated terms =      89847
               F         Terms in output =      37701
                      41 Bytes used      =   26012704
  0.67 sec + 28.38 sec: 29.05 sec out of 2.20 sec
~~~iter 42/195

Time =       0.71 sec    Generated terms =     131418
               F         Terms in output =      52146
                      42 Bytes used      =   37927952
  0.71 sec + 30.03 sec: 30.75 sec out of 2.33 sec
~~~iter 43/195

Time =       0.77 sec    Generated terms =     153864
               F         Terms in output =      52146
                      43 Bytes used      =   39045092
  0.77 sec + 32.24 sec: 33.01 sec out of 2.52 sec
~~~iter 44/195

Time =       0.82 sec    Generated terms =     153484
               F         Terms in output =      52146
                      44 Bytes used      =   40827836
  0.82 sec + 34.49 sec: 35.31 sec out of 2.70 sec
~~~iter 45/195

Time =       0.88 sec    Generated terms =     153237
               F         Terms in output =      52146
                      45 Bytes used      =   42945112
  0.88 sec + 36.74 sec: 37.63 sec out of 2.89 sec
~~~iter 46/195

Time =       0.94 sec    Generated terms =     153408
               F         Terms in output =      52434
                      46 Bytes used      =   45313988
  0.94 sec + 39.01 sec: 39.96 sec out of 3.07 sec
~~~iter 47/195

Time =       1.01 sec    Generated terms =     154387
               F         Terms in output =      53070
                      47 Bytes used      =   47900172
  1.01 sec + 41.31 sec: 42.32 sec out of 3.26 sec
~~~iter 48/195

Time =       1.08 sec    Generated terms =     156347
               F         Terms in output =      53982
                      48 Bytes used      =   50690896
  1.08 sec + 43.67 sec: 44.75 sec out of 3.46 sec
~~~iter 49/195

Time =       1.15 sec    Generated terms =     158951
               F         Terms in output =      55048
                      49 Bytes used      =   53681564
  1.15 sec + 46.09 sec: 47.24 sec out of 3.67 sec
~~~iter 50/195

Time =       1.23 sec    Generated terms =     161911
               F         Terms in output =      56080
                      50 Bytes used      =   56844304
  1.23 sec + 48.59 sec: 49.82 sec out of 3.89 sec
~~~iter 51/195

Time =       1.31 sec    Generated terms =     164366
               F         Terms in output =      56854
                      51 Bytes used      =   60098956
  1.31 sec + 51.16 sec: 52.48 sec out of 4.10 sec
~~~iter 52/195

Time =       1.40 sec    Generated terms =     167437
               F         Terms in output =      56854
                      52 Bytes used      =   63268960
  1.40 sec + 53.80 sec: 55.20 sec out of 4.33 sec
~~~iter 53/195

Time =       1.49 sec    Generated terms =     166001
               F         Terms in output =      56854
                      53 Bytes used      =   66227700
  1.49 sec + 56.47 sec: 57.97 sec out of 4.57 sec
~~~iter 54/195

Time =       1.59 sec    Generated terms =     176008
               F         Terms in output =      56854
                      54 Bytes used      =   68733584
  1.59 sec + 59.23 sec: 60.83 sec out of 4.82 sec
~~~iter 55/195

Time =       1.66 sec    Generated terms =      98273
               F         Terms in output =      41419
                      55 Bytes used      =   49881412
  1.66 sec + 60.54 sec: 62.21 sec out of 4.95 sec
~~~iter 56/195

Time =       1.75 sec    Generated terms =     143518
               F         Terms in output =      56854
                      56 Bytes used      =   71000980
  1.75 sec + 62.69 sec: 64.44 sec out of 5.14 sec
~~~iter 57/195

Time =       1.85 sec    Generated terms =     167586
               F         Terms in output =      56854
                      57 Bytes used      =   72181384
  1.85 sec + 65.51 sec: 67.36 sec out of 5.40 sec
~~~iter 58/195

Time =       1.96 sec    Generated terms =     167205
               F         Terms in output =      56854
                      58 Bytes used      =   74101532
  1.96 sec + 68.29 sec: 70.26 sec out of 5.65 sec
~~~iter 59/195

Time =       2.07 sec    Generated terms =     166697
               F         Terms in output =      56854
                      59 Bytes used      =   76482236
  2.07 sec + 71.06 sec: 73.14 sec out of 5.91 sec
~~~iter 60/195

Time =       2.19 sec    Generated terms =     166678
               F         Terms in output =      56854
                      60 Bytes used      =   79223352
  2.19 sec + 73.86 sec: 76.05 sec out of 6.16 sec
~~~iter 61/195

Time =       2.31 sec    Generated terms =     166601
               F         Terms in output =      56917
                      61 Bytes used      =   82308140
  2.31 sec + 76.68 sec: 79.00 sec out of 6.43 sec
~~~iter 62/195

Time =       2.44 sec    Generated terms =     166782
               F         Terms in output =      57050
                      62 Bytes used      =   85725156
  2.44 sec + 79.52 sec: 81.96 sec out of 6.70 sec
~~~iter 63/195

Time =       2.58 sec    Generated terms =     167094
               F         Terms in output =      57210
                      63 Bytes used      =   89423888
  2.58 sec + 82.34 sec: 84.92 sec out of 6.97 sec
~~~iter 64/195

Time =       2.71 sec    Generated terms =     167615
               F         Terms in output =      57332
                      64 Bytes used      =   93322944
  2.71 sec + 85.17 sec: 87.89 sec out of 7.24 sec
~~~iter 65/195

Time =       2.85 sec    Generated terms =     167862
               F         Terms in output =      57332
                      65 Bytes used      =   97307020
  2.85 sec + 88.07 sec: 90.92 sec out of 7.53 sec
~~~iter 66/195

Time =       3.01 sec    Generated terms =     168745
               F         Terms in output =      57332
                      66 Bytes used      =  101209772
  3.01 sec + 90.98 sec: 93.99 sec out of 7.83 sec
~~~iter 67/195

Time =       3.16 sec    Generated terms =     167307
               F         Terms in output =      57332
                      67 Bytes used      =  105027364
  3.16 sec + 93.91 sec: 97.08 sec out of 8.11 sec
~~~iter 68/195

Time =       3.33 sec    Generated terms =     177318
               F         Terms in output =      57332
                      68 Bytes used      =  108253276
  3.33 sec + 96.93 sec: 100.26 sec out of 8.44 sec
~~~iter 69/195

Time =       3.45 sec    Generated terms =      99154
               F         Terms in output =      41822
                      69 Bytes used      =   78696560
  3.45 sec + 98.37 sec: 101.83 sec out of 8.60 sec
~~~iter 70/195

Time =       3.59 sec    Generated terms =     144712
               F         Terms in output =      57332
                      70 Bytes used      =  111186216
  3.59 sec + 100.63 sec: 104.22 sec out of 8.85 sec
~~~iter 71/195

Time =       3.76 sec    Generated terms =     168892
               F         Terms in output =      57332
                      71 Bytes used      =  112795620
  3.76 sec + 103.61 sec: 107.37 sec out of 9.14 sec
~~~iter 72/195

Time =       3.94 sec    Generated terms =     168513
               F         Terms in output =      57332
                      72 Bytes used      =  115273644
  3.94 sec + 106.63 sec: 110.58 sec out of 9.47 sec
~~~iter 73/195

Time =       4.12 sec    Generated terms =     168003
               F         Terms in output =      57332
                      73 Bytes used      =  118213976
  4.12 sec + 109.63 sec: 113.75 sec out of 9.78 sec
~~~iter 74/195

Time =       4.30 sec    Generated terms =     167944
               F         Terms in output =      57332
                      74 Bytes used      =  121475808
  4.30 sec + 112.74 sec: 117.05 sec out of 10.10 sec
~~~iter 75/195

Time =       4.50 sec    Generated terms =     167849
               F         Terms in output =      57332
                      75 Bytes used      =  125008860
  4.50 sec + 115.83 sec: 120.33 sec out of 10.44 sec
~~~iter 76/195

Time =       4.70 sec    Generated terms =     167845
               F         Terms in output =      57338
                      76 Bytes used      =  128750792
  4.70 sec + 118.91 sec: 123.62 sec out of 10.77 sec
~~~iter 77/195
