TFORM 5.0.1 (Jul 22 2026, v5.0.1-23-g7a8f756) 32 workers  Run: Thu Jul 23 13:11:28 2026
    #-

Time =       0.02 sec    Generated terms =       6001  (  6 K  )
            test         Terms in output =       6001  (  6 K  )
                 setup-0 Bytes used      =     144196  (144 KiB)
                         Unsorted bytes  =     936060  (936 KiB)
                         Small Buffer    =    0,    0
                         Large Buffer    =    0,    0
                         Comparisons     =      17999  ( 18 K  )
                         Largest Term    =         39  ( <1 K  )

Time =       1.03 sec    Generated terms =       6001  (  6 K  )
            test         Terms in output =       6001  (  6 K  )
                 setup-1 Bytes used      =     336092  (336 KiB)
                         Unsorted bytes  = 1152312060  (  1 GiB)
                         Small Buffer    =    0,  363
                         Large Buffer    =    0,    0
                         Comparisons     =  278626448  (279 M  )
                         Largest Term    =      48013  ( 48 K  )

Time =       2.93 sec    Generated terms =   36000001  ( 36 M  )
            test         Terms in output =       6001  (  6 K  )
               acc x 1/4 Bytes used      = 1152264072  (  1 GiB)
                         Unsorted bytes  = 3023808060  (  3 GiB)
                         Small Buffer    =    0,  932
                         Large Buffer    =    0,    0
                         Comparisons     =  440089749  (440 M  )
                         Largest Term    =      48013  ( 48 K  )

Time =       4.62 sec    Generated terms =   36000001  ( 36 M  )
            test         Terms in output =       6001  (  6 K  )
               acc y 1/4 Bytes used      = 1152264072  (  1 GiB)
                         Unsorted bytes  = 3023808060  (  3 GiB)
                         Small Buffer    =    0,  929
                         Large Buffer    =    0,    0
                         Comparisons     =  439978026  (440 M  )
                         Largest Term    =      48013  ( 48 K  )

Time =       6.21 sec    Generated terms =   36000001  ( 36 M  )
            test         Terms in output =       6001  (  6 K  )
               acc x 2/4 Bytes used      = 1152264072  (  1 GiB)
                         Unsorted bytes  = 3023808060  (  3 GiB)
                         Small Buffer    =    0,  932
                         Large Buffer    =    0,    0
                         Comparisons     =  438313806  (438 M  )
                         Largest Term    =      48013  ( 48 K  )

Time =       8.91 sec    Generated terms =   36000001  ( 36 M  )
            test         Terms in output =       6001  (  6 K  )
               acc y 2/4 Bytes used      = 1152264072  (  1 GiB)
                         Unsorted bytes  = 3023808060  (  3 GiB)
                         Small Buffer    =    0,  935
                         Large Buffer    =    0,    0
                         Comparisons     =  439449361  (439 M  )
                         Largest Term    =      48013  ( 48 K  )

Time =      10.38 sec    Generated terms =   36000001  ( 36 M  )
            test         Terms in output =       6001  (  6 K  )
               acc x 3/4 Bytes used      = 1152264072  (  1 GiB)
                         Unsorted bytes  = 3023808060  (  3 GiB)
                         Small Buffer    =    0,  935
                         Large Buffer    =    0,    0
                         Comparisons     =  439645224  (440 M  )
                         Largest Term    =      48013  ( 48 K  )

Time =      11.52 sec    Generated terms =   36000001  ( 36 M  )
            test         Terms in output =       6001  (  6 K  )
               acc y 3/4 Bytes used      = 1152264072  (  1 GiB)
                         Unsorted bytes  = 3023808060  (  3 GiB)
                         Small Buffer    =    0,  933
                         Large Buffer    =    0,    0
                         Comparisons     =  440436280  (440 M  )
                         Largest Term    =      48013  ( 48 K  )

Time =      12.64 sec    Generated terms =   36000001  ( 36 M  )
            test         Terms in output =       6001  (  6 K  )
               acc x 4/4 Bytes used      = 1152264072  (  1 GiB)
                         Unsorted bytes  = 3023808060  (  3 GiB)
                         Small Buffer    =    0,  931
                         Large Buffer    =    0,    0
                         Comparisons     =  439759759  (440 M  )
                         Largest Term    =      48013  ( 48 K  )

Time =      13.78 sec    Generated terms =   36000001  ( 36 M  )
            test         Terms in output =       6001  (  6 K  )
               acc y 4/4 Bytes used      = 1152264072  (  1 GiB)
                         Unsorted bytes  = 3023808060  (  3 GiB)
                         Small Buffer    =    0,  931
                         Large Buffer    =    0,    0
                         Comparisons     =  439308803  (439 M  )
                         Largest Term    =      48013  ( 48 K  )

Time =      14.36 sec    Generated terms =       6001  (  6 K  )
            test         Terms in output =          0  ( <1 K  )
                         Bytes used      =          4  ( <1 KiB)
                         Unsorted bytes  =     356252  (356 KiB)
                         Small Buffer    =    0,    0
                         Large Buffer    =    0,    0
                         Comparisons     =      11959  ( 12 K  )
                         Largest Term    =      48013  ( 48 K  )

Time =      14.36 sec    Generated terms =          0  ( <1 K  )
            test         Terms in output =          0  ( <1 K  )
                         Bytes used      =          4  ( <1 KiB)
                         Unsorted bytes  =          0  ( <1 KiB)
                         Small Buffer    =    0,    0
                         Large Buffer    =    0,    0
                         Comparisons     =          0  ( <1 K  )
                         Largest Term    =          0  ( <1 K  )
  14.36 sec + 253.12 sec: 267.48 sec out of 19.45 sec
