TFORM 5.0.0-beta.1 (Jun  2 2026, v5.0.0-beta.1-366-g110a553) 32 workers  Run: Wed Jul 22 13:24:14 2026
    #-

Time =       0.01 sec    Generated terms =       2501  (  3 K  )
            test         Terms in output =       2501  (  3 K  )
                 setup-0 Bytes used      =      60196  ( 60 KiB)
                         Unsorted bytes  =     390060  (390 KiB)
                         Small Buffer    =    0,    0
                         Large Buffer    =    0,    0
                         Comparisons     =       7499  (  7 K  )

Time =       0.18 sec    Generated terms =       2501  (  3 K  )
            test         Terms in output =       2501  (  3 K  )
                 setup-1 Bytes used      =     140092  (140 KiB)
                         Unsorted bytes  =  200130060  (200 MiB)
                         Small Buffer    =    0,    0
                         Large Buffer    =    0,    0
                         Comparisons     =   37299926  ( 37 M  )

Time =       0.52 sec    Generated terms =    6250001  (  6 M  )
            test         Terms in output =       2501  (  3 K  )
               acc x 1/4 Bytes used      =  200110072  (200 MiB)
                         Unsorted bytes  =  524920060  (525 MiB)
                         Small Buffer    =    0,    0
                         Large Buffer    =    0,    0
                         Comparisons     =   71283115  ( 71 M  )

Time =       0.85 sec    Generated terms =    6250001  (  6 M  )
            test         Terms in output =       2501  (  3 K  )
               acc y 1/4 Bytes used      =  200110072  (200 MiB)
                         Unsorted bytes  =  524920060  (525 MiB)
                         Small Buffer    =    0,    0
                         Large Buffer    =    0,    0
                         Comparisons     =   71242975  ( 71 M  )

Time =       1.07 sec    Generated terms =    6250001  (  6 M  )
            test         Terms in output =       2501  (  3 K  )
               acc x 2/4 Bytes used      =  200110072  (200 MiB)
                         Unsorted bytes  =  524920060  (525 MiB)
                         Small Buffer    =    0,    0
                         Large Buffer    =    0,    0
                         Comparisons     =   70442265  ( 70 M  )

Time =       1.29 sec    Generated terms =    6250001  (  6 M  )
            test         Terms in output =       2501  (  3 K  )
               acc y 2/4 Bytes used      =  200110072  (200 MiB)
                         Unsorted bytes  =  524920060  (525 MiB)
                         Small Buffer    =    0,    0
                         Large Buffer    =    0,    0
                         Comparisons     =   71056105  ( 71 M  )

Time =       1.51 sec    Generated terms =    6250001  (  6 M  )
            test         Terms in output =       2501  (  3 K  )
               acc x 3/4 Bytes used      =  200110072  (200 MiB)
                         Unsorted bytes  =  524920060  (525 MiB)
                         Small Buffer    =    0,    0
                         Large Buffer    =    0,    0
                         Comparisons     =   70986644  ( 71 M  )

Time =       1.73 sec    Generated terms =    6250001  (  6 M  )
            test         Terms in output =       2501  (  3 K  )
               acc y 3/4 Bytes used      =  200110072  (200 MiB)
                         Unsorted bytes  =  524920060  (525 MiB)
                         Small Buffer    =    0,    0
                         Large Buffer    =    0,    0
                         Comparisons     =   71169279  ( 71 M  )

Time =       1.96 sec    Generated terms =    6250001  (  6 M  )
            test         Terms in output =       2501  (  3 K  )
               acc x 4/4 Bytes used      =  200110072  (200 MiB)
                         Unsorted bytes  =  524920060  (525 MiB)
                         Small Buffer    =    0,    0
                         Large Buffer    =    0,    0
                         Comparisons     =   71435342  ( 71 M  )

Time =       2.19 sec    Generated terms =    6250001  (  6 M  )
            test         Terms in output =       2501  (  3 K  )
               acc y 4/4 Bytes used      =  200110072  (200 MiB)
                         Unsorted bytes  =  524920060  (525 MiB)
                         Small Buffer    =    0,    0
                         Large Buffer    =    0,    0
                         Comparisons     =   71249442  ( 71 M  )

Time =       2.37 sec    Generated terms =       2501  (  3 K  )
            test         Terms in output =          0  ( <1 K  )
                         Bytes used      =          4  ( <1 KiB)
                         Unsorted bytes  =     128100  (128 KiB)
                         Small Buffer    =    0,    0
                         Large Buffer    =    0,    0
                         Comparisons     =       4612  (  5 K  )

Time =       2.37 sec    Generated terms =          0  ( <1 K  )
            test         Terms in output =          0  ( <1 K  )
                         Bytes used      =          4  ( <1 KiB)
                         Unsorted bytes  =          0  ( <1 KiB)
                         Small Buffer    =    0,    0
                         Large Buffer    =    0,    0
                         Comparisons     =          0  ( <1 K  )
  2.37 sec + 51.18 sec: 53.55 sec out of 3.55 sec
