TFORM 4.1 (May 14 2026, v4.1-20131025-926-g64d92a4-dirty) 64 workers  Run: Wed May 20 08:30:05 2026
    #-
~~~
~~~reduction X started                 
~~~
  0.84 sec + 1.85 sec: 2.70 sec out of 0.98 sec
~~~
~~~reduction H started                 
~~~
  0.90 sec + 38.69 sec: 39.60 sec out of 1.84 sec
~~~
~~~reduction BMW started                 
~~~
  2.83 sec + 59.18 sec: 62.02 sec out of 4.00 sec
~~~
~~~reduction FG started                 
~~~
~~~
~~~reduce F                
~~~
  7.91 sec + 471.33 sec: 479.24 sec out of 16.83 sec
~~~
~~~reduce V                
~~~
  14.21 sec + 584.26 sec: 598.47 sec out of 26.15 sec
~~~
~~~reduce J
~~~
  24.37 sec + 717.23 sec: 741.60 sec out of 42.32 sec
~~~
~~~reduce T2                
~~~
  28.34 sec + 749.73 sec: 778.07 sec out of 46.90 sec
~~~
~~~reduce G                
~~~
  39.12 sec + 940.10 sec: 979.22 sec out of 61.92 sec
~~~
~~~drr T1                
~~~
~~~
~~~reduce T1                
~~~
  39.54 sec + 942.49 sec: 982.04 sec out of 62.36 sec
~~~
~~~Started 1d reduction        
~~~
  39.63 sec + 942.73 sec: 982.36 sec out of 62.48 sec
  39.64 sec + 1078.44 sec: 1118.09 sec out of 62.50 sec
